data/dominicks_oj_data/dominicks_oj_small.csv
date,brand,store,on_promotion,price,quantity
1990-06-20,dominicks,33,1.0,1.59,1920.0
1990-06-27,dominicks,33,0.0,2.69,1792.0
1990-07-04,dominicks,33,0.0,2.69,3328.0
1990-07-11,dominicks,33,0.0,2.69,3328.0
1990-07-18,dominicks,33,0.0,2.69,1664.0
1990-07-25,dominicks,33,0.0,2.69,1088.0
1990-08-01,dominicks,33,0.0,2.69,4032.0
1990-08-08,dominicks,33,1.0,2.09,5504.0
1990-08-15,dominicks,33,0.0,2.09,2816.0
1990-08-22,dominicks,33,0.0,2.09,1536.0
1990-08-29,dominicks,33,0.0,2.09,1664.0
1990-09-05,dominicks,33,1.0,1.89,17536.0
1990-09-12,dominicks,33,0.0,1.89,7936.0
1990-09-19,dominicks,33,0.0,1.89,3136.0
1990-09-26,dominicks,33,0.0,1.79,1792.0
1990-10-03,dominicks,33,1.0,1.79,11200.0
1990-10-10,dominicks,33,0.0,1.79,2752.0
1990-10-17,dominicks,33,0.0,2.69,1984.0
1990-10-24,dominicks,33,1.0,1.24,39616.0
1990-10-31,dominicks,33,0.0,1.59,2368.0
1990-11-07,dominicks,33,1.0,1.59,15424.0
1990-11-14,dominicks,33,0.0,1.29,21184.0
1990-11-21,dominicks,33,0.0,0.99,22592.0
1990-11-28,dominicks,33,1.0,1.59,12608.0
1990-12-05,dominicks,33,1.0,2.49,11264.0
1990-12-12,dominicks,33,0.0,2.69,7616.0
1990-12-19,dominicks,33,1.0,1.39,36992.0
1990-12-26,dominicks,33,0.228682783,2.326737768,19200.0
1991-01-02,dominicks,33,0.0,2.69,1408.0
1991-01-09,dominicks,33,0.0,2.69,2304.0
1991-01-16,dominicks,33,1.0,0.99,77888.0
1991-01-23,dominicks,33,0.0,2.69,704.0
1991-01-30,dominicks,33,0.0,2.69,6976.0
1991-02-06,dominicks,33,1.0,1.49,36800.0
1991-02-13,dominicks,33,0.0,1.49,10368.0
1991-02-20,dominicks,33,0.0,2.69,1216.0
1991-02-27,dominicks,33,0.0,2.69,2176.0
1991-03-06,dominicks,33,1.0,1.99,7232.0
1991-03-13,dominicks,33,1.0,1.09,33024.0
1991-03-20,dominicks,33,0.0,2.69,1024.0
1991-03-27,dominicks,33,0.0,2.69,2688.0
1991-04-03,dominicks,33,1.0,1.59,12352.0
1991-04-10,dominicks,33,0.0,1.59,13888.0
1991-04-17,dominicks,33,0.0,1.59,12160.0
1991-04-24,dominicks,33,1.0,0.99,71360.0
1991-05-01,dominicks,33,1.0,2.69,640.0
1991-05-08,dominicks,33,0.0,2.69,192.0
1991-05-15,dominicks,33,0.0,2.69,640.0
1991-05-22,dominicks,33,0.0,2.69,4480.0
1991-05-29,dominicks,33,1.0,1.59,19008.0
1991-06-05,dominicks,33,0.0,1.59,8128.0
1991-06-12,dominicks,33,0.0,2.39,832.0
1991-06-19,dominicks,33,1.0,1.49,9856.0
1991-06-26,dominicks,33,0.0,1.29,4608.0
1991-07-03,dominicks,33,0.0,1.99,1472.0
1991-07-10,dominicks,33,0.0,1.99,4416.0
1991-07-17,dominicks,33,1.0,1.59,23168.0
1991-07-24,dominicks,33,0.0,1.59,15552.0
1991-07-31,dominicks,33,0.0,1.99,2304.0
1991-08-07,dominicks,33,1.0,0.99,61568.0
1991-08-14,dominicks,33,0.0,0.99,15424.0
1991-08-21,dominicks,33,1.0,1.49,30144.0
1991-08-28,dominicks,33,0.0,1.49,11648.0
1991-09-04,dominicks,33,0.228682783,2.326737768,13536.0
1991-09-11,dominicks,33,0.0,1.39,15424.0
1991-09-18,dominicks,33,0.0,1.39,8384.0
1991-09-25,dominicks,33,1.0,1.59,16384.0
1991-10-02,dominicks,33,0.0,1.59,12352.0
1991-10-09,dominicks,33,0.0,1.55,15040.0
1991-10-16,dominicks,33,0.228682783,2.326737768,11232.0
1991-10-23,dominicks,33,0.0,1.56,7424.0
1991-10-30,dominicks,33,0.0,1.99,4544.0
1991-11-06,dominicks,33,0.0,1.83,4480.0
1991-11-13,dominicks,33,1.0,1.69,10240.0
1991-11-20,dominicks,33,0.0,1.76,7872.0
1991-11-27,dominicks,33,0.0,1.99,3008.0
1991-12-04,dominicks,33,1.0,1.5,18496.0
1991-12-11,dominicks,33,0.0,1.59,18048.0
1991-12-18,dominicks,33,1.0,1.59,15616.0
1991-12-25,dominicks,33,0.228682783,2.326737768,15840.0
1992-01-01,dominicks,33,1.0,1.69,16064.0
1992-01-08,dominicks,33,0.0,1.69,11456.0
1992-01-15,dominicks,33,0.0,1.76,6016.0
1992-01-22,dominicks,33,0.0,1.8,5824.0
1992-01-29,dominicks,33,0.0,1.47,18688.0
1992-02-05,dominicks,33,0.0,1.29,46336.0
1992-02-12,dominicks,33,0.0,1.41,14720.0
1992-02-19,dominicks,33,0.0,1.76,5312.0
1992-02-26,dominicks,33,0.0,1.69,12864.0
1992-03-04,dominicks,33,0.0,1.59,6272.0
1992-03-11,dominicks,33,1.0,1.39,42944.0
1992-03-18,dominicks,33,0.0,1.46,20288.0
1992-03-25,dominicks,33,0.0,1.59,28544.0
1992-04-01,dominicks,33,0.0,1.71,8320.0
1992-04-08,dominicks,33,0.0,1.99,4544.0
1992-04-15,dominicks,33,0.0,1.49,8384.0
1992-04-22,dominicks,33,1.0,1.29,49280.0
1992-04-29,dominicks,33,0.0,1.49,4288.0
1992-05-06,dominicks,33,0.0,1.99,8960.0
1992-05-13,dominicks,33,0.0,1.99,9856.0
1992-05-20,dominicks,33,0.0,2.09,5632.0
1992-05-27,dominicks,33,0.0,1.69,20992.0
1992-06-03,dominicks,33,0.0,1.69,54336.0
1992-06-10,dominicks,33,0.0,1.76,21248.0
1992-06-17,dominicks,33,0.0,2.09,7680.0
1992-06-24,dominicks,33,0.0,2.04,5440.0
1992-07-01,dominicks,33,0.0,1.99,3456.0
1992-07-08,dominicks,33,0.0,1.72,6272.0
1992-07-15,dominicks,33,0.0,1.4,6528.0
1992-07-22,dominicks,33,0.0,1.93,6080.0
1992-07-29,dominicks,33,0.0,1.69,10176.0
1992-08-05,dominicks,33,1.0,1.49,23424.0
1992-08-12,dominicks,33,1.0,1.99,5760.0
1992-08-19,dominicks,33,0.0,2.01,7232.0
1992-08-26,dominicks,33,0.0,1.34,14400.0
1992-09-02,dominicks,33,0.0,1.32,13120.0
1992-09-09,dominicks,33,0.0,2.12,3328.0
1992-09-16,dominicks,33,0.0,2.24,2496.0
1992-09-23,dominicks,33,0.0,1.97,5120.0
1992-09-30,dominicks,33,0.0,1.49,29888.0
1992-10-07,dominicks,33,0.0,1.7,6976.0
1990-06-20,dominicks,40,1.0,1.59,8576.0
1990-06-27,dominicks,40,0.0,1.85,7808.0
1990-07-04,dominicks,40,0.0,1.85,6336.0
1990-07-11,dominicks,40,0.0,1.85,12736.0
1990-07-18,dominicks,40,0.228682783,2.326737768,12397.71429
1990-07-25,dominicks,40,0.228682783,2.326737768,12059.42857
1990-08-01,dominicks,40,0.228682783,2.326737768,11721.14286
1990-08-08,dominicks,40,0.228682783,2.326737768,11382.85714
1990-08-15,dominicks,40,0.228682783,2.326737768,11044.57143
1990-08-22,dominicks,40,0.228682783,2.326737768,10706.28571
1990-08-29,dominicks,40,0.0,1.85,10368.0
1990-09-05,dominicks,40,1.0,1.85,29888.0
1990-09-12,dominicks,40,0.0,1.85,15872.0
1990-09-19,dominicks,40,0.0,1.85,13632.0
1990-09-26,dominicks,40,0.0,1.79,16256.0
1990-10-03,dominicks,40,1.0,1.79,44352.0
1990-10-10,dominicks,40,0.0,1.79,13824.0
1990-10-17,dominicks,40,0.0,1.85,10880.0
1990-10-24,dominicks,40,1.0,0.92,151872.0
1990-10-31,dominicks,40,0.0,1.59,9728.0
1990-11-07,dominicks,40,1.0,1.59,41088.0
1990-11-14,dominicks,40,0.0,1.29,73344.0
1990-11-21,dominicks,40,0.0,0.99,38464.0
1990-11-28,dominicks,40,1.0,1.59,34240.0
1990-12-05,dominicks,40,1.0,1.85,84608.0
1990-12-12,dominicks,40,0.0,1.85,16256.0
1990-12-19,dominicks,40,1.0,1.39,53632.0
1990-12-26,dominicks,40,0.0,1.85,18176.0
1991-01-02,dominicks,40,0.0,1.85,13888.0
1991-01-09,dominicks,40,0.0,1.85,17280.0
1991-01-16,dominicks,40,1.0,0.99,167168.0
1991-01-23,dominicks,40,0.0,1.85,14720.0
1991-01-30,dominicks,40,0.0,1.85,14592.0
1991-02-06,dominicks,40,1.0,1.49,69056.0
1991-02-13,dominicks,40,0.0,1.49,34048.0
1991-02-20,dominicks,40,0.0,1.85,3392.0
1991-02-27,dominicks,40,0.228682783,2.326737768,36757.33333
1991-03-06,dominicks,40,0.228682783,2.326737768,70122.66667
1991-03-13,dominicks,40,1.0,0.92,103488.0
1991-03-20,dominicks,40,0.0,1.85,2880.0
1991-03-27,dominicks,40,0.0,1.79,5760.0
1991-04-03,dominicks,40,1.0,1.59,6144.0
1991-04-10,dominicks,40,0.0,1.59,6912.0
1991-04-17,dominicks,40,0.0,1.59,5824.0
1991-04-24,dominicks,40,1.0,0.99,118912.0
1991-05-01,dominicks,40,1.0,1.79,5568.0
1991-05-08,dominicks,40,0.0,1.79,9408.0
1991-05-15,dominicks,40,0.0,1.79,2752.0
1991-05-22,dominicks,40,0.0,1.79,7104.0
1991-05-29,dominicks,40,1.0,1.59,34752.0
1991-06-05,dominicks,40,0.0,1.59,6144.0
1991-06-12,dominicks,40,0.0,1.59,11072.0
1991-06-19,dominicks,40,1.0,1.19,43520.0
1991-06-26,dominicks,40,0.0,1.29,28416.0
1991-07-03,dominicks,40,0.0,1.59,8832.0
1991-07-10,dominicks,40,0.0,1.59,12288.0
1991-07-17,dominicks,40,1.0,1.59,31936.0
1991-07-24,dominicks,40,0.0,1.59,12672.0
1991-07-31,dominicks,40,0.0,1.59,12288.0
1991-08-07,dominicks,40,1.0,0.99,49600.0
1991-08-14,dominicks,40,0.0,0.99,20864.0
1991-08-21,dominicks,40,1.0,1.49,34304.0
1991-08-28,dominicks,40,0.0,1.49,7744.0
1991-09-04,dominicks,40,0.0,1.39,18304.0
1991-09-11,dominicks,40,0.0,1.39,8960.0
1991-09-18,dominicks,40,0.0,1.39,9920.0
1991-09-25,dominicks,40,1.0,1.59,8704.0
1991-10-02,dominicks,40,0.0,1.59,8256.0
1991-10-09,dominicks,40,0.0,1.53,9280.0
1991-10-16,dominicks,40,1.0,1.49,42496.0
1991-10-23,dominicks,40,0.0,1.52,7616.0
1991-10-30,dominicks,40,0.0,1.59,7296.0
1991-11-06,dominicks,40,0.0,1.59,3328.0
1991-11-13,dominicks,40,1.0,1.59,10112.0
1991-11-20,dominicks,40,0.0,1.59,9920.0
1991-11-27,dominicks,40,0.0,1.59,9472.0
1991-12-04,dominicks,40,1.0,1.5,30336.0
1991-12-11,dominicks,40,0.0,1.59,27840.0
1991-12-18,dominicks,40,1.0,1.59,24448.0
1991-12-25,dominicks,40,0.0,1.59,8448.0
1992-01-01,dominicks,40,1.0,1.59,14464.0
1992-01-08,dominicks,40,0.0,1.59,9152.0
1992-01-15,dominicks,40,0.0,1.59,3008.0
1992-01-22,dominicks,40,0.0,1.59,6208.0
1992-01-29,dominicks,40,0.0,1.43,16000.0
1992-02-05,dominicks,40,0.0,1.29,73792.0
1992-02-12,dominicks,40,0.0,1.31,6912.0
1992-02-19,dominicks,40,0.0,1.56,4160.0
1992-02-26,dominicks,40,0.0,1.59,6336.0
1992-03-04,dominicks,40,0.0,1.51,9856.0
1992-03-11,dominicks,40,1.0,1.39,54208.0
1992-03-18,dominicks,40,0.0,1.43,13504.0
1992-03-25,dominicks,40,0.0,1.59,30144.0
1992-04-01,dominicks,40,0.0,1.59,6784.0
1992-04-08,dominicks,40,0.0,1.59,9600.0
1992-04-15,dominicks,40,0.0,1.45,3456.0
1992-04-22,dominicks,40,1.0,1.29,75200.0
1992-04-29,dominicks,40,0.0,1.34,17920.0
1992-05-06,dominicks,40,0.0,1.59,9728.0
1992-05-13,dominicks,40,0.0,1.64,13952.0
1992-05-20,dominicks,40,0.0,1.79,11072.0
1992-05-27,dominicks,40,0.0,1.69,6400.0
1992-06-03,dominicks,40,0.0,1.69,78016.0
1992-06-10,dominicks,40,0.0,1.69,33536.0
1992-06-17,dominicks,40,0.0,1.79,10944.0
1992-06-24,dominicks,40,0.0,1.79,7616.0
1992-07-01,dominicks,40,0.0,1.79,7232.0
1992-07-08,dominicks,40,0.0,1.76,5760.0
1992-07-15,dominicks,40,0.0,1.44,5888.0
1992-07-22,dominicks,40,0.0,1.76,11200.0
1992-07-29,dominicks,40,0.0,1.69,8256.0
1992-08-05,dominicks,40,1.0,1.49,37056.0
1992-08-12,dominicks,40,1.0,1.69,7872.0
1992-08-19,dominicks,40,0.0,1.71,7168.0
1992-08-26,dominicks,40,0.0,1.4,6848.0
1992-09-02,dominicks,40,0.0,1.04,15104.0
1992-09-09,dominicks,40,0.0,1.82,6400.0
1992-09-16,dominicks,40,0.0,1.92,4672.0
1992-09-23,dominicks,40,0.0,1.7,6208.0
1992-09-30,dominicks,40,0.0,1.49,35392.0
1992-10-07,dominicks,40,0.0,1.41,15552.0
1990-06-20,dominicks,44,1.0,1.59,2432.0
1990-06-27,dominicks,44,0.228682783,2.326737768,2325.333333
1990-07-04,dominicks,44,0.228682783,2.326737768,2218.666667
1990-07-11,dominicks,44,0.0,2.49,2112.0
1990-07-18,dominicks,44,0.0,2.49,896.0
1990-07-25,dominicks,44,0.0,2.49,1152.0
1990-08-01,dominicks,44,0.0,2.49,3072.0
1990-08-08,dominicks,44,1.0,2.09,4672.0
1990-08-15,dominicks,44,0.0,2.09,1920.0
1990-08-22,dominicks,44,0.0,2.09,896.0
1990-08-29,dominicks,44,0.0,2.09,1152.0
1990-09-05,dominicks,44,1.0,1.89,26432.0
1990-09-12,dominicks,44,0.0,1.89,7168.0
1990-09-19,dominicks,44,0.0,1.89,7680.0
1990-09-26,dominicks,44,0.0,1.79,6912.0
1990-10-03,dominicks,44,1.0,1.79,32704.0
1990-10-10,dominicks,44,0.0,1.79,7232.0
1990-10-17,dominicks,44,0.0,2.49,1152.0
1990-10-24,dominicks,44,1.0,1.24,65536.0
1990-10-31,dominicks,44,0.0,1.59,1024.0
1990-11-07,dominicks,44,1.0,1.59,23872.0
1990-11-14,dominicks,44,0.0,1.29,43328.0
1990-11-21,dominicks,44,0.0,0.99,59648.0
1990-11-28,dominicks,44,1.0,1.59,16320.0
1990-12-05,dominicks,44,0.228682783,2.326737768,11200.0
1990-12-12,dominicks,44,0.0,2.19,6080.0
1990-12-19,dominicks,44,1.0,1.39,32832.0
1990-12-26,dominicks,44,0.0,2.19,1856.0
1991-01-02,dominicks,44,0.0,2.19,1152.0
1991-01-09,dominicks,44,0.228682783,2.326737768,1365.333333
1991-01-16,dominicks,44,0.228682783,2.326737768,1578.666667
1991-01-23,dominicks,44,0.0,2.19,1792.0
1991-01-30,dominicks,44,0.0,2.19,6336.0
1991-02-06,dominicks,44,1.0,1.49,36288.0
1991-02-13,dominicks,44,0.0,1.49,6080.0
1991-02-20,dominicks,44,0.0,2.19,1728.0
1991-02-27,dominicks,44,0.0,2.19,2880.0
1991-03-06,dominicks,44,1.0,1.99,4544.0
1991-03-13,dominicks,44,1.0,1.09,67904.0
1991-03-20,dominicks,44,0.0,2.19,2048.0
1991-03-27,dominicks,44,0.0,2.19,2688.0
1991-04-03,dominicks,44,1.0,1.59,8896.0
1991-04-10,dominicks,44,0.0,1.59,9408.0
1991-04-17,dominicks,44,0.0,1.59,15680.0
1991-04-24,dominicks,44,1.0,0.99,83008.0
1991-05-01,dominicks,44,1.0,2.19,1536.0
1991-05-08,dominicks,44,0.0,2.19,1600.0
1991-05-15,dominicks,44,0.0,2.19,1344.0
1991-05-22,dominicks,44,0.0,2.19,3456.0
1991-05-29,dominicks,44,1.0,1.59,30976.0
1991-06-05,dominicks,44,0.0,1.59,4416.0
1991-06-12,dominicks,44,0.0,2.09,2688.0
1991-06-19,dominicks,44,1.0,1.41,13376.0
1991-06-26,dominicks,44,0.0,1.29,17856.0
1991-07-03,dominicks,44,0.0,1.89,4096.0
1991-07-10,dominicks,44,0.0,1.89,2496.0
1991-07-17,dominicks,44,1.0,1.59,14976.0
1991-07-24,dominicks,44,0.0,1.59,6464.0
1991-07-31,dominicks,44,0.0,1.89,3648.0
1991-08-07,dominicks,44,1.0,0.99,52928.0
1991-08-14,dominicks,44,0.0,0.99,24448.0
1991-08-21,dominicks,44,1.0,1.49,20800.0
1991-08-28,dominicks,44,0.0,1.49,5312.0
1991-09-04,dominicks,44,0.0,1.39,15104.0
1991-09-11,dominicks,44,0.0,1.39,13120.0
1991-09-18,dominicks,44,0.0,1.39,12288.0
1991-09-25,dominicks,44,1.0,1.59,8064.0
1991-10-02,dominicks,44,0.0,1.59,9728.0
1991-10-09,dominicks,44,0.0,1.54,9984.0
1991-10-16,dominicks,44,1.0,1.49,28608.0
1991-10-23,dominicks,44,0.0,1.52,5760.0
1991-10-30,dominicks,44,0.0,1.89,3840.0
1991-11-06,dominicks,44,0.0,1.82,2048.0
1991-11-13,dominicks,44,1.0,1.69,3392.0
1991-11-20,dominicks,44,0.0,1.73,3968.0
1991-11-27,dominicks,44,0.0,1.89,4352.0
1991-12-04,dominicks,44,1.0,1.5,19264.0
1991-12-11,dominicks,44,0.0,1.59,30784.0
1991-12-18,dominicks,44,1.0,1.59,31040.0
1991-12-25,dominicks,44,0.0,1.6,9856.0
1992-01-01,dominicks,44,1.0,1.69,20672.0
1992-01-08,dominicks,44,0.0,1.69,11392.0
1992-01-15,dominicks,44,0.0,1.71,2304.0
1992-01-22,dominicks,44,0.0,1.77,4928.0
1992-01-29,dominicks,44,0.0,1.47,15424.0
1992-02-05,dominicks,44,0.0,1.29,65280.0
1992-02-12,dominicks,44,0.0,1.32,10880.0
1992-02-19,dominicks,44,0.0,1.07,17536.0
1992-02-26,dominicks,44,0.0,0.99,7296.0
1992-03-04,dominicks,44,0.0,1.23,4480.0
1992-03-11,dominicks,44,1.0,1.39,58496.0
1992-03-18,dominicks,44,0.0,1.44,8384.0
1992-03-25,dominicks,44,0.0,1.59,34432.0
1992-04-01,dominicks,44,0.0,1.67,5696.0
1992-04-08,dominicks,44,0.0,1.89,3648.0
1992-04-15,dominicks,44,0.0,1.45,7680.0
1992-04-22,dominicks,44,1.0,1.29,70016.0
1992-04-29,dominicks,44,0.0,1.39,9536.0
1992-05-06,dominicks,44,0.0,1.89,6784.0
1992-05-13,dominicks,44,0.0,1.93,9216.0
1992-05-20,dominicks,44,0.0,1.99,5696.0
1992-05-27,dominicks,44,0.0,1.69,24384.0
1992-06-03,dominicks,44,0.0,1.69,77824.0
1992-06-10,dominicks,44,0.0,1.72,38720.0
1992-06-17,dominicks,44,0.0,1.98,13888.0
1992-06-24,dominicks,44,0.0,1.99,3520.0
1992-07-01,dominicks,44,0.0,1.99,3008.0
1992-07-08,dominicks,44,0.0,1.41,29184.0
1992-07-15,dominicks,44,0.0,1.39,15744.0
1992-07-22,dominicks,44,0.0,1.89,6656.0
1992-07-29,dominicks,44,0.0,1.69,9024.0
1992-08-05,dominicks,44,1.0,1.49,48384.0
1992-08-12,dominicks,44,1.0,1.89,4992.0
1992-08-19,dominicks,44,0.0,1.89,4928.0
1992-08-26,dominicks,44,0.0,1.36,17728.0
1992-09-02,dominicks,44,0.0,1.06,11712.0
1992-09-09,dominicks,44,0.0,2.03,2944.0
1992-09-16,dominicks,44,0.0,2.13,1536.0
1992-09-23,dominicks,44,0.0,1.77,4416.0
1992-09-30,dominicks,44,0.0,1.49,46080.0
1992-10-07,dominicks,44,0.0,1.72,5056.0
