data/dominicks_oj_data/dominicks_oj_small.csv
date,brand,store,on_promotion,price,quantity
1990-06-20,dominicks,45,1.0,1.59,3520.0
1990-06-27,dominicks,45,0.0,2.29,2176.0
1990-07-04,dominicks,45,0.0,2.29,1664.0
1990-07-11,dominicks,45,0.0,2.29,1856.0
1990-07-18,dominicks,45,0.0,2.29,2112.0
1990-07-25,dominicks,45,0.0,2.29,2688.0
1990-08-01,dominicks,45,0.0,2.29,3072.0
1990-08-08,dominicks,45,1.0,2.09,6528.0
1990-08-15,dominicks,45,0.0,2.09,2176.0
1990-08-22,dominicks,45,0.0,2.09,2816.0
1990-08-29,dominicks,45,0.0,2.09,1856.0
1990-09-05,dominicks,45,1.0,1.89,20160.0
1990-09-12,dominicks,45,0.0,1.89,10496.0
1990-09-19,dominicks,45,0.0,1.89,13632.0
1990-09-26,dominicks,45,0.0,1.79,8960.0
1990-10-03,dominicks,45,1.0,1.79,20992.0
1990-10-10,dominicks,45,0.0,1.79,9728.0
1990-10-17,dominicks,45,0.0,2.29,2496.0
1990-10-24,dominicks,45,1.0,1.14,46912.0
1990-10-31,dominicks,45,0.0,1.59,1728.0
1990-11-07,dominicks,45,1.0,1.59,16960.0
1990-11-14,dominicks,45,0.0,1.29,17984.0
1990-11-21,dominicks,45,0.0,0.99,28160.0
1990-11-28,dominicks,45,1.0,1.59,18176.0
1990-12-05,dominicks,45,1.0,2.29,33600.0
1990-12-12,dominicks,45,0.0,1.89,10560.0
1990-12-19,dominicks,45,1.0,1.39,25024.0
1990-12-26,dominicks,45,0.0,1.89,8640.0
1991-01-02,dominicks,45,0.0,1.89,3520.0
1991-01-09,dominicks,45,0.0,1.89,6976.0
1991-01-16,dominicks,45,1.0,0.99,56768.0
1991-01-23,dominicks,45,0.0,1.89,3584.0
1991-01-30,dominicks,45,0.0,1.89,8832.0
1991-02-06,dominicks,45,1.0,1.49,25088.0
1991-02-13,dominicks,45,0.0,1.49,11456.0
1991-02-20,dominicks,45,0.0,1.89,4224.0
1991-02-27,dominicks,45,0.0,1.89,6400.0
1991-03-06,dominicks,45,1.0,1.89,10624.0
1991-03-13,dominicks,45,1.0,0.94,39808.0
1991-03-20,dominicks,45,0.0,1.89,3136.0
1991-03-27,dominicks,45,0.0,1.89,3200.0
1991-04-03,dominicks,45,1.0,1.59,6400.0
1991-04-10,dominicks,45,0.0,1.59,8320.0
1991-04-17,dominicks,45,0.0,1.59,7424.0
1991-04-24,dominicks,45,1.0,0.99,59712.0
1991-05-01,dominicks,45,1.0,1.89,3584.0
1991-05-08,dominicks,45,0.0,1.89,5888.0
1991-05-15,dominicks,45,0.0,2.19,2688.0
1991-05-22,dominicks,45,0.0,2.19,5376.0
1991-05-29,dominicks,45,1.0,1.59,23040.0
1991-06-05,dominicks,45,0.0,1.59,5504.0
1991-06-12,dominicks,45,0.0,2.09,2368.0
1991-06-19,dominicks,45,1.0,1.41,9600.0
1991-06-26,dominicks,45,0.0,1.29,6784.0
1991-07-03,dominicks,45,0.0,1.89,1088.0
1991-07-10,dominicks,45,0.0,1.89,4416.0
1991-07-17,dominicks,45,1.0,1.59,13696.0
1991-07-24,dominicks,45,0.0,1.59,7744.0
1991-07-31,dominicks,45,0.0,1.89,5824.0
1991-08-07,dominicks,45,0.228682783,2.326737768,7680.0
1991-08-14,dominicks,45,0.0,0.99,9536.0
1991-08-21,dominicks,45,1.0,1.49,13696.0
1991-08-28,dominicks,45,0.0,1.49,5760.0
1991-09-04,dominicks,45,0.0,1.39,6208.0
1991-09-11,dominicks,45,0.0,1.39,5440.0
1991-09-18,dominicks,45,0.0,1.39,5376.0
1991-09-25,dominicks,45,1.0,1.58,7488.0
1991-10-02,dominicks,45,0.0,1.58,7232.0
1991-10-09,dominicks,45,0.0,1.58,6592.0
1991-10-16,dominicks,45,1.0,1.58,15808.0
1991-10-23,dominicks,45,0.0,1.58,2816.0
1991-10-30,dominicks,45,0.0,1.58,3648.0
1991-11-06,dominicks,45,0.0,1.58,3648.0
1991-11-13,dominicks,45,1.0,1.58,10176.0
1991-11-20,dominicks,45,0.0,1.58,5760.0
1991-11-27,dominicks,45,0.0,1.58,4224.0
1991-12-04,dominicks,45,1.0,1.58,17024.0
1991-12-11,dominicks,45,0.0,1.58,11776.0
1991-12-18,dominicks,45,1.0,1.58,14400.0
1991-12-25,dominicks,45,0.0,1.58,6336.0
1992-01-01,dominicks,45,1.0,1.58,10304.0
1992-01-08,dominicks,45,0.0,1.58,5696.0
1992-01-15,dominicks,45,0.0,1.58,3328.0
1992-01-22,dominicks,45,0.0,1.58,5376.0
1992-01-29,dominicks,45,0.0,1.58,8960.0
1992-02-05,dominicks,45,0.0,1.58,27008.0
1992-02-12,dominicks,45,0.0,1.58,5376.0
1992-02-19,dominicks,45,0.0,1.58,2560.0
1992-02-26,dominicks,45,0.0,1.58,8000.0
1992-03-04,dominicks,45,0.0,1.58,5696.0
1992-03-11,dominicks,45,1.0,1.58,23296.0
1992-03-18,dominicks,45,0.0,1.58,6080.0
1992-03-25,dominicks,45,0.0,1.58,18176.0
1992-04-01,dominicks,45,0.0,1.58,5440.0
1992-04-08,dominicks,45,0.0,1.58,4288.0
1992-04-15,dominicks,45,0.0,1.58,3264.0
1992-04-22,dominicks,45,1.0,1.29,30464.0
1992-04-29,dominicks,45,0.0,1.29,7488.0
1992-05-06,dominicks,45,0.0,1.89,4928.0
1992-05-13,dominicks,45,0.0,1.89,5184.0
1992-05-20,dominicks,45,0.0,1.99,3584.0
1992-05-27,dominicks,45,0.0,1.69,10560.0
1992-06-03,dominicks,45,0.0,1.69,28224.0
1992-06-10,dominicks,45,0.228682783,2.326737768,0.0
1992-06-17,dominicks,45,0.0,1.99,3712.0
1992-06-24,dominicks,45,0.0,1.99,2816.0
1992-07-01,dominicks,45,0.0,1.99,2048.0
1992-07-08,dominicks,45,0.0,1.99,2944.0
1992-07-15,dominicks,45,0.0,1.29,5888.0
1992-07-22,dominicks,45,0.0,1.99,5120.0
1992-07-29,dominicks,45,0.0,1.69,6016.0
1992-08-05,dominicks,45,1.0,1.49,21824.0
1992-08-12,dominicks,45,1.0,1.89,4416.0
1992-08-19,dominicks,45,0.0,1.99,3264.0
1992-08-26,dominicks,45,0.0,1.79,7616.0
1992-09-02,dominicks,45,0.0,1.29,9216.0
1992-09-09,dominicks,45,0.0,1.99,3392.0
1992-09-16,dominicks,45,0.0,1.85,4032.0
1992-09-23,dominicks,45,0.0,1.85,4032.0
1992-09-30,dominicks,45,0.0,1.49,23488.0
1992-10-07,dominicks,45,0.0,1.85,6400.0
1990-06-20,dominicks,47,1.0,1.59,6976.0
1990-06-27,dominicks,47,0.0,2.49,2624.0
1990-07-04,dominicks,47,0.0,2.49,3520.0
1990-07-11,dominicks,47,0.0,2.49,5184.0
1990-07-18,dominicks,47,0.0,2.49,1664.0
1990-07-25,dominicks,47,0.0,2.49,2240.0
1990-08-01,dominicks,47,0.0,2.49,4864.0
1990-08-08,dominicks,47,1.0,2.09,5568.0
1990-08-15,dominicks,47,0.0,2.09,3648.0
1990-08-22,dominicks,47,0.0,2.09,2496.0
1990-08-29,dominicks,47,0.0,2.09,3648.0
1990-09-05,dominicks,47,1.0,1.89,25920.0
1990-09-12,dominicks,47,0.0,1.89,15616.0
1990-09-19,dominicks,47,0.0,1.89,10560.0
1990-09-26,dominicks,47,0.0,1.79,10048.0
1990-10-03,dominicks,47,1.0,1.79,29376.0
1990-10-10,dominicks,47,0.0,1.79,8384.0
1990-10-17,dominicks,47,0.0,2.49,2688.0
1990-10-24,dominicks,47,1.0,1.24,65024.0
1990-10-31,dominicks,47,0.0,1.59,1664.0
1990-11-07,dominicks,47,1.0,1.59,17152.0
1990-11-14,dominicks,47,0.0,1.29,32512.0
1990-11-21,dominicks,47,0.0,0.99,24960.0
1990-11-28,dominicks,47,1.0,1.59,11904.0
1990-12-05,dominicks,47,1.0,2.49,38592.0
1990-12-12,dominicks,47,0.0,2.19,7744.0
1990-12-19,dominicks,47,1.0,1.39,31168.0
1990-12-26,dominicks,47,0.0,2.19,9088.0
1991-01-02,dominicks,47,0.0,2.19,9408.0
1991-01-09,dominicks,47,0.0,2.19,3968.0
1991-01-16,dominicks,47,1.0,0.99,87808.0
1991-01-23,dominicks,47,0.0,2.19,5056.0
1991-01-30,dominicks,47,0.0,2.19,4800.0
1991-02-06,dominicks,47,1.0,1.49,35328.0
1991-02-13,dominicks,47,0.0,1.49,13312.0
1991-02-20,dominicks,47,0.0,2.19,5696.0
1991-02-27,dominicks,47,0.0,2.19,4800.0
1991-03-06,dominicks,47,1.0,1.99,6016.0
1991-03-13,dominicks,47,1.0,1.09,52800.0
1991-03-20,dominicks,47,0.0,2.19,2048.0
1991-03-27,dominicks,47,0.0,2.19,3520.0
1991-04-03,dominicks,47,0.228682783,2.326737768,7968.0
1991-04-10,dominicks,47,0.0,1.59,12416.0
1991-04-17,dominicks,47,0.0,1.59,6848.0
1991-04-24,dominicks,47,1.0,0.99,123072.0
1991-05-01,dominicks,47,1.0,2.19,1792.0
1991-05-08,dominicks,47,0.0,2.19,1920.0
1991-05-15,dominicks,47,0.228682783,2.326737768,3248.0
1991-05-22,dominicks,47,0.228682783,2.326737768,4576.0
1991-05-29,dominicks,47,0.228682783,2.326737768,5904.0
1991-06-05,dominicks,47,0.0,1.59,7232.0
1991-06-12,dominicks,47,0.0,2.09,2624.0
1991-06-19,dominicks,47,1.0,1.41,14528.0
1991-06-26,dominicks,47,0.0,1.29,16256.0
1991-07-03,dominicks,47,0.0,1.89,4928.0
1991-07-10,dominicks,47,0.0,1.89,4800.0
1991-07-17,dominicks,47,1.0,1.59,16896.0
1991-07-24,dominicks,47,0.0,1.59,9216.0
1991-07-31,dominicks,47,0.0,1.89,11520.0
1991-08-07,dominicks,47,0.228682783,2.326737768,16384.0
1991-08-14,dominicks,47,0.0,0.99,21248.0
1991-08-21,dominicks,47,1.0,1.49,17600.0
1991-08-28,dominicks,47,0.0,1.49,7680.0
1991-09-04,dominicks,47,0.0,1.39,14784.0
1991-09-11,dominicks,47,0.0,1.39,16192.0
1991-09-18,dominicks,47,0.0,1.39,16384.0
1991-09-25,dominicks,47,1.0,1.58,11328.0
1991-10-02,dominicks,47,0.0,1.58,10112.0
1991-10-09,dominicks,47,0.0,1.58,11264.0
1991-10-16,dominicks,47,1.0,1.58,26496.0
1991-10-23,dominicks,47,0.0,1.58,6016.0
1991-10-30,dominicks,47,0.0,1.58,7424.0
1991-11-06,dominicks,47,0.0,1.58,2944.0
1991-11-13,dominicks,47,1.0,1.58,12608.0
1991-11-20,dominicks,47,0.0,1.58,7104.0
1991-11-27,dominicks,47,0.228682783,2.326737768,12608.0
1991-12-04,dominicks,47,1.0,1.58,18112.0
1991-12-11,dominicks,47,0.0,1.58,16192.0
1991-12-18,dominicks,47,1.0,1.58,15488.0
1991-12-25,dominicks,47,0.0,1.58,7616.0
1992-01-01,dominicks,47,1.0,1.58,14976.0
1992-01-08,dominicks,47,0.0,1.58,10560.0
1992-01-15,dominicks,47,0.0,1.58,7296.0
1992-01-22,dominicks,47,0.0,1.58,8256.0
1992-01-29,dominicks,47,0.0,1.58,14144.0
1992-02-05,dominicks,47,0.0,1.58,40960.0
1992-02-12,dominicks,47,0.0,1.58,10048.0
1992-02-19,dominicks,47,0.0,1.58,8640.0
1992-02-26,dominicks,47,0.0,1.58,10752.0
1992-03-04,dominicks,47,0.0,1.58,10048.0
1992-03-11,dominicks,47,1.0,1.58,41984.0
1992-03-18,dominicks,47,0.0,1.58,12032.0
1992-03-25,dominicks,47,0.0,1.58,21056.0
1992-04-01,dominicks,47,0.0,1.58,6272.0
1992-04-08,dominicks,47,0.0,1.58,4096.0
1992-04-15,dominicks,47,0.0,1.58,9152.0
1992-04-22,dominicks,47,1.0,1.29,54912.0
1992-04-29,dominicks,47,0.0,1.29,9920.0
1992-05-06,dominicks,47,0.0,1.89,8064.0
1992-05-13,dominicks,47,0.0,1.89,7872.0
1992-05-20,dominicks,47,0.0,1.99,6208.0
1992-05-27,dominicks,47,0.0,1.69,10368.0
1992-06-03,dominicks,47,0.0,1.69,44224.0
1992-06-10,dominicks,47,0.228682783,2.326737768,0.0
1992-06-17,dominicks,47,0.0,1.99,5760.0
1992-06-24,dominicks,47,0.0,1.99,3840.0
1992-07-01,dominicks,47,0.0,1.99,2624.0
1992-07-08,dominicks,47,0.0,1.99,5120.0
1992-07-15,dominicks,47,0.0,1.29,5696.0
1992-07-22,dominicks,47,0.0,1.99,6592.0
1992-07-29,dominicks,47,0.0,1.69,12224.0
1992-08-05,dominicks,47,1.0,1.49,31424.0
1992-08-12,dominicks,47,1.0,1.89,5440.0
1992-08-19,dominicks,47,0.0,1.99,5440.0
1992-08-26,dominicks,47,0.0,1.79,15296.0
1992-09-02,dominicks,47,0.0,1.29,5184.0
1992-09-09,dominicks,47,0.0,1.99,2240.0
1992-09-16,dominicks,47,0.0,1.99,3072.0
1992-09-23,dominicks,47,0.0,1.99,5504.0
1992-09-30,dominicks,47,0.0,1.49,28544.0
1992-10-07,dominicks,47,0.0,1.99,5504.0
1990-06-20,dominicks,48,1.0,1.59,8960.0
1990-06-27,dominicks,48,0.0,2.49,1664.0
1990-07-04,dominicks,48,0.0,2.49,1728.0
1990-07-11,dominicks,48,0.0,2.49,3264.0
1990-07-18,dominicks,48,0.0,2.49,2240.0
1990-07-25,dominicks,48,0.0,2.49,2304.0
1990-08-01,dominicks,48,0.0,2.49,5184.0
1990-08-08,dominicks,48,1.0,2.09,4096.0
1990-08-15,dominicks,48,0.0,2.09,3648.0
1990-08-22,dominicks,48,0.0,2.09,1856.0
1990-08-29,dominicks,48,0.0,2.09,2048.0
1990-09-05,dominicks,48,1.0,1.89,17088.0
1990-09-12,dominicks,48,0.0,1.89,10688.0
1990-09-19,dominicks,48,0.0,1.89,9792.0
1990-09-26,dominicks,48,0.0,1.79,7808.0
1990-10-03,dominicks,48,1.0,1.79,16256.0
1990-10-10,dominicks,48,0.0,1.79,7936.0
1990-10-17,dominicks,48,0.0,2.49,1536.0
1990-10-24,dominicks,48,1.0,1.24,38016.0
1990-10-31,dominicks,48,0.0,1.59,3008.0
1990-11-07,dominicks,48,1.0,1.59,6080.0
1990-11-14,dominicks,48,0.0,1.29,10944.0
1990-11-21,dominicks,48,0.0,0.99,27264.0
1990-11-28,dominicks,48,1.0,1.59,14848.0
1990-12-05,dominicks,48,1.0,2.49,25664.0
1990-12-12,dominicks,48,0.0,2.19,5056.0
1990-12-19,dominicks,48,1.0,1.39,19648.0
1990-12-26,dominicks,48,0.0,2.19,2176.0
1991-01-02,dominicks,48,0.0,2.19,2880.0
1991-01-09,dominicks,48,0.0,2.19,3136.0
1991-01-16,dominicks,48,1.0,0.99,68736.0
1991-01-23,dominicks,48,0.0,2.19,5440.0
1991-01-30,dominicks,48,0.0,2.19,4992.0
1991-02-06,dominicks,48,1.0,1.49,23232.0
1991-02-13,dominicks,48,0.0,1.49,8192.0
1991-02-20,dominicks,48,0.0,2.19,3328.0
1991-02-27,dominicks,48,0.0,2.19,3328.0
1991-03-06,dominicks,48,1.0,1.99,3520.0
1991-03-13,dominicks,48,1.0,1.09,29568.0
1991-03-20,dominicks,48,0.0,2.19,1536.0
1991-03-27,dominicks,48,0.0,2.19,3008.0
1991-04-03,dominicks,48,1.0,1.59,8768.0
1991-04-10,dominicks,48,0.0,1.59,8832.0
1991-04-17,dominicks,48,0.0,1.59,5824.0
1991-04-24,dominicks,48,1.0,0.99,54464.0
1991-05-01,dominicks,48,1.0,2.19,1216.0
1991-05-08,dominicks,48,0.0,2.19,2432.0
1991-05-15,dominicks,48,0.0,2.19,1792.0
1991-05-22,dominicks,48,0.0,2.19,4608.0
1991-05-29,dominicks,48,1.0,1.59,19008.0
1991-06-05,dominicks,48,0.0,1.59,7808.0
1991-06-12,dominicks,48,0.0,2.09,2688.0
1991-06-19,dominicks,48,1.0,1.41,6016.0
1991-06-26,dominicks,48,0.0,1.29,6336.0
1991-07-03,dominicks,48,0.0,1.89,2368.0
1991-07-10,dominicks,48,0.0,1.89,4224.0
1991-07-17,dominicks,48,1.0,1.59,10112.0
1991-07-24,dominicks,48,0.0,1.59,5952.0
1991-07-31,dominicks,48,0.0,1.89,4992.0
1991-08-07,dominicks,48,1.0,0.99,22720.0
1991-08-14,dominicks,48,0.0,0.99,4736.0
1991-08-21,dominicks,48,1.0,1.49,14400.0
1991-08-28,dominicks,48,0.0,1.49,5376.0
1991-09-04,dominicks,48,0.0,1.39,3136.0
1991-09-11,dominicks,48,0.0,1.39,3712.0
1991-09-18,dominicks,48,0.0,1.39,2880.0
1991-09-25,dominicks,48,1.0,1.58,3712.0
1991-10-02,dominicks,48,0.0,1.58,3008.0
1991-10-09,dominicks,48,0.0,1.58,2624.0
1991-10-16,dominicks,48,1.0,1.58,12416.0
1991-10-23,dominicks,48,0.0,1.58,3072.0
1991-10-30,dominicks,48,0.0,1.58,3776.0
1991-11-06,dominicks,48,0.0,1.58,3584.0
1991-11-13,dominicks,48,1.0,1.58,5888.0
1991-11-20,dominicks,48,0.0,1.58,2112.0
1991-11-27,dominicks,48,0.228682783,2.326737768,3552.0
1991-12-04,dominicks,48,0.228682783,2.326737768,4992.0
1991-12-11,dominicks,48,0.228682783,2.326737768,6432.0
1991-12-18,dominicks,48,1.0,1.58,7872.0
1991-12-25,dominicks,48,0.0,1.58,3072.0
1992-01-01,dominicks,48,1.0,1.58,6912.0
1992-01-08,dominicks,48,0.0,1.58,4160.0
1992-01-15,dominicks,48,0.0,1.58,2368.0
1992-01-22,dominicks,48,0.0,1.58,3328.0
1992-01-29,dominicks,48,0.0,1.58,4736.0
1992-02-05,dominicks,48,0.0,1.58,31616.0
1992-02-12,dominicks,48,0.0,1.58,12352.0
1992-02-19,dominicks,48,0.0,1.58,4928.0
1992-02-26,dominicks,48,0.0,1.58,7168.0
1992-03-04,dominicks,48,0.0,1.58,4544.0
1992-03-11,dominicks,48,1.0,1.58,15488.0
1992-03-18,dominicks,48,0.0,1.58,8256.0
1992-03-25,dominicks,48,0.0,1.58,17792.0
1992-04-01,dominicks,48,0.0,1.58,4928.0
1992-04-08,dominicks,48,0.0,1.58,2624.0
1992-04-15,dominicks,48,0.0,1.58,3456.0
1992-04-22,dominicks,48,1.0,1.29,30144.0
1992-04-29,dominicks,48,0.0,1.29,8320.0
1992-05-06,dominicks,48,0.0,1.89,3904.0
1992-05-13,dominicks,48,0.0,1.89,3776.0
1992-05-20,dominicks,48,0.0,1.99,4032.0
1992-05-27,dominicks,48,0.0,1.69,6592.0
1992-06-03,dominicks,48,0.0,1.69,21120.0
1992-06-10,dominicks,48,0.0,1.69,10944.0
1992-06-17,dominicks,48,0.0,1.99,4160.0
1992-06-24,dominicks,48,0.0,1.99,3776.0
1992-07-01,dominicks,48,0.0,1.99,1792.0
1992-07-08,dominicks,48,0.0,1.99,3072.0
1992-07-15,dominicks,48,0.0,1.29,4864.0
1992-07-22,dominicks,48,0.0,1.99,4096.0
1992-07-29,dominicks,48,0.0,1.69,6656.0
1992-08-05,dominicks,48,1.0,1.49,20224.0
1992-08-12,dominicks,48,1.0,1.89,3392.0
1992-08-19,dominicks,48,0.0,1.99,1408.0
1992-08-26,dominicks,48,0.0,1.79,11392.0
1992-09-02,dominicks,48,0.0,1.29,1280.0
1992-09-09,dominicks,48,0.0,1.99,1728.0
1992-09-16,dominicks,48,0.0,2.13,1472.0
1992-09-23,dominicks,48,0.0,2.13,3072.0
1992-09-30,dominicks,48,0.0,1.49,17408.0
1992-10-07,dominicks,48,0.0,2.13,3136.0
