data/dominicks_oj_data/dominicks_oj_small.csv
date,brand,store,on_promotion,price,quantity
1990-06-20,dominicks,64,1.0,1.59,8960.0
1990-06-27,dominicks,64,0.0,2.29,4352.0
1990-07-04,dominicks,64,0.0,2.29,2624.0
1990-07-11,dominicks,64,0.0,2.29,3520.0
1990-07-18,dominicks,64,0.0,2.29,2368.0
1990-07-25,dominicks,64,0.0,2.49,3456.0
1990-08-01,dominicks,64,0.0,2.49,5120.0
1990-08-08,dominicks,64,1.0,2.09,8000.0
1990-08-15,dominicks,64,0.0,2.09,3264.0
1990-08-22,dominicks,64,0.0,2.09,3840.0
1990-08-29,dominicks,64,0.0,2.09,3136.0
1990-09-05,dominicks,64,1.0,1.89,18112.0
1990-09-12,dominicks,64,0.0,1.89,4736.0
1990-09-19,dominicks,64,0.0,1.89,6656.0
1990-09-26,dominicks,64,0.0,1.79,5952.0
1990-10-03,dominicks,64,1.0,1.79,12800.0
1990-10-10,dominicks,64,0.0,1.79,8832.0
1990-10-17,dominicks,64,0.0,2.49,1280.0
1990-10-24,dominicks,64,1.0,1.24,48000.0
1990-10-31,dominicks,64,0.0,1.59,2048.0
1990-11-07,dominicks,64,1.0,1.59,11392.0
1990-11-14,dominicks,64,0.228682783,2.326737768,29856.0
1990-11-21,dominicks,64,0.0,0.99,48320.0
1990-11-28,dominicks,64,1.0,1.59,7616.0
1990-12-05,dominicks,64,1.0,2.49,25664.0
1990-12-12,dominicks,64,0.0,2.19,8128.0
1990-12-19,dominicks,64,1.0,1.39,34112.0
1990-12-26,dominicks,64,0.0,2.19,2816.0
1991-01-02,dominicks,64,0.0,2.19,2496.0
1991-01-09,dominicks,64,0.0,2.19,6912.0
1991-01-16,dominicks,64,1.0,0.99,92416.0
1991-01-23,dominicks,64,0.0,2.19,2752.0
1991-01-30,dominicks,64,0.0,2.19,7168.0
1991-02-06,dominicks,64,1.0,1.49,31168.0
1991-02-13,dominicks,64,0.0,1.49,13696.0
1991-02-20,dominicks,64,0.0,2.19,3072.0
1991-02-27,dominicks,64,0.0,2.19,3392.0
1991-03-06,dominicks,64,1.0,1.99,5760.0
1991-03-13,dominicks,64,1.0,1.09,59904.0
1991-03-20,dominicks,64,0.228682783,2.326737768,45866.66667
1991-03-27,dominicks,64,0.228682783,2.326737768,31829.33333
1991-04-03,dominicks,64,1.0,1.59,17792.0
1991-04-10,dominicks,64,0.0,1.59,12864.0
1991-04-17,dominicks,64,0.0,1.59,19968.0
1991-04-24,dominicks,64,1.0,0.99,89024.0
1991-05-01,dominicks,64,1.0,2.19,384.0
1991-05-08,dominicks,64,0.0,2.19,1344.0
1991-05-15,dominicks,64,0.0,2.19,1472.0
1991-05-22,dominicks,64,0.0,2.19,9664.0
1991-05-29,dominicks,64,1.0,1.59,18944.0
1991-06-05,dominicks,64,0.0,1.59,4352.0
1991-06-12,dominicks,64,0.228682783,2.326737768,6176.0
1991-06-19,dominicks,64,1.0,1.41,8000.0
1991-06-26,dominicks,64,0.0,1.29,10816.0
1991-07-03,dominicks,64,0.0,1.89,2560.0
1991-07-10,dominicks,64,0.0,1.89,4544.0
1991-07-17,dominicks,64,0.228682783,2.326737768,6016.0
1991-07-24,dominicks,64,0.0,1.59,7488.0
1991-07-31,dominicks,64,0.228682783,2.326737768,9109.333333
1991-08-07,dominicks,64,0.228682783,2.326737768,10730.66667
1991-08-14,dominicks,64,0.0,0.99,12352.0
1991-08-21,dominicks,64,0.228682783,2.326737768,7616.0
1991-08-28,dominicks,64,0.0,1.49,2880.0
1991-09-04,dominicks,64,0.0,1.39,10816.0
1991-09-11,dominicks,64,0.0,1.39,10176.0
1991-09-18,dominicks,64,0.0,1.39,10048.0
1991-09-25,dominicks,64,1.0,1.59,10624.0
1991-10-02,dominicks,64,0.0,1.59,7680.0
1991-10-09,dominicks,64,0.0,1.57,6144.0
1991-10-16,dominicks,64,1.0,1.49,16512.0
1991-10-23,dominicks,64,0.0,1.51,9088.0
1991-10-30,dominicks,64,0.0,1.89,4288.0
1991-11-06,dominicks,64,0.0,1.81,2176.0
1991-11-13,dominicks,64,1.0,1.69,13952.0
1991-11-20,dominicks,64,0.0,1.72,7424.0
1991-11-27,dominicks,64,0.0,1.89,4352.0
1991-12-04,dominicks,64,1.0,1.5,18048.0
1991-12-11,dominicks,64,0.0,1.59,19968.0
1991-12-18,dominicks,64,1.0,1.59,14336.0
1991-12-25,dominicks,64,0.0,1.61,6720.0
1992-01-01,dominicks,64,1.0,1.69,14144.0
1992-01-08,dominicks,64,0.0,1.32,21120.0
1992-01-15,dominicks,64,0.0,1.74,4288.0
1992-01-22,dominicks,64,0.0,1.77,5056.0
1992-01-29,dominicks,64,0.0,1.47,6656.0
1992-02-05,dominicks,64,0.0,1.29,28288.0
1992-02-12,dominicks,64,0.0,1.36,8448.0
1992-02-19,dominicks,64,0.0,1.41,5760.0
1992-02-26,dominicks,64,0.0,0.99,8960.0
1992-03-04,dominicks,64,0.0,1.11,5632.0
1992-03-11,dominicks,64,1.0,1.39,26496.0
1992-03-18,dominicks,64,0.0,1.44,7040.0
1992-03-25,dominicks,64,0.0,1.59,12032.0
1992-04-01,dominicks,64,0.0,1.62,3392.0
1992-04-08,dominicks,64,0.0,1.89,3776.0
1992-04-15,dominicks,64,0.0,1.54,4032.0
1992-04-22,dominicks,64,1.0,1.29,46208.0
1992-04-29,dominicks,64,0.0,1.36,12288.0
1992-05-06,dominicks,64,0.0,1.89,6336.0
1992-05-13,dominicks,64,0.0,1.9,5824.0
1992-05-20,dominicks,64,0.0,1.99,3584.0
1992-05-27,dominicks,64,0.0,1.69,6720.0
1992-06-03,dominicks,64,0.0,1.69,40896.0
1992-06-10,dominicks,64,0.0,1.74,22080.0
1992-06-17,dominicks,64,0.0,1.99,11840.0
1992-06-24,dominicks,64,0.0,1.99,8192.0
1992-07-01,dominicks,64,0.0,1.99,6720.0
1992-07-08,dominicks,64,0.0,1.81,7424.0
1992-07-15,dominicks,64,0.0,1.26,7808.0
1992-07-22,dominicks,64,0.0,1.93,4864.0
1992-07-29,dominicks,64,0.0,1.69,7360.0
1992-08-05,dominicks,64,1.0,1.49,20160.0
1992-08-12,dominicks,64,0.228682783,2.326737768,0.0
1992-08-19,dominicks,64,0.228682783,2.326737768,0.0
1992-08-26,dominicks,64,0.228682783,2.326737768,0.0
1992-09-02,dominicks,64,0.228682783,2.326737768,0.0
1992-09-09,dominicks,64,0.228682783,2.326737768,0.0
1992-09-16,dominicks,64,0.228682783,2.326737768,0.0
1992-09-23,dominicks,64,0.0,1.71,4480.0
1992-09-30,dominicks,64,0.0,1.49,24640.0
1992-10-07,dominicks,64,0.0,1.9,4224.0
1990-06-20,dominicks,67,1.0,1.59,4608.0
1990-06-27,dominicks,67,0.0,2.29,768.0
1990-07-04,dominicks,67,0.0,2.29,704.0
1990-07-11,dominicks,67,0.0,2.29,1664.0
1990-07-18,dominicks,67,0.0,2.29,512.0
1990-07-25,dominicks,67,0.0,2.29,1856.0
1990-08-01,dominicks,67,0.0,2.29,1792.0
1990-08-08,dominicks,67,1.0,2.09,3584.0
1990-08-15,dominicks,67,0.0,2.09,1216.0
1990-08-22,dominicks,67,0.0,2.09,640.0
1990-08-29,dominicks,67,0.228682783,2.326737768,10848.0
1990-09-05,dominicks,67,1.0,1.89,21056.0
1990-09-12,dominicks,67,0.0,1.89,5696.0
1990-09-19,dominicks,67,0.0,1.89,4736.0
1990-09-26,dominicks,67,0.0,1.79,7104.0
1990-10-03,dominicks,67,1.0,1.79,28864.0
1990-10-10,dominicks,67,0.0,1.79,2560.0
1990-10-17,dominicks,67,0.0,2.29,832.0
1990-10-24,dominicks,67,1.0,1.14,99392.0
1990-10-31,dominicks,67,0.0,1.59,1024.0
1990-11-07,dominicks,67,1.0,1.59,5440.0
1990-11-14,dominicks,67,0.0,1.29,7936.0
1990-11-21,dominicks,67,0.0,0.99,25600.0
1990-11-28,dominicks,67,1.0,1.59,9600.0
1990-12-05,dominicks,67,1.0,2.29,30528.0
1990-12-12,dominicks,67,0.0,1.89,13056.0
1990-12-19,dominicks,67,1.0,1.39,48064.0
1990-12-26,dominicks,67,0.0,1.89,2496.0
1991-01-02,dominicks,67,0.0,1.89,1600.0
1991-01-09,dominicks,67,0.0,1.89,1856.0
1991-01-16,dominicks,67,1.0,0.99,125760.0
1991-01-23,dominicks,67,0.0,1.89,3392.0
1991-01-30,dominicks,67,0.0,1.89,12480.0
1991-02-06,dominicks,67,1.0,1.49,48640.0
1991-02-13,dominicks,67,0.0,1.49,8960.0
1991-02-20,dominicks,67,0.0,1.89,1728.0
1991-02-27,dominicks,67,0.0,1.89,2048.0
1991-03-06,dominicks,67,1.0,1.89,2880.0
1991-03-13,dominicks,67,1.0,0.94,103040.0
1991-03-20,dominicks,67,0.0,1.89,896.0
1991-03-27,dominicks,67,0.0,1.89,2560.0
1991-04-03,dominicks,67,1.0,1.59,2496.0
1991-04-10,dominicks,67,0.0,1.59,8064.0
1991-04-17,dominicks,67,0.0,1.59,3520.0
1991-04-24,dominicks,67,1.0,0.99,138560.0
1991-05-01,dominicks,67,1.0,1.89,1920.0
1991-05-08,dominicks,67,0.0,1.89,1856.0
1991-05-15,dominicks,67,0.0,1.89,1472.0
1991-05-22,dominicks,67,0.0,1.89,3648.0
1991-05-29,dominicks,67,1.0,1.59,30848.0
1991-06-05,dominicks,67,0.0,1.59,2624.0
1991-06-12,dominicks,67,0.0,1.69,3712.0
1991-06-19,dominicks,67,1.0,1.26,20096.0
1991-06-26,dominicks,67,0.228682783,2.326737768,11040.0
1991-07-03,dominicks,67,0.0,1.69,1984.0
1991-07-10,dominicks,67,0.228682783,2.326737768,2581.333333
1991-07-17,dominicks,67,0.228682783,2.326737768,3178.666667
1991-07-24,dominicks,67,0.0,1.59,3776.0
1991-07-31,dominicks,67,0.0,1.69,9472.0
1991-08-07,dominicks,67,1.0,0.99,81088.0
1991-08-14,dominicks,67,0.0,0.99,10496.0
1991-08-21,dominicks,67,1.0,1.49,22208.0
1991-08-28,dominicks,67,0.0,1.49,1664.0
1991-09-04,dominicks,67,0.0,1.39,44352.0
1991-09-11,dominicks,67,0.0,1.39,7168.0
1991-09-18,dominicks,67,0.0,1.39,3648.0
1991-09-25,dominicks,67,1.0,1.58,6592.0
1991-10-02,dominicks,67,0.0,1.58,6400.0
1991-10-09,dominicks,67,0.0,1.58,15680.0
1991-10-16,dominicks,67,1.0,1.58,25088.0
1991-10-23,dominicks,67,0.0,1.58,2432.0
1991-10-30,dominicks,67,0.0,1.58,4800.0
1991-11-06,dominicks,67,0.0,1.58,1408.0
1991-11-13,dominicks,67,1.0,1.58,5696.0
1991-11-20,dominicks,67,0.0,1.58,4672.0
1991-11-27,dominicks,67,0.0,1.58,5312.0
1991-12-04,dominicks,67,1.0,1.58,7168.0
1991-12-11,dominicks,67,0.0,1.58,95936.0
1991-12-18,dominicks,67,1.0,1.58,32000.0
1991-12-25,dominicks,67,0.0,1.58,1536.0
1992-01-01,dominicks,67,1.0,1.58,21696.0
1992-01-08,dominicks,67,0.0,1.58,7744.0
1992-01-15,dominicks,67,0.0,1.58,1152.0
1992-01-22,dominicks,67,0.0,1.58,1984.0
1992-01-29,dominicks,67,0.0,1.58,8128.0
1992-02-05,dominicks,67,0.0,1.58,63232.0
1992-02-12,dominicks,67,0.0,1.58,21632.0
1992-02-19,dominicks,67,0.0,1.58,1472.0
1992-02-26,dominicks,67,0.0,1.58,6336.0
1992-03-04,dominicks,67,0.0,1.58,6976.0
1992-03-11,dominicks,67,1.0,1.58,60032.0
1992-03-18,dominicks,67,0.0,1.58,8448.0
1992-03-25,dominicks,67,0.0,1.58,36032.0
1992-04-01,dominicks,67,0.0,1.58,4928.0
1992-04-08,dominicks,67,0.0,1.58,2048.0
1992-04-15,dominicks,67,0.0,1.58,10304.0
1992-04-22,dominicks,67,1.0,1.29,73600.0
1992-04-29,dominicks,67,0.0,1.29,3584.0
1992-05-06,dominicks,67,0.0,1.69,7040.0
1992-05-13,dominicks,67,0.0,1.69,23744.0
1992-05-20,dominicks,67,0.0,1.79,23040.0
1992-05-27,dominicks,67,0.0,1.69,21952.0
1992-06-03,dominicks,67,0.0,1.69,70848.0
1992-06-10,dominicks,67,0.0,1.69,34560.0
1992-06-17,dominicks,67,0.0,1.79,19776.0
1992-06-24,dominicks,67,0.228682783,2.326737768,0.0
1992-07-01,dominicks,67,0.0,1.79,4352.0
1992-07-08,dominicks,67,0.0,1.79,4544.0
1992-07-15,dominicks,67,0.0,1.29,11712.0
1992-07-22,dominicks,67,0.0,1.79,7744.0
1992-07-29,dominicks,67,0.0,1.69,5632.0
1992-08-05,dominicks,67,1.0,1.49,39936.0
1992-08-12,dominicks,67,1.0,1.69,6272.0
1992-08-19,dominicks,67,0.0,1.79,6208.0
1992-08-26,dominicks,67,0.0,1.59,15680.0
1992-09-02,dominicks,67,0.0,1.29,5312.0
1992-09-09,dominicks,67,0.0,1.79,2752.0
1992-09-16,dominicks,67,0.0,1.92,3264.0
1992-09-23,dominicks,67,0.0,1.92,4736.0
1992-09-30,dominicks,67,0.0,1.49,47616.0
1992-10-07,dominicks,67,0.0,1.92,4736.0
1990-06-20,dominicks,68,1.0,1.59,7168.0
1990-06-27,dominicks,68,0.0,2.69,2560.0
1990-07-04,dominicks,68,0.0,2.69,2368.0
1990-07-11,dominicks,68,0.0,2.69,2752.0
1990-07-18,dominicks,68,0.0,2.69,1280.0
1990-07-25,dominicks,68,0.0,2.69,1920.0
1990-08-01,dominicks,68,0.0,2.69,6144.0
1990-08-08,dominicks,68,1.0,2.09,6656.0
1990-08-15,dominicks,68,0.0,2.09,4608.0
1990-08-22,dominicks,68,0.0,2.09,1984.0
1990-08-29,dominicks,68,0.0,2.09,2752.0
1990-09-05,dominicks,68,1.0,1.89,37312.0
1990-09-12,dominicks,68,0.0,1.89,12864.0
1990-09-19,dominicks,68,0.228682783,2.326737768,13760.0
1990-09-26,dominicks,68,0.0,1.79,14656.0
1990-10-03,dominicks,68,0.228682783,2.326737768,13184.0
1990-10-10,dominicks,68,0.0,1.79,11712.0
1990-10-17,dominicks,68,0.0,2.69,960.0
1990-10-24,dominicks,68,1.0,1.24,62784.0
1990-10-31,dominicks,68,0.0,1.59,896.0
1990-11-07,dominicks,68,1.0,1.59,16768.0
1990-11-14,dominicks,68,0.0,1.29,23616.0
1990-11-21,dominicks,68,0.0,0.99,16320.0
1990-11-28,dominicks,68,1.0,1.59,19008.0
1990-12-05,dominicks,68,1.0,2.49,31552.0
1990-12-12,dominicks,68,0.0,2.69,6848.0
1990-12-19,dominicks,68,1.0,1.39,44032.0
1990-12-26,dominicks,68,0.0,2.69,1728.0
1991-01-02,dominicks,68,0.0,2.69,1280.0
1991-01-09,dominicks,68,0.0,2.69,1856.0
1991-01-16,dominicks,68,1.0,0.99,118976.0
1991-01-23,dominicks,68,0.0,2.69,3200.0
1991-01-30,dominicks,68,0.0,2.69,7232.0
1991-02-06,dominicks,68,1.0,1.49,42048.0
1991-02-13,dominicks,68,0.0,1.49,10752.0
1991-02-20,dominicks,68,0.0,2.69,1728.0
1991-02-27,dominicks,68,0.0,2.69,4096.0
1991-03-06,dominicks,68,1.0,1.99,11456.0
1991-03-13,dominicks,68,1.0,1.09,78528.0
1991-03-20,dominicks,68,0.0,2.69,832.0
1991-03-27,dominicks,68,0.0,2.69,6016.0
1991-04-03,dominicks,68,1.0,1.59,16384.0
1991-04-10,dominicks,68,0.0,1.59,17344.0
1991-04-17,dominicks,68,0.0,1.59,10816.0
1991-04-24,dominicks,68,1.0,0.99,126208.0
1991-05-01,dominicks,68,1.0,2.69,1344.0
1991-05-08,dominicks,68,0.0,2.69,1536.0
1991-05-15,dominicks,68,0.0,2.69,2176.0
1991-05-22,dominicks,68,0.0,2.69,20672.0
1991-05-29,dominicks,68,1.0,1.59,37056.0
1991-06-05,dominicks,68,0.228682783,2.326737768,19200.0
1991-06-12,dominicks,68,0.0,2.69,1344.0
1991-06-19,dominicks,68,1.0,1.49,13696.0
1991-06-26,dominicks,68,0.0,1.29,16320.0
1991-07-03,dominicks,68,0.0,1.99,4288.0
1991-07-10,dominicks,68,0.0,1.99,7808.0
1991-07-17,dominicks,68,1.0,1.59,23424.0
1991-07-24,dominicks,68,0.0,1.59,10816.0
1991-07-31,dominicks,68,0.0,1.99,10624.0
1991-08-07,dominicks,68,1.0,0.99,52672.0
1991-08-14,dominicks,68,0.0,0.99,11008.0
1991-08-21,dominicks,68,1.0,1.49,37696.0
1991-08-28,dominicks,68,0.0,1.49,9920.0
1991-09-04,dominicks,68,0.0,1.39,17920.0
1991-09-11,dominicks,68,0.0,1.39,7936.0
1991-09-18,dominicks,68,0.0,1.39,5440.0
1991-09-25,dominicks,68,0.228682783,2.326737768,9248.0
1991-10-02,dominicks,68,0.0,1.58,13056.0
1991-10-09,dominicks,68,0.0,1.58,10624.0
1991-10-16,dominicks,68,1.0,1.58,27328.0
1991-10-23,dominicks,68,0.0,1.58,9856.0
1991-10-30,dominicks,68,0.0,1.58,4160.0
1991-11-06,dominicks,68,0.0,1.58,4032.0
1991-11-13,dominicks,68,1.0,1.58,13120.0
1991-11-20,dominicks,68,0.0,1.58,9344.0
1991-11-27,dominicks,68,0.0,1.58,3072.0
1991-12-04,dominicks,68,1.0,1.58,25600.0
1991-12-11,dominicks,68,0.0,1.58,20032.0
1991-12-18,dominicks,68,1.0,1.58,9024.0
1991-12-25,dominicks,68,0.0,1.58,2240.0
1992-01-01,dominicks,68,1.0,1.58,16000.0
1992-01-08,dominicks,68,0.228682783,2.326737768,0.0
1992-01-15,dominicks,68,0.228682783,2.326737768,0.0
1992-01-22,dominicks,68,0.0,1.58,5760.0
1992-01-29,dominicks,68,0.0,1.58,13888.0
1992-02-05,dominicks,68,0.0,1.58,63808.0
1992-02-12,dominicks,68,0.0,1.58,9152.0
1992-02-19,dominicks,68,0.0,1.58,4736.0
1992-02-26,dominicks,68,0.0,1.58,15552.0
1992-03-04,dominicks,68,0.0,1.58,9856.0
1992-03-11,dominicks,68,1.0,1.58,42752.0
1992-03-18,dominicks,68,0.0,1.58,12288.0
1992-03-25,dominicks,68,0.0,1.58,19904.0
1992-04-01,dominicks,68,0.0,1.58,16256.0
1992-04-08,dominicks,68,0.0,1.58,8704.0
1992-04-15,dominicks,68,0.0,1.58,11584.0
1992-04-22,dominicks,68,1.0,1.29,65408.0
1992-04-29,dominicks,68,0.0,1.29,24192.0
1992-05-06,dominicks,68,0.0,1.99,10816.0
1992-05-13,dominicks,68,0.0,1.99,10304.0
1992-05-20,dominicks,68,0.0,2.09,6464.0
1992-05-27,dominicks,68,0.0,1.69,20416.0
1992-06-03,dominicks,68,0.0,1.69,58240.0
1992-06-10,dominicks,68,0.0,1.69,25728.0
1992-06-17,dominicks,68,0.0,2.09,9088.0
1992-06-24,dominicks,68,0.0,2.09,6272.0
1992-07-01,dominicks,68,0.0,1.99,7744.0
1992-07-08,dominicks,68,0.0,1.99,11968.0
1992-07-15,dominicks,68,0.0,1.29,7104.0
1992-07-22,dominicks,68,0.0,2.09,9984.0
1992-07-29,dominicks,68,0.0,1.69,8000.0
1992-08-05,dominicks,68,1.0,1.49,43904.0
1992-08-12,dominicks,68,1.0,1.99,6528.0
1992-08-19,dominicks,68,0.0,2.09,9344.0
1992-08-26,dominicks,68,0.0,1.89,17728.0
1992-09-02,dominicks,68,0.0,1.29,4352.0
1992-09-09,dominicks,68,0.0,2.09,4416.0
1992-09-16,dominicks,68,0.0,1.94,4800.0
1992-09-23,dominicks,68,0.0,1.94,4800.0
1992-09-30,dominicks,68,0.0,1.49,48512.0
1992-10-07,dominicks,68,0.0,1.94,3712.0
