data/dominicks_oj_data/dominicks_oj_small.csv
date,brand,store,on_promotion,price,quantity
1990-06-20,dominicks,70,1.0,1.59,5376.0
1990-06-27,dominicks,70,0.0,1.85,9344.0
1990-07-04,dominicks,70,0.0,1.85,4608.0
1990-07-11,dominicks,70,0.0,1.85,9024.0
1990-07-18,dominicks,70,0.0,1.85,9088.0
1990-07-25,dominicks,70,0.0,1.85,11840.0
1990-08-01,dominicks,70,0.0,1.85,7232.0
1990-08-08,dominicks,70,1.0,1.85,12672.0
1990-08-15,dominicks,70,0.0,1.85,9408.0
1990-08-22,dominicks,70,0.0,1.85,9664.0
1990-08-29,dominicks,70,0.0,1.85,8448.0
1990-09-05,dominicks,70,1.0,1.85,25280.0
1990-09-12,dominicks,70,0.0,1.85,16256.0
1990-09-19,dominicks,70,0.0,1.85,13696.0
1990-09-26,dominicks,70,0.0,1.79,11200.0
1990-10-03,dominicks,70,1.0,1.79,35136.0
1990-10-10,dominicks,70,0.0,1.79,16640.0
1990-10-17,dominicks,70,0.0,1.85,10688.0
1990-10-24,dominicks,70,1.0,0.92,120640.0
1990-10-31,dominicks,70,0.0,1.59,8448.0
1990-11-07,dominicks,70,1.0,1.59,21568.0
1990-11-14,dominicks,70,0.0,1.29,23296.0
1990-11-21,dominicks,70,0.0,0.99,75072.0
1990-11-28,dominicks,70,1.0,1.59,29376.0
1990-12-05,dominicks,70,1.0,1.85,59520.0
1990-12-12,dominicks,70,0.0,1.85,15104.0
1990-12-19,dominicks,70,1.0,1.39,45376.0
1990-12-26,dominicks,70,0.0,1.85,17984.0
1991-01-02,dominicks,70,0.0,1.85,4032.0
1991-01-09,dominicks,70,0.0,1.85,19520.0
1991-01-16,dominicks,70,1.0,0.99,134784.0
1991-01-23,dominicks,70,0.0,1.85,3712.0
1991-01-30,dominicks,70,0.0,1.85,12160.0
1991-02-06,dominicks,70,1.0,1.49,51584.0
1991-02-13,dominicks,70,0.0,1.49,17152.0
1991-02-20,dominicks,70,0.0,1.85,4160.0
1991-02-27,dominicks,70,0.0,1.85,10944.0
1991-03-06,dominicks,70,1.0,1.85,7424.0
1991-03-13,dominicks,70,1.0,0.92,98240.0
1991-03-20,dominicks,70,0.0,1.85,3840.0
1991-03-27,dominicks,70,0.0,1.85,4800.0
1991-04-03,dominicks,70,1.0,1.59,10048.0
1991-04-10,dominicks,70,0.0,1.59,7488.0
1991-04-17,dominicks,70,0.0,1.59,5952.0
1991-04-24,dominicks,70,1.0,0.99,169856.0
1991-05-01,dominicks,70,1.0,1.85,4864.0
1991-05-08,dominicks,70,0.0,1.85,7104.0
1991-05-15,dominicks,70,0.0,1.85,2944.0
1991-05-22,dominicks,70,0.0,1.79,11392.0
1991-05-29,dominicks,70,1.0,1.59,36672.0
1991-06-05,dominicks,70,0.0,1.59,10880.0
1991-06-12,dominicks,70,0.0,1.59,10176.0
1991-06-19,dominicks,70,1.0,1.19,17984.0
1991-06-26,dominicks,70,0.0,1.29,22272.0
1991-07-03,dominicks,70,0.0,1.59,9856.0
1991-07-10,dominicks,70,0.0,1.59,9024.0
1991-07-17,dominicks,70,1.0,1.59,24512.0
1991-07-24,dominicks,70,0.0,1.59,11840.0
1991-07-31,dominicks,70,0.0,1.59,12992.0
1991-08-07,dominicks,70,1.0,0.99,102400.0
1991-08-14,dominicks,70,0.0,0.99,15296.0
1991-08-21,dominicks,70,1.0,1.49,27072.0
1991-08-28,dominicks,70,0.0,1.49,6400.0
1991-09-04,dominicks,70,0.0,1.39,9984.0
1991-09-11,dominicks,70,0.0,1.39,14016.0
1991-09-18,dominicks,70,0.0,1.39,14400.0
1991-09-25,dominicks,70,1.0,1.58,14784.0
1991-10-02,dominicks,70,0.0,1.58,12224.0
1991-10-09,dominicks,70,0.0,1.58,10624.0
1991-10-16,dominicks,70,1.0,1.58,27264.0
1991-10-23,dominicks,70,0.0,1.58,7488.0
1991-10-30,dominicks,70,0.0,1.58,12416.0
1991-11-06,dominicks,70,0.0,1.58,4608.0
1991-11-13,dominicks,70,1.0,1.58,10816.0
1991-11-20,dominicks,70,0.0,1.58,10304.0
1991-11-27,dominicks,70,0.0,1.58,14784.0
1991-12-04,dominicks,70,1.0,1.58,19264.0
1991-12-11,dominicks,70,0.0,1.58,13824.0
1991-12-18,dominicks,70,1.0,1.58,14848.0
1991-12-25,dominicks,70,0.0,1.58,9856.0
1992-01-01,dominicks,70,1.0,1.58,10176.0
1992-01-08,dominicks,70,0.0,1.58,11008.0
1992-01-15,dominicks,70,0.0,1.58,9536.0
1992-01-22,dominicks,70,0.0,1.58,10688.0
1992-01-29,dominicks,70,0.0,1.58,13824.0
1992-02-05,dominicks,70,0.0,1.58,56896.0
1992-02-12,dominicks,70,0.0,1.58,11200.0
1992-02-19,dominicks,70,0.0,1.58,7232.0
1992-02-26,dominicks,70,0.0,1.58,8320.0
1992-03-04,dominicks,70,0.0,1.58,12672.0
1992-03-11,dominicks,70,1.0,1.58,59648.0
1992-03-18,dominicks,70,0.0,1.58,19776.0
1992-03-25,dominicks,70,0.0,1.58,35392.0
1992-04-01,dominicks,70,0.0,1.58,24896.0
1992-04-08,dominicks,70,0.0,1.58,26240.0
1992-04-15,dominicks,70,0.0,1.58,12672.0
1992-04-22,dominicks,70,1.0,1.29,88704.0
1992-04-29,dominicks,70,0.0,1.29,20736.0
1992-05-06,dominicks,70,0.0,1.59,12928.0
1992-05-13,dominicks,70,0.0,1.59,14656.0
1992-05-20,dominicks,70,0.0,1.69,15040.0
1992-05-27,dominicks,70,0.0,1.69,7680.0
1992-06-03,dominicks,70,0.0,1.69,49856.0
1992-06-10,dominicks,70,0.228682783,2.326737768,0.0
1992-06-17,dominicks,70,0.0,1.69,22720.0
1992-06-24,dominicks,70,0.0,1.69,15616.0
1992-07-01,dominicks,70,0.0,1.69,11712.0
1992-07-08,dominicks,70,0.0,1.69,14144.0
1992-07-15,dominicks,70,0.0,1.29,19008.0
1992-07-22,dominicks,70,0.0,1.69,9472.0
1992-07-29,dominicks,70,0.0,1.69,7744.0
1992-08-05,dominicks,70,1.0,1.49,40384.0
1992-08-12,dominicks,70,1.0,1.59,10624.0
1992-08-19,dominicks,70,0.0,1.69,10816.0
1992-08-26,dominicks,70,0.0,1.49,20992.0
1992-09-02,dominicks,70,0.0,1.29,10368.0
1992-09-09,dominicks,70,0.0,1.69,8128.0
1992-09-16,dominicks,70,0.0,1.79,9536.0
1992-09-23,dominicks,70,0.0,1.79,9024.0
1992-09-30,dominicks,70,0.0,1.49,39040.0
1992-10-07,dominicks,70,0.0,1.79,18496.0
1990-06-20,dominicks,71,1.0,1.59,17856.0
1990-06-27,dominicks,71,0.0,2.69,1344.0
1990-07-04,dominicks,71,0.0,2.69,1408.0
1990-07-11,dominicks,71,0.0,2.69,2880.0
1990-07-18,dominicks,71,0.0,2.69,896.0
1990-07-25,dominicks,71,0.0,2.69,640.0
1990-08-01,dominicks,71,0.0,2.69,2624.0
1990-08-08,dominicks,71,1.0,2.09,4928.0
1990-08-15,dominicks,71,0.0,2.09,3648.0
1990-08-22,dominicks,71,0.0,2.09,1536.0
1990-08-29,dominicks,71,0.0,2.09,1024.0
1990-09-05,dominicks,71,1.0,1.89,42560.0
1990-09-12,dominicks,71,0.0,1.89,19200.0
1990-09-19,dominicks,71,0.0,1.89,17152.0
1990-09-26,dominicks,71,0.0,1.79,16512.0
1990-10-03,dominicks,71,1.0,1.79,47680.0
1990-10-10,dominicks,71,0.0,1.79,11072.0
1990-10-17,dominicks,71,0.0,2.69,1088.0
1990-10-24,dominicks,71,1.0,1.24,135872.0
1990-10-31,dominicks,71,0.0,1.59,1216.0
1990-11-07,dominicks,71,1.0,1.59,44480.0
1990-11-14,dominicks,71,0.0,1.29,29952.0
1990-11-21,dominicks,71,0.0,0.99,36096.0
1990-11-28,dominicks,71,1.0,1.59,28032.0
1990-12-05,dominicks,71,1.0,2.49,42048.0
1990-12-12,dominicks,71,0.0,2.69,3328.0
1990-12-19,dominicks,71,1.0,1.39,62976.0
1990-12-26,dominicks,71,0.0,2.69,2432.0
1991-01-02,dominicks,71,0.0,2.69,1216.0
1991-01-09,dominicks,71,0.0,2.69,1088.0
1991-01-16,dominicks,71,1.0,0.99,217152.0
1991-01-23,dominicks,71,0.0,2.69,2944.0
1991-01-30,dominicks,71,0.0,2.69,8576.0
1991-02-06,dominicks,71,1.0,1.49,81472.0
1991-02-13,dominicks,71,0.0,1.49,29632.0
1991-02-20,dominicks,71,0.0,2.69,11136.0
1991-02-27,dominicks,71,0.0,2.69,3008.0
1991-03-06,dominicks,71,1.0,1.99,5888.0
1991-03-13,dominicks,71,1.0,1.09,104192.0
1991-03-20,dominicks,71,0.0,2.69,1920.0
1991-03-27,dominicks,71,0.228682783,2.326737768,18528.0
1991-04-03,dominicks,71,1.0,1.59,35136.0
1991-04-10,dominicks,71,0.228682783,2.326737768,21536.0
1991-04-17,dominicks,71,0.0,1.59,7936.0
1991-04-24,dominicks,71,1.0,0.99,246400.0
1991-05-01,dominicks,71,1.0,2.69,640.0
1991-05-08,dominicks,71,0.0,2.69,768.0
1991-05-15,dominicks,71,0.0,2.69,832.0
1991-05-22,dominicks,71,0.0,2.69,4480.0
1991-05-29,dominicks,71,1.0,1.59,47680.0
1991-06-05,dominicks,71,0.0,1.59,43072.0
1991-06-12,dominicks,71,0.228682783,2.326737768,31488.0
1991-06-19,dominicks,71,1.0,1.49,19904.0
1991-06-26,dominicks,71,0.0,1.29,17280.0
1991-07-03,dominicks,71,0.0,1.99,1920.0
1991-07-10,dominicks,71,0.0,1.99,6336.0
1991-07-17,dominicks,71,1.0,1.59,32576.0
1991-07-24,dominicks,71,0.0,1.59,12736.0
1991-07-31,dominicks,71,0.0,1.99,6528.0
1991-08-07,dominicks,71,1.0,0.99,114368.0
1991-08-14,dominicks,71,0.0,0.99,15296.0
1991-08-21,dominicks,71,0.228682783,2.326737768,10112.0
1991-08-28,dominicks,71,0.0,1.49,4928.0
1991-09-04,dominicks,71,0.0,1.39,12224.0
1991-09-11,dominicks,71,0.0,1.39,10304.0
1991-09-18,dominicks,71,0.0,1.39,10240.0
1991-09-25,dominicks,71,1.0,1.58,18944.0
1991-10-02,dominicks,71,0.0,1.58,10112.0
1991-10-09,dominicks,71,0.0,1.58,8000.0
1991-10-16,dominicks,71,1.0,1.58,33984.0
1991-10-23,dominicks,71,0.0,1.58,13504.0
1991-10-30,dominicks,71,0.228682783,2.326737768,8032.0
1991-11-06,dominicks,71,0.0,1.83,2560.0
1991-11-13,dominicks,71,1.0,1.69,18624.0
1991-11-20,dominicks,71,0.0,1.71,7104.0
1991-11-27,dominicks,71,0.0,1.99,1920.0
1991-12-04,dominicks,71,1.0,1.5,25728.0
1991-12-11,dominicks,71,0.0,1.58,26944.0
1991-12-18,dominicks,71,1.0,1.59,25408.0
1991-12-25,dominicks,71,0.0,1.6,5952.0
1992-01-01,dominicks,71,1.0,1.69,23680.0
1992-01-08,dominicks,71,0.0,1.69,17984.0
1992-01-15,dominicks,71,0.0,1.74,3072.0
1992-01-22,dominicks,71,0.0,1.8,8704.0
1992-01-29,dominicks,71,0.0,1.45,22464.0
1992-02-05,dominicks,71,0.0,1.29,101120.0
1992-02-12,dominicks,71,0.228682783,2.326737768,0.0
1992-02-19,dominicks,71,0.0,1.81,2176.0
1992-02-26,dominicks,71,0.0,1.69,7936.0
1992-03-04,dominicks,71,0.0,1.62,2304.0
1992-03-11,dominicks,71,1.0,1.39,35392.0
1992-03-18,dominicks,71,0.0,1.48,28992.0
1992-03-25,dominicks,71,0.0,1.59,59904.0
1992-04-01,dominicks,71,0.0,1.61,13632.0
1992-04-08,dominicks,71,0.0,1.99,3840.0
1992-04-15,dominicks,71,0.0,1.37,19520.0
1992-04-22,dominicks,71,1.0,1.29,160576.0
1992-04-29,dominicks,71,0.0,1.32,45504.0
1992-05-06,dominicks,71,0.0,1.99,13696.0
1992-05-13,dominicks,71,0.0,2.0,6784.0
1992-05-20,dominicks,71,0.0,2.09,3392.0
1992-05-27,dominicks,71,0.0,1.69,59968.0
1992-06-03,dominicks,71,0.0,1.69,166208.0
1992-06-10,dominicks,71,0.0,1.7,60480.0
1992-06-17,dominicks,71,0.0,1.84,13440.0
1992-06-24,dominicks,71,0.0,2.04,2496.0
1992-07-01,dominicks,71,0.0,1.99,3392.0
1992-07-08,dominicks,71,0.0,1.72,10752.0
1992-07-15,dominicks,71,0.0,1.36,10432.0
1992-07-22,dominicks,71,0.0,1.99,10496.0
1992-07-29,dominicks,71,0.0,1.69,12160.0
1992-08-05,dominicks,71,1.0,1.49,84800.0
1992-08-12,dominicks,71,1.0,1.99,6656.0
1992-08-19,dominicks,71,0.0,2.01,3520.0
1992-08-26,dominicks,71,0.0,1.69,6656.0
1992-09-02,dominicks,71,0.0,1.29,15424.0
1992-09-09,dominicks,71,0.0,2.09,1344.0
1992-09-16,dominicks,71,0.0,2.09,2368.0
1992-09-23,dominicks,71,0.0,1.78,9024.0
1992-09-30,dominicks,71,0.0,1.49,53632.0
1992-10-07,dominicks,71,0.0,1.82,13632.0
1990-06-20,dominicks,72,1.0,1.59,9216.0
1990-06-27,dominicks,72,0.228682783,2.326737768,6954.666667
1990-07-04,dominicks,72,0.228682783,2.326737768,4693.333333
1990-07-11,dominicks,72,0.0,2.69,2432.0
1990-07-18,dominicks,72,0.0,2.69,384.0
1990-07-25,dominicks,72,0.0,2.69,704.0
1990-08-01,dominicks,72,0.0,2.69,3200.0
1990-08-08,dominicks,72,1.0,2.09,7040.0
1990-08-15,dominicks,72,0.0,2.09,3456.0
1990-08-22,dominicks,72,0.228682783,2.326737768,2656.0
1990-08-29,dominicks,72,0.0,2.09,1856.0
1990-09-05,dominicks,72,1.0,1.89,24512.0
1990-09-12,dominicks,72,0.0,1.89,12096.0
1990-09-19,dominicks,72,0.0,1.89,11200.0
1990-09-26,dominicks,72,0.0,1.79,9856.0
1990-10-03,dominicks,72,1.0,1.79,35520.0
1990-10-10,dominicks,72,0.0,1.79,6272.0
1990-10-17,dominicks,72,0.0,2.69,576.0
1990-10-24,dominicks,72,1.0,1.24,70912.0
1990-10-31,dominicks,72,0.0,1.59,1600.0
1990-11-07,dominicks,72,1.0,1.59,18112.0
1990-11-14,dominicks,72,0.0,1.29,16512.0
1990-11-21,dominicks,72,0.0,0.99,32768.0
1990-11-28,dominicks,72,1.0,1.59,6208.0
1990-12-05,dominicks,72,1.0,2.49,35328.0
1990-12-12,dominicks,72,0.0,2.69,4224.0
1990-12-19,dominicks,72,1.0,1.39,40384.0
1990-12-26,dominicks,72,0.0,2.69,960.0
1991-01-02,dominicks,72,0.0,2.69,1344.0
1991-01-09,dominicks,72,0.0,2.69,832.0
1991-01-16,dominicks,72,1.0,0.99,99904.0
1991-01-23,dominicks,72,0.0,2.69,1088.0
1991-01-30,dominicks,72,0.0,2.69,3904.0
1991-02-06,dominicks,72,1.0,1.49,39680.0
1991-02-13,dominicks,72,0.0,1.49,8064.0
1991-02-20,dominicks,72,0.0,2.69,448.0
1991-02-27,dominicks,72,0.0,2.69,1856.0
1991-03-06,dominicks,72,1.0,1.99,7040.0
1991-03-13,dominicks,72,1.0,1.09,66304.0
1991-03-20,dominicks,72,0.0,2.69,448.0
1991-03-27,dominicks,72,0.0,2.69,2176.0
1991-04-03,dominicks,72,1.0,1.59,11072.0
1991-04-10,dominicks,72,0.0,1.59,5632.0
1991-04-17,dominicks,72,0.0,1.59,3136.0
1991-04-24,dominicks,72,1.0,0.99,128256.0
1991-05-01,dominicks,72,1.0,2.69,512.0
1991-05-08,dominicks,72,0.0,2.69,1152.0
1991-05-15,dominicks,72,0.0,2.69,256.0
1991-05-22,dominicks,72,0.0,2.69,4480.0
1991-05-29,dominicks,72,1.0,1.59,35264.0
1991-06-05,dominicks,72,0.0,1.59,11712.0
1991-06-12,dominicks,72,0.0,2.69,1024.0
1991-06-19,dominicks,72,1.0,1.49,8320.0
1991-06-26,dominicks,72,0.0,1.29,11392.0
1991-07-03,dominicks,72,0.0,1.99,1856.0
1991-07-10,dominicks,72,0.0,1.99,2880.0
1991-07-17,dominicks,72,1.0,1.59,14272.0
1991-07-24,dominicks,72,0.0,1.59,7168.0
1991-07-31,dominicks,72,0.0,1.99,7360.0
1991-08-07,dominicks,72,1.0,0.99,79104.0
1991-08-14,dominicks,72,0.0,0.99,19072.0
1991-08-21,dominicks,72,1.0,1.49,27904.0
1991-08-28,dominicks,72,0.0,1.49,2880.0
1991-09-04,dominicks,72,0.0,1.39,3072.0
1991-09-11,dominicks,72,0.0,1.39,6080.0
1991-09-18,dominicks,72,0.0,1.39,9536.0
1991-09-25,dominicks,72,1.0,1.58,15296.0
1991-10-02,dominicks,72,0.0,1.58,2176.0
1991-10-09,dominicks,72,0.0,1.58,3968.0
1991-10-16,dominicks,72,1.0,1.58,21248.0
1991-10-23,dominicks,72,0.0,1.58,4416.0
1991-10-30,dominicks,72,0.0,1.58,2752.0
1991-11-06,dominicks,72,0.0,1.58,1408.0
1991-11-13,dominicks,72,1.0,1.58,13248.0
1991-11-20,dominicks,72,0.0,1.58,6656.0
1991-11-27,dominicks,72,0.0,1.58,1280.0
1991-12-04,dominicks,72,1.0,1.58,21504.0
1991-12-11,dominicks,72,0.0,1.58,29056.0
1991-12-18,dominicks,72,1.0,1.58,21824.0
1991-12-25,dominicks,72,0.0,1.58,4864.0
1992-01-01,dominicks,72,1.0,1.58,6080.0
1992-01-08,dominicks,72,0.0,1.58,9408.0
1992-01-15,dominicks,72,0.0,1.58,4416.0
1992-01-22,dominicks,72,0.0,1.58,4544.0
1992-01-29,dominicks,72,0.0,1.58,17408.0
1992-02-05,dominicks,72,0.0,1.58,63680.0
1992-02-12,dominicks,72,0.0,1.58,11456.0
1992-02-19,dominicks,72,0.0,1.58,9920.0
1992-02-26,dominicks,72,0.0,1.58,9600.0
1992-03-04,dominicks,72,0.0,1.58,10112.0
1992-03-11,dominicks,72,1.0,1.58,51968.0
1992-03-18,dominicks,72,0.0,1.58,18560.0
1992-03-25,dominicks,72,0.0,1.58,24768.0
1992-04-01,dominicks,72,0.0,1.58,13568.0
1992-04-08,dominicks,72,0.0,1.58,2496.0
1992-04-15,dominicks,72,0.0,1.58,9856.0
1992-04-22,dominicks,72,1.0,1.29,58880.0
1992-04-29,dominicks,72,0.0,1.29,11776.0
1992-05-06,dominicks,72,0.0,1.99,5504.0
1992-05-13,dominicks,72,0.0,1.99,6272.0
1992-05-20,dominicks,72,0.0,2.09,4096.0
1992-05-27,dominicks,72,0.0,1.69,3968.0
1992-06-03,dominicks,72,0.0,1.69,75456.0
1992-06-10,dominicks,72,0.0,1.69,28864.0
1992-06-17,dominicks,72,0.0,2.09,13824.0
1992-06-24,dominicks,72,0.228682783,2.326737768,0.0
1992-07-01,dominicks,72,0.0,1.99,3136.0
1992-07-08,dominicks,72,0.0,1.99,6976.0
1992-07-15,dominicks,72,0.0,1.29,8512.0
1992-07-22,dominicks,72,0.0,2.09,6016.0
1992-07-29,dominicks,72,0.0,1.69,6656.0
1992-08-05,dominicks,72,1.0,1.49,53440.0
1992-08-12,dominicks,72,1.0,1.99,4352.0
1992-08-19,dominicks,72,0.0,2.09,4352.0
1992-08-26,dominicks,72,0.0,1.89,16000.0
1992-09-02,dominicks,72,0.0,1.29,4800.0
1992-09-09,dominicks,72,0.0,2.09,2752.0
1992-09-16,dominicks,72,0.0,1.94,3328.0
1992-09-23,dominicks,72,0.0,1.94,8448.0
1992-09-30,dominicks,72,0.0,1.49,39872.0
1992-10-07,dominicks,72,0.0,1.94,7872.0
