data/dominicks_oj_data/dominicks_oj_small.csv
date,brand,store,on_promotion,price,quantity
1990-06-20,dominicks,73,1.0,1.59,21312.0
1990-06-27,dominicks,73,0.0,2.29,8512.0
1990-07-04,dominicks,73,0.0,2.29,8384.0
1990-07-11,dominicks,73,0.0,2.29,7168.0
1990-07-18,dominicks,73,0.0,2.29,7552.0
1990-07-25,dominicks,73,0.0,2.29,8768.0
1990-08-01,dominicks,73,0.0,2.29,7552.0
1990-08-08,dominicks,73,1.0,2.09,11136.0
1990-08-15,dominicks,73,0.0,2.09,11008.0
1990-08-22,dominicks,73,0.0,2.09,6592.0
1990-08-29,dominicks,73,0.0,2.09,4352.0
1990-09-05,dominicks,73,1.0,1.89,50496.0
1990-09-12,dominicks,73,0.0,1.89,21824.0
1990-09-19,dominicks,73,0.0,1.89,8640.0
1990-09-26,dominicks,73,0.0,1.79,24640.0
1990-10-03,dominicks,73,1.0,1.79,68352.0
1990-10-10,dominicks,73,0.0,1.79,15552.0
1990-10-17,dominicks,73,0.0,2.29,2624.0
1990-10-24,dominicks,73,1.0,1.14,230080.0
1990-10-31,dominicks,73,0.0,1.59,3648.0
1990-11-07,dominicks,73,1.0,1.59,63104.0
1990-11-14,dominicks,73,0.0,1.29,43456.0
1990-11-21,dominicks,73,0.0,0.99,43136.0
1990-11-28,dominicks,73,1.0,1.59,23296.0
1990-12-05,dominicks,73,1.0,2.29,111104.0
1990-12-12,dominicks,73,0.0,1.89,17088.0
1990-12-19,dominicks,73,1.0,1.39,124288.0
1990-12-26,dominicks,73,0.0,1.89,15552.0
1991-01-02,dominicks,73,0.0,1.89,9728.0
1991-01-09,dominicks,73,0.0,1.89,15936.0
1991-01-16,dominicks,73,1.0,0.99,324992.0
1991-01-23,dominicks,73,0.0,1.89,8320.0
1991-01-30,dominicks,73,0.0,1.89,37312.0
1991-02-06,dominicks,73,1.0,1.49,140224.0
1991-02-13,dominicks,73,0.0,1.49,31936.0
1991-02-20,dominicks,73,0.0,1.89,11200.0
1991-02-27,dominicks,73,0.0,1.89,10048.0
1991-03-06,dominicks,73,1.0,1.89,9984.0
1991-03-13,dominicks,73,1.0,0.94,267520.0
1991-03-20,dominicks,73,0.0,1.89,8512.0
1991-03-27,dominicks,73,0.0,1.89,31104.0
1991-04-03,dominicks,73,1.0,1.59,30016.0
1991-04-10,dominicks,73,0.228682783,2.326737768,26816.0
1991-04-17,dominicks,73,0.228682783,2.326737768,23616.0
1991-04-24,dominicks,73,0.228682783,2.326737768,20416.0
1991-05-01,dominicks,73,0.228682783,2.326737768,17216.0
1991-05-08,dominicks,73,0.0,1.89,14016.0
1991-05-15,dominicks,73,0.0,1.89,6080.0
1991-05-22,dominicks,73,0.0,1.89,18048.0
1991-05-29,dominicks,73,1.0,1.59,109504.0
1991-06-05,dominicks,73,0.0,1.59,37696.0
1991-06-12,dominicks,73,0.0,1.69,13696.0
1991-06-19,dominicks,73,1.0,1.26,28672.0
1991-06-26,dominicks,73,0.0,1.29,19712.0
1991-07-03,dominicks,73,0.0,1.69,6208.0
1991-07-10,dominicks,73,0.0,1.69,12736.0
1991-07-17,dominicks,73,1.0,1.59,62464.0
1991-07-24,dominicks,73,0.0,1.59,31104.0
1991-07-31,dominicks,73,0.0,1.69,24512.0
1991-08-07,dominicks,73,1.0,0.99,241088.0
1991-08-14,dominicks,73,0.0,0.99,49984.0
1991-08-21,dominicks,73,1.0,1.49,62720.0
1991-08-28,dominicks,73,0.0,1.49,12928.0
1991-09-04,dominicks,73,0.0,1.39,11520.0
1991-09-11,dominicks,73,0.0,1.39,9600.0
1991-09-18,dominicks,73,0.0,1.39,11392.0
1991-09-25,dominicks,73,1.0,1.58,24768.0
1991-10-02,dominicks,73,0.0,1.58,22784.0
1991-10-09,dominicks,73,0.0,1.58,23680.0
1991-10-16,dominicks,73,1.0,1.58,68544.0
1991-10-23,dominicks,73,0.0,1.58,17216.0
1991-10-30,dominicks,73,0.0,1.58,13568.0
1991-11-06,dominicks,73,0.0,1.58,9152.0
1991-11-13,dominicks,73,1.0,1.58,16576.0
1991-11-20,dominicks,73,0.0,1.58,17664.0
1991-11-27,dominicks,73,0.0,1.58,27648.0
1991-12-04,dominicks,73,1.0,1.58,70656.0
1991-12-11,dominicks,73,0.0,1.58,68160.0
1991-12-18,dominicks,73,1.0,1.58,31424.0
1991-12-25,dominicks,73,0.0,1.58,31808.0
1992-01-01,dominicks,73,1.0,1.58,43968.0
1992-01-08,dominicks,73,0.0,1.58,19328.0
1992-01-15,dominicks,73,0.0,1.58,7552.0
1992-01-22,dominicks,73,0.0,1.58,15552.0
1992-01-29,dominicks,73,0.0,1.58,44928.0
1992-02-05,dominicks,73,0.0,1.58,167104.0
1992-02-12,dominicks,73,0.0,1.58,45696.0
1992-02-19,dominicks,73,0.0,1.58,4864.0
1992-02-26,dominicks,73,0.0,1.58,16448.0
1992-03-04,dominicks,73,0.0,1.58,18240.0
1992-03-11,dominicks,73,1.0,1.58,124032.0
1992-03-18,dominicks,73,0.0,1.58,66432.0
1992-03-25,dominicks,73,0.0,1.58,78720.0
1992-04-01,dominicks,73,0.0,1.58,19968.0
1992-04-08,dominicks,73,0.0,1.58,18560.0
1992-04-15,dominicks,73,0.0,1.58,49216.0
1992-04-22,dominicks,73,1.0,1.29,141888.0
1992-04-29,dominicks,73,0.0,1.29,22016.0
1992-05-06,dominicks,73,0.0,1.69,21568.0
1992-05-13,dominicks,73,0.0,1.69,18304.0
1992-05-20,dominicks,73,0.0,1.79,26688.0
1992-05-27,dominicks,73,0.0,1.69,24320.0
1992-06-03,dominicks,73,0.0,1.69,134976.0
1992-06-10,dominicks,73,0.0,1.69,75072.0
1992-06-17,dominicks,73,0.0,1.79,27136.0
1992-06-24,dominicks,73,0.0,1.79,21568.0
1992-07-01,dominicks,73,0.0,1.79,21696.0
1992-07-08,dominicks,73,0.0,1.79,23552.0
1992-07-15,dominicks,73,0.0,1.29,17856.0
1992-07-22,dominicks,73,0.0,1.79,26752.0
1992-07-29,dominicks,73,0.0,1.69,25344.0
1992-08-05,dominicks,73,1.0,1.49,93760.0
1992-08-12,dominicks,73,1.0,1.69,35008.0
1992-08-19,dominicks,73,0.0,1.79,16896.0
1992-08-26,dominicks,73,0.0,1.59,38528.0
1992-09-02,dominicks,73,0.0,1.29,24128.0
1992-09-09,dominicks,73,0.0,1.79,17088.0
1992-09-16,dominicks,73,0.228682783,2.326737768,0.0
1992-09-23,dominicks,73,0.0,1.66,24128.0
1992-09-30,dominicks,73,0.0,1.49,104768.0
1992-10-07,dominicks,73,0.0,1.66,34816.0
1990-06-20,dominicks,75,1.0,1.59,9600.0
1990-06-27,dominicks,75,0.0,2.69,2944.0
1990-07-04,dominicks,75,0.0,2.69,3456.0
1990-07-11,dominicks,75,0.0,2.69,4416.0
1990-07-18,dominicks,75,0.0,2.69,2240.0
1990-07-25,dominicks,75,0.0,2.69,1344.0
1990-08-01,dominicks,75,0.0,2.69,5760.0
1990-08-08,dominicks,75,1.0,2.09,5952.0
1990-08-15,dominicks,75,0.0,2.09,4160.0
1990-08-22,dominicks,75,0.0,2.09,4032.0
1990-08-29,dominicks,75,0.0,2.09,2432.0
1990-09-05,dominicks,75,1.0,1.89,27008.0
1990-09-12,dominicks,75,0.0,1.89,16128.0
1990-09-19,dominicks,75,0.0,1.89,15680.0
1990-09-26,dominicks,75,0.0,1.79,11264.0
1990-10-03,dominicks,75,1.0,1.79,35008.0
1990-10-10,dominicks,75,0.0,1.79,4480.0
1990-10-17,dominicks,75,0.0,2.69,1344.0
1990-10-24,dominicks,75,1.0,1.24,65024.0
1990-10-31,dominicks,75,0.0,1.59,2112.0
1990-11-07,dominicks,75,1.0,1.59,14912.0
1990-11-14,dominicks,75,0.0,1.29,22400.0
1990-11-21,dominicks,75,0.0,0.99,8832.0
1990-11-28,dominicks,75,1.0,1.59,21120.0
1990-12-05,dominicks,75,1.0,2.49,28608.0
1990-12-12,dominicks,75,0.0,2.69,8448.0
1990-12-19,dominicks,75,1.0,1.39,35328.0
1990-12-26,dominicks,75,0.0,2.69,3072.0
1991-01-02,dominicks,75,0.0,2.69,1920.0
1991-01-09,dominicks,75,0.0,2.69,1472.0
1991-01-16,dominicks,75,1.0,0.99,127040.0
1991-01-23,dominicks,75,0.0,2.69,5120.0
1991-01-30,dominicks,75,0.0,2.69,10240.0
1991-02-06,dominicks,75,1.0,1.49,49344.0
1991-02-13,dominicks,75,0.0,1.49,14336.0
1991-02-20,dominicks,75,0.0,2.69,1600.0
1991-02-27,dominicks,75,0.0,2.69,4416.0
1991-03-06,dominicks,75,1.0,1.99,7360.0
1991-03-13,dominicks,75,1.0,1.09,82240.0
1991-03-20,dominicks,75,0.0,2.69,3264.0
1991-03-27,dominicks,75,0.0,2.69,4800.0
1991-04-03,dominicks,75,1.0,1.59,14656.0
1991-04-10,dominicks,75,0.0,1.59,12608.0
1991-04-17,dominicks,75,0.0,1.59,5504.0
1991-04-24,dominicks,75,1.0,0.99,136384.0
1991-05-01,dominicks,75,1.0,2.69,256.0
1991-05-08,dominicks,75,0.0,2.69,1216.0
1991-05-15,dominicks,75,0.0,2.69,1536.0
1991-05-22,dominicks,75,0.0,2.69,5056.0
1991-05-29,dominicks,75,0.228682783,2.326737768,7472.0
1991-06-05,dominicks,75,0.228682783,2.326737768,9888.0
1991-06-12,dominicks,75,0.228682783,2.326737768,12304.0
1991-06-19,dominicks,75,1.0,1.49,14720.0
1991-06-26,dominicks,75,0.0,1.29,4288.0
1991-07-03,dominicks,75,0.0,1.99,2560.0
1991-07-10,dominicks,75,0.0,1.99,4800.0
1991-07-17,dominicks,75,1.0,1.59,18624.0
1991-07-24,dominicks,75,0.0,1.59,8192.0
1991-07-31,dominicks,75,0.0,1.99,4992.0
1991-08-07,dominicks,75,1.0,0.99,76224.0
1991-08-14,dominicks,75,0.0,0.99,28672.0
1991-08-21,dominicks,75,1.0,1.49,22912.0
1991-08-28,dominicks,75,0.0,1.49,8320.0
1991-09-04,dominicks,75,0.0,1.39,18240.0
1991-09-11,dominicks,75,0.0,1.39,17600.0
1991-09-18,dominicks,75,0.0,1.39,15872.0
1991-09-25,dominicks,75,1.0,1.58,13696.0
1991-10-02,dominicks,75,0.0,1.58,14912.0
1991-10-09,dominicks,75,0.0,1.58,12800.0
1991-10-16,dominicks,75,1.0,1.58,36672.0
1991-10-23,dominicks,75,0.0,1.58,7680.0
1991-10-30,dominicks,75,0.0,1.58,4160.0
1991-11-06,dominicks,75,0.0,1.58,3200.0
1991-11-13,dominicks,75,1.0,1.58,18176.0
1991-11-20,dominicks,75,0.0,1.58,9728.0
1991-11-27,dominicks,75,0.0,1.58,2112.0
1991-12-04,dominicks,75,1.0,1.58,21632.0
1991-12-11,dominicks,75,0.0,1.58,17984.0
1991-12-18,dominicks,75,1.0,1.58,26368.0
1991-12-25,dominicks,75,0.0,1.58,6656.0
1992-01-01,dominicks,75,1.0,1.58,15296.0
1992-01-08,dominicks,75,0.0,1.58,13376.0
1992-01-15,dominicks,75,0.0,1.58,3776.0
1992-01-22,dominicks,75,0.0,1.58,5504.0
1992-01-29,dominicks,75,0.0,1.58,21120.0
1992-02-05,dominicks,75,0.0,1.58,47744.0
1992-02-12,dominicks,75,0.0,1.58,11776.0
1992-02-19,dominicks,75,0.0,1.58,11328.0
1992-02-26,dominicks,75,0.0,1.58,11904.0
1992-03-04,dominicks,75,0.0,1.58,9664.0
1992-03-11,dominicks,75,1.0,1.58,46912.0
1992-03-18,dominicks,75,0.0,1.58,16512.0
1992-03-25,dominicks,75,0.0,1.58,23872.0
1992-04-01,dominicks,75,0.0,1.61,8128.0
1992-04-08,dominicks,75,0.0,1.99,3264.0
1992-04-15,dominicks,75,0.0,1.5,9856.0
1992-04-22,dominicks,75,1.0,1.29,60608.0
1992-04-29,dominicks,75,0.0,1.51,9216.0
1992-05-06,dominicks,75,0.0,1.99,8384.0
1992-05-13,dominicks,75,0.0,2.01,9152.0
1992-05-20,dominicks,75,0.0,2.09,3968.0
1992-05-27,dominicks,75,0.0,1.69,13760.0
1992-06-03,dominicks,75,0.0,1.69,50368.0
1992-06-10,dominicks,75,0.0,1.74,24896.0
1992-06-17,dominicks,75,0.0,2.09,7104.0
1992-06-24,dominicks,75,0.0,2.02,6208.0
1992-07-01,dominicks,75,0.0,1.99,3136.0
1992-07-08,dominicks,75,0.0,1.1,34112.0
1992-07-15,dominicks,75,0.0,1.42,12096.0
1992-07-22,dominicks,75,0.0,0.99,148544.0
1992-07-29,dominicks,75,0.0,2.0,8000.0
1992-08-05,dominicks,75,1.0,0.98,153728.0
1992-08-12,dominicks,75,1.0,1.99,8768.0
1992-08-19,dominicks,75,0.0,2.0,3328.0
1992-08-26,dominicks,75,0.0,1.39,18816.0
1992-09-02,dominicks,75,0.0,1.33,13440.0
1992-09-09,dominicks,75,0.0,1.97,5056.0
1992-09-16,dominicks,75,0.0,1.94,7104.0
1992-09-23,dominicks,75,0.0,1.68,13504.0
1992-09-30,dominicks,75,0.0,1.49,49344.0
1992-10-07,dominicks,75,0.0,1.71,12544.0
1990-06-20,dominicks,76,1.0,1.59,13120.0
1990-06-27,dominicks,76,0.0,2.29,3648.0
1990-07-04,dominicks,76,0.0,2.29,3392.0
1990-07-11,dominicks,76,0.0,2.29,4032.0
1990-07-18,dominicks,76,0.0,2.29,5568.0
1990-07-25,dominicks,76,0.228682783,2.326737768,5973.333333
1990-08-01,dominicks,76,0.228682783,2.326737768,6378.666667
1990-08-08,dominicks,76,1.0,2.09,6784.0
1990-08-15,dominicks,76,0.0,2.09,3392.0
1990-08-22,dominicks,76,0.0,2.09,2752.0
1990-08-29,dominicks,76,0.0,2.09,1216.0
1990-09-05,dominicks,76,1.0,1.89,37632.0
1990-09-12,dominicks,76,0.0,1.89,10240.0
1990-09-19,dominicks,76,0.0,1.89,10816.0
1990-09-26,dominicks,76,0.0,1.79,8128.0
1990-10-03,dominicks,76,0.228682783,2.326737768,5994.666667
1990-10-10,dominicks,76,0.228682783,2.326737768,3861.333333
1990-10-17,dominicks,76,0.0,2.49,1728.0
1990-10-24,dominicks,76,1.0,1.24,127296.0
1990-10-31,dominicks,76,0.0,1.59,1472.0
1990-11-07,dominicks,76,1.0,1.59,47872.0
1990-11-14,dominicks,76,0.0,1.29,46080.0
1990-11-21,dominicks,76,0.0,0.99,25472.0
1990-11-28,dominicks,76,1.0,1.59,17408.0
1990-12-05,dominicks,76,1.0,2.49,57792.0
1990-12-12,dominicks,76,0.0,2.19,11968.0
1990-12-19,dominicks,76,1.0,1.39,77248.0
1990-12-26,dominicks,76,0.0,2.19,1984.0
1991-01-02,dominicks,76,0.0,2.19,19520.0
1991-01-09,dominicks,76,0.0,2.19,2432.0
1991-01-16,dominicks,76,1.0,0.99,224320.0
1991-01-23,dominicks,76,0.0,2.19,2496.0
1991-01-30,dominicks,76,0.0,2.19,7552.0
1991-02-06,dominicks,76,1.0,1.49,111552.0
1991-02-13,dominicks,76,0.0,1.49,10112.0
1991-02-20,dominicks,76,0.0,2.19,4160.0
1991-02-27,dominicks,76,0.0,2.19,2816.0
1991-03-06,dominicks,76,1.0,1.99,3136.0
1991-03-13,dominicks,76,1.0,1.09,121600.0
1991-03-20,dominicks,76,0.0,2.19,1664.0
1991-03-27,dominicks,76,0.0,2.19,4096.0
1991-04-03,dominicks,76,1.0,1.59,36160.0
1991-04-10,dominicks,76,0.0,1.59,10240.0
1991-04-17,dominicks,76,0.0,1.59,2880.0
1991-04-24,dominicks,76,1.0,0.99,194624.0
1991-05-01,dominicks,76,1.0,2.19,1856.0
1991-05-08,dominicks,76,0.0,2.19,3392.0
1991-05-15,dominicks,76,0.0,2.19,576.0
1991-05-22,dominicks,76,0.0,2.19,4224.0
1991-05-29,dominicks,76,1.0,1.59,43008.0
1991-06-05,dominicks,76,0.0,1.59,3264.0
1991-06-12,dominicks,76,0.0,2.09,1408.0
1991-06-19,dominicks,76,1.0,1.41,8512.0
1991-06-26,dominicks,76,0.0,1.29,14848.0
1991-07-03,dominicks,76,0.228682783,2.326737768,10016.0
1991-07-10,dominicks,76,0.0,1.89,5184.0
1991-07-17,dominicks,76,1.0,1.59,47616.0
1991-07-24,dominicks,76,0.0,1.59,8320.0
1991-07-31,dominicks,76,0.0,1.89,7232.0
1991-08-07,dominicks,76,1.0,0.99,173504.0
1991-08-14,dominicks,76,0.0,0.99,15232.0
1991-08-21,dominicks,76,1.0,1.49,52736.0
1991-08-28,dominicks,76,0.0,1.49,10624.0
1991-09-04,dominicks,76,0.0,1.39,17536.0
1991-09-11,dominicks,76,0.0,1.39,21376.0
1991-09-18,dominicks,76,0.0,1.39,16128.0
1991-09-25,dominicks,76,1.0,1.58,12800.0
1991-10-02,dominicks,76,0.0,1.58,4416.0
1991-10-09,dominicks,76,0.0,1.58,8640.0
1991-10-16,dominicks,76,1.0,1.58,57408.0
1991-10-23,dominicks,76,0.0,1.58,13056.0
1991-10-30,dominicks,76,0.0,1.58,6720.0
1991-11-06,dominicks,76,0.0,1.58,3392.0
1991-11-13,dominicks,76,1.0,1.58,13312.0
1991-11-20,dominicks,76,0.0,1.58,8896.0
1991-11-27,dominicks,76,0.0,1.58,7616.0
1991-12-04,dominicks,76,1.0,1.58,50240.0
1991-12-11,dominicks,76,0.0,1.58,41856.0
1991-12-18,dominicks,76,1.0,1.58,31488.0
1991-12-25,dominicks,76,0.0,1.58,2752.0
1992-01-01,dominicks,76,1.0,1.58,15360.0
1992-01-08,dominicks,76,0.0,1.58,16384.0
1992-01-15,dominicks,76,0.0,1.58,1792.0
1992-01-22,dominicks,76,0.0,1.58,6848.0
1992-01-29,dominicks,76,0.0,1.58,50752.0
1992-02-05,dominicks,76,0.0,1.58,92032.0
1992-02-12,dominicks,76,0.0,1.58,7936.0
1992-02-19,dominicks,76,0.0,1.58,4992.0
1992-02-26,dominicks,76,0.0,1.58,15296.0
1992-03-04,dominicks,76,0.0,1.58,10176.0
1992-03-11,dominicks,76,1.0,1.58,86528.0
1992-03-18,dominicks,76,0.0,1.58,24768.0
1992-03-25,dominicks,76,0.0,1.58,59136.0
1992-04-01,dominicks,76,0.0,1.58,12224.0
1992-04-08,dominicks,76,0.0,1.58,6016.0
1992-04-15,dominicks,76,0.0,1.58,10752.0
1992-04-22,dominicks,76,1.0,1.29,113024.0
1992-04-29,dominicks,76,0.0,1.29,16192.0
1992-05-06,dominicks,76,0.0,1.89,8000.0
1992-05-13,dominicks,76,0.0,1.89,9280.0
1992-05-20,dominicks,76,0.0,1.99,6144.0
1992-05-27,dominicks,76,0.0,1.69,20096.0
1992-06-03,dominicks,76,0.0,1.69,84288.0
1992-06-10,dominicks,76,0.0,1.69,34624.0
1992-06-17,dominicks,76,0.0,1.99,30016.0
1992-06-24,dominicks,76,0.0,1.99,20480.0
1992-07-01,dominicks,76,0.0,1.99,10944.0
1992-07-08,dominicks,76,0.0,1.99,18304.0
1992-07-15,dominicks,76,0.0,1.29,7808.0
1992-07-22,dominicks,76,0.0,1.99,7296.0
1992-07-29,dominicks,76,0.0,1.69,12480.0
1992-08-05,dominicks,76,1.0,1.49,62592.0
1992-08-12,dominicks,76,1.0,1.89,17600.0
1992-08-19,dominicks,76,0.0,1.99,7936.0
1992-08-26,dominicks,76,0.0,1.79,24000.0
1992-09-02,dominicks,76,0.0,1.29,5376.0
1992-09-09,dominicks,76,0.0,1.99,2816.0
1992-09-16,dominicks,76,0.0,2.13,1920.0
1992-09-23,dominicks,76,0.0,2.13,7552.0
1992-09-30,dominicks,76,0.0,1.49,49920.0
1992-10-07,dominicks,76,0.0,2.13,6272.0
