data/dominicks_oj_data/dominicks_oj_small.csv
date,brand,store,on_promotion,price,quantity
1990-06-20,dominicks,77,1.0,1.59,8192.0
1990-06-27,dominicks,77,0.0,2.29,3264.0
1990-07-04,dominicks,77,0.228682783,2.326737768,2848.0
1990-07-11,dominicks,77,0.0,2.29,2432.0
1990-07-18,dominicks,77,0.0,2.29,1792.0
1990-07-25,dominicks,77,0.0,2.29,3264.0
1990-08-01,dominicks,77,0.0,2.29,3200.0
1990-08-08,dominicks,77,1.0,2.09,6464.0
1990-08-15,dominicks,77,0.0,2.09,2752.0
1990-08-22,dominicks,77,0.0,2.09,2560.0
1990-08-29,dominicks,77,0.0,2.09,1472.0
1990-09-05,dominicks,77,1.0,1.89,20288.0
1990-09-12,dominicks,77,0.0,1.89,7360.0
1990-09-19,dominicks,77,0.0,1.89,8448.0
1990-09-26,dominicks,77,0.0,1.79,9600.0
1990-10-03,dominicks,77,1.0,1.79,23680.0
1990-10-10,dominicks,77,0.0,1.79,7168.0
1990-10-17,dominicks,77,0.0,2.29,1664.0
1990-10-24,dominicks,77,1.0,1.14,53056.0
1990-10-31,dominicks,77,0.0,1.59,1920.0
1990-11-07,dominicks,77,1.0,1.59,13888.0
1990-11-14,dominicks,77,0.0,1.29,25728.0
1990-11-21,dominicks,77,0.0,0.99,44096.0
1990-11-28,dominicks,77,1.0,1.59,19520.0
1990-12-05,dominicks,77,1.0,2.29,36480.0
1990-12-12,dominicks,77,0.0,1.79,9344.0
1990-12-19,dominicks,77,1.0,1.39,27136.0
1990-12-26,dominicks,77,0.0,1.79,7680.0
1991-01-02,dominicks,77,0.0,1.79,2880.0
1991-01-09,dominicks,77,0.0,1.79,5696.0
1991-01-16,dominicks,77,1.0,0.99,93824.0
1991-01-23,dominicks,77,0.0,1.79,27712.0
1991-01-30,dominicks,77,0.0,1.79,9728.0
1991-02-06,dominicks,77,1.0,1.49,23360.0
1991-02-13,dominicks,77,0.0,1.49,10176.0
1991-02-20,dominicks,77,0.0,1.79,1792.0
1991-02-27,dominicks,77,0.0,1.79,4864.0
1991-03-06,dominicks,77,1.0,1.79,2176.0
1991-03-13,dominicks,77,1.0,0.89,68672.0
1991-03-20,dominicks,77,0.0,1.79,2240.0
1991-03-27,dominicks,77,0.0,1.79,2816.0
1991-04-03,dominicks,77,1.0,1.59,7872.0
1991-04-10,dominicks,77,0.0,1.59,4352.0
1991-04-17,dominicks,77,0.0,1.59,5184.0
1991-04-24,dominicks,77,1.0,0.99,82560.0
1991-05-01,dominicks,77,1.0,1.79,3648.0
1991-05-08,dominicks,77,0.228682783,2.326737768,2784.0
1991-05-15,dominicks,77,0.0,1.79,1920.0
1991-05-22,dominicks,77,0.0,1.79,5376.0
1991-05-29,dominicks,77,1.0,1.59,23232.0
1991-06-05,dominicks,77,0.0,1.59,9344.0
1991-06-12,dominicks,77,0.0,1.59,9024.0
1991-06-19,dominicks,77,1.0,1.19,18624.0
1991-06-26,dominicks,77,0.0,1.29,10304.0
1991-07-03,dominicks,77,0.0,1.59,5632.0
1991-07-10,dominicks,77,0.228682783,2.326737768,9344.0
1991-07-17,dominicks,77,1.0,1.59,13056.0
1991-07-24,dominicks,77,0.0,1.59,5312.0
1991-07-31,dominicks,77,0.0,1.59,10496.0
1991-08-07,dominicks,77,1.0,0.99,61760.0
1991-08-14,dominicks,77,0.0,0.99,8256.0
1991-08-21,dominicks,77,1.0,1.49,17984.0
1991-08-28,dominicks,77,0.0,1.49,9152.0
1991-09-04,dominicks,77,0.0,1.39,9856.0
1991-09-11,dominicks,77,0.0,1.39,6144.0
1991-09-18,dominicks,77,0.0,1.39,8256.0
1991-09-25,dominicks,77,1.0,1.58,10112.0
1991-10-02,dominicks,77,0.0,1.58,5312.0
1991-10-09,dominicks,77,0.0,1.58,5824.0
1991-10-16,dominicks,77,1.0,1.58,15552.0
1991-10-23,dominicks,77,0.0,1.58,5888.0
1991-10-30,dominicks,77,0.0,1.58,5632.0
1991-11-06,dominicks,77,0.0,1.58,3328.0
1991-11-13,dominicks,77,1.0,1.58,9728.0
1991-11-20,dominicks,77,0.0,1.58,6848.0
1991-11-27,dominicks,77,0.0,1.58,6848.0
1991-12-04,dominicks,77,1.0,1.58,16320.0
1991-12-11,dominicks,77,0.0,1.58,13824.0
1991-12-18,dominicks,77,1.0,1.58,14976.0
1991-12-25,dominicks,77,0.0,1.58,6848.0
1992-01-01,dominicks,77,1.0,1.58,8704.0
1992-01-08,dominicks,77,0.0,1.58,6272.0
1992-01-15,dominicks,77,0.0,1.58,2176.0
1992-01-22,dominicks,77,0.0,1.58,4736.0
1992-01-29,dominicks,77,0.0,1.58,11072.0
1992-02-05,dominicks,77,0.0,1.58,36480.0
1992-02-12,dominicks,77,0.0,1.58,8704.0
1992-02-19,dominicks,77,0.0,1.58,3904.0
1992-02-26,dominicks,77,0.0,1.58,5824.0
1992-03-04,dominicks,77,0.0,1.58,8256.0
1992-03-11,dominicks,77,1.0,1.58,37888.0
1992-03-18,dominicks,77,0.0,1.58,13056.0
1992-03-25,dominicks,77,0.0,1.58,16128.0
1992-04-01,dominicks,77,0.0,1.58,8384.0
1992-04-08,dominicks,77,0.0,1.58,7616.0
1992-04-15,dominicks,77,0.0,1.58,11008.0
1992-04-22,dominicks,77,1.0,1.29,44672.0
1992-04-29,dominicks,77,0.0,1.29,11456.0
1992-05-06,dominicks,77,0.0,1.59,2624.0
1992-05-13,dominicks,77,0.0,1.59,5376.0
1992-05-20,dominicks,77,0.0,1.69,7936.0
1992-05-27,dominicks,77,0.0,1.69,5120.0
1992-06-03,dominicks,77,0.0,1.69,44928.0
1992-06-10,dominicks,77,0.0,1.69,20544.0
1992-06-17,dominicks,77,0.0,1.69,6144.0
1992-06-24,dominicks,77,0.0,1.69,6976.0
1992-07-01,dominicks,77,0.0,1.69,7488.0
1992-07-08,dominicks,77,0.0,1.69,6784.0
1992-07-15,dominicks,77,0.0,1.29,13312.0
1992-07-22,dominicks,77,0.0,1.69,9728.0
1992-07-29,dominicks,77,0.228682783,2.326737768,0.0
1992-08-05,dominicks,77,0.228682783,2.326737768,0.0
1992-08-12,dominicks,77,0.228682783,2.326737768,0.0
1992-08-19,dominicks,77,0.228682783,2.326737768,0.0
1992-08-26,dominicks,77,0.0,1.49,15616.0
1992-09-02,dominicks,77,0.0,1.29,12672.0
1992-09-09,dominicks,77,0.0,1.69,5888.0
1992-09-16,dominicks,77,0.0,1.92,3456.0
1992-09-23,dominicks,77,0.0,1.92,4480.0
1992-09-30,dominicks,77,0.0,1.49,30592.0
1992-10-07,dominicks,77,0.0,1.92,5376.0
1990-06-20,dominicks,78,1.0,1.59,7040.0
1990-06-27,dominicks,78,0.0,2.29,1472.0
1990-07-04,dominicks,78,0.0,2.29,832.0
1990-07-11,dominicks,78,0.0,2.29,3968.0
1990-07-18,dominicks,78,0.0,2.29,1344.0
1990-07-25,dominicks,78,0.0,2.29,3776.0
1990-08-01,dominicks,78,0.0,2.29,4352.0
1990-08-08,dominicks,78,1.0,2.09,6464.0
1990-08-15,dominicks,78,0.0,2.09,1536.0
1990-08-22,dominicks,78,0.0,2.09,2240.0
1990-08-29,dominicks,78,0.0,2.09,1920.0
1990-09-05,dominicks,78,1.0,1.89,25408.0
1990-09-12,dominicks,78,0.0,1.89,11712.0
1990-09-19,dominicks,78,0.0,1.89,13568.0
1990-09-26,dominicks,78,0.0,1.79,9920.0
1990-10-03,dominicks,78,1.0,1.79,44160.0
1990-10-10,dominicks,78,0.0,1.79,10752.0
1990-10-17,dominicks,78,0.0,2.29,1600.0
1990-10-24,dominicks,78,1.0,1.14,134720.0
1990-10-31,dominicks,78,0.0,1.59,1856.0
1990-11-07,dominicks,78,1.0,1.59,23552.0
1990-11-14,dominicks,78,0.0,1.29,23488.0
1990-11-21,dominicks,78,0.0,0.99,35648.0
1990-11-28,dominicks,78,1.0,1.59,25216.0
1990-12-05,dominicks,78,1.0,2.29,90752.0
1990-12-12,dominicks,78,0.0,1.79,13696.0
1990-12-19,dominicks,78,1.0,1.39,64832.0
1990-12-26,dominicks,78,0.0,1.79,18816.0
1991-01-02,dominicks,78,0.0,1.79,2496.0
1991-01-09,dominicks,78,0.0,1.79,7232.0
1991-01-16,dominicks,78,1.0,0.99,162944.0
1991-01-23,dominicks,78,0.0,1.79,3840.0
1991-01-30,dominicks,78,0.0,1.79,13056.0
1991-02-06,dominicks,78,1.0,1.49,50048.0
1991-02-13,dominicks,78,0.0,1.49,9600.0
1991-02-20,dominicks,78,0.0,1.79,6080.0
1991-02-27,dominicks,78,0.0,1.79,5952.0
1991-03-06,dominicks,78,1.0,1.79,5568.0
1991-03-13,dominicks,78,1.0,0.89,143104.0
1991-03-20,dominicks,78,0.0,1.79,2176.0
1991-03-27,dominicks,78,0.0,1.79,3840.0
1991-04-03,dominicks,78,1.0,1.59,6208.0
1991-04-10,dominicks,78,0.228682783,2.326737768,7168.0
1991-04-17,dominicks,78,0.0,1.59,8128.0
1991-04-24,dominicks,78,1.0,0.99,160640.0
1991-05-01,dominicks,78,1.0,1.79,5120.0
1991-05-08,dominicks,78,0.0,1.79,5696.0
1991-05-15,dominicks,78,0.0,1.79,1280.0
1991-05-22,dominicks,78,0.0,1.79,7936.0
1991-05-29,dominicks,78,1.0,1.59,46016.0
1991-06-05,dominicks,78,0.0,1.59,4480.0
1991-06-12,dominicks,78,0.0,1.59,7232.0
1991-06-19,dominicks,78,1.0,1.19,29376.0
1991-06-26,dominicks,78,0.0,1.29,16256.0
1991-07-03,dominicks,78,0.0,1.59,8640.0
1991-07-10,dominicks,78,0.0,1.59,5696.0
1991-07-17,dominicks,78,1.0,1.59,27328.0
1991-07-24,dominicks,78,0.0,1.59,8896.0
1991-07-31,dominicks,78,0.0,1.59,14464.0
1991-08-07,dominicks,78,1.0,0.99,100992.0
1991-08-14,dominicks,78,0.0,0.99,38848.0
1991-08-21,dominicks,78,1.0,1.49,24000.0
1991-08-28,dominicks,78,0.0,1.49,12416.0
1991-09-04,dominicks,78,0.0,1.39,19520.0
1991-09-11,dominicks,78,0.0,1.39,17280.0
1991-09-18,dominicks,78,0.0,1.39,17984.0
1991-09-25,dominicks,78,1.0,1.58,15552.0
1991-10-02,dominicks,78,0.0,1.58,14080.0
1991-10-09,dominicks,78,0.0,1.58,10816.0
1991-10-16,dominicks,78,1.0,1.58,37120.0
1991-10-23,dominicks,78,0.0,1.58,7424.0
1991-10-30,dominicks,78,0.0,1.58,8000.0
1991-11-06,dominicks,78,0.0,1.58,1984.0
1991-11-13,dominicks,78,1.0,1.58,6400.0
1991-11-20,dominicks,78,0.0,1.58,10112.0
1991-11-27,dominicks,78,0.0,1.58,11072.0
1991-12-04,dominicks,78,1.0,1.58,28480.0
1991-12-11,dominicks,78,0.0,1.58,21952.0
1991-12-18,dominicks,78,1.0,1.58,21184.0
1991-12-25,dominicks,78,0.0,1.58,5312.0
1992-01-01,dominicks,78,1.0,1.58,8256.0
1992-01-08,dominicks,78,0.0,1.58,12928.0
1992-01-15,dominicks,78,0.0,1.58,2944.0
1992-01-22,dominicks,78,0.0,1.58,7040.0
1992-01-29,dominicks,78,0.0,1.58,16768.0
1992-02-05,dominicks,78,0.0,1.58,57536.0
1992-02-12,dominicks,78,0.0,1.58,17856.0
1992-02-19,dominicks,78,0.0,1.58,4800.0
1992-02-26,dominicks,78,0.0,1.58,4928.0
1992-03-04,dominicks,78,0.0,1.58,6912.0
1992-03-11,dominicks,78,1.0,1.58,56640.0
1992-03-18,dominicks,78,0.0,1.58,10432.0
1992-03-25,dominicks,78,0.0,1.58,24320.0
1992-04-01,dominicks,78,0.0,1.58,5824.0
1992-04-08,dominicks,78,0.0,1.58,8192.0
1992-04-15,dominicks,78,0.0,1.58,8704.0
1992-04-22,dominicks,78,1.0,1.29,80704.0
1992-04-29,dominicks,78,0.0,1.29,21376.0
1992-05-06,dominicks,78,0.0,1.59,7232.0
1992-05-13,dominicks,78,0.0,1.59,10752.0
1992-05-20,dominicks,78,0.0,1.69,10560.0
1992-05-27,dominicks,78,0.0,1.69,10112.0
1992-06-03,dominicks,78,0.0,1.69,71232.0
1992-06-10,dominicks,78,0.0,1.69,39296.0
1992-06-17,dominicks,78,0.0,1.69,13760.0
1992-06-24,dominicks,78,0.0,1.69,10240.0
1992-07-01,dominicks,78,0.0,1.69,8960.0
1992-07-08,dominicks,78,0.0,1.69,12992.0
1992-07-15,dominicks,78,0.0,1.29,16256.0
1992-07-22,dominicks,78,0.0,1.69,7936.0
1992-07-29,dominicks,78,0.0,1.69,5248.0
1992-08-05,dominicks,78,1.0,1.49,39808.0
1992-08-12,dominicks,78,1.0,1.59,6656.0
1992-08-19,dominicks,78,0.0,1.69,8192.0
1992-08-26,dominicks,78,0.0,1.49,20864.0
1992-09-02,dominicks,78,0.0,1.29,23744.0
1992-09-09,dominicks,78,0.0,1.69,4416.0
1992-09-16,dominicks,78,0.0,1.79,5120.0
1992-09-23,dominicks,78,0.0,1.79,4864.0
1992-09-30,dominicks,78,0.0,1.49,46400.0
1992-10-07,dominicks,78,0.0,1.79,6976.0
1990-06-20,dominicks,80,1.0,1.59,16000.0
1990-06-27,dominicks,80,0.228682783,2.326737768,12309.33333
1990-07-04,dominicks,80,0.228682783,2.326737768,8618.666667
1990-07-11,dominicks,80,0.0,2.29,4928.0
1990-07-18,dominicks,80,0.0,2.29,4160.0
1990-07-25,dominicks,80,0.0,2.29,4224.0
1990-08-01,dominicks,80,0.0,2.29,4800.0
1990-08-08,dominicks,80,1.0,2.09,6976.0
1990-08-15,dominicks,80,0.0,2.09,5312.0
1990-08-22,dominicks,80,0.0,2.09,4160.0
1990-08-29,dominicks,80,0.0,2.09,3072.0
1990-09-05,dominicks,80,1.0,1.89,23232.0
1990-09-12,dominicks,80,0.0,1.89,13312.0
1990-09-19,dominicks,80,0.0,1.89,13376.0
1990-09-26,dominicks,80,0.0,1.79,17536.0
1990-10-03,dominicks,80,1.0,1.79,39872.0
1990-10-10,dominicks,80,0.0,1.79,14656.0
1990-10-17,dominicks,80,0.0,2.29,2496.0
1990-10-24,dominicks,80,1.0,1.14,97664.0
1990-10-31,dominicks,80,0.0,1.59,2240.0
1990-11-07,dominicks,80,1.0,1.59,18688.0
1990-11-14,dominicks,80,0.0,1.29,27456.0
1990-11-21,dominicks,80,0.0,0.99,38528.0
1990-11-28,dominicks,80,1.0,1.59,25536.0
1990-12-05,dominicks,80,1.0,2.29,67584.0
1990-12-12,dominicks,80,0.0,1.79,10048.0
1990-12-19,dominicks,80,1.0,1.39,31680.0
1990-12-26,dominicks,80,0.0,1.79,8000.0
1991-01-02,dominicks,80,0.0,1.79,2240.0
1991-01-09,dominicks,80,0.0,1.79,12160.0
1991-01-16,dominicks,80,1.0,0.99,101504.0
1991-01-23,dominicks,80,0.0,1.79,21632.0
1991-01-30,dominicks,80,0.0,1.79,7872.0
1991-02-06,dominicks,80,1.0,1.49,28672.0
1991-02-13,dominicks,80,0.0,1.49,11776.0
1991-02-20,dominicks,80,0.0,1.79,2048.0
1991-02-27,dominicks,80,0.0,1.79,3712.0
1991-03-06,dominicks,80,1.0,1.79,12224.0
1991-03-13,dominicks,80,1.0,0.89,91328.0
1991-03-20,dominicks,80,0.0,1.79,1344.0
1991-03-27,dominicks,80,0.0,1.79,3968.0
1991-04-03,dominicks,80,1.0,1.59,3392.0
1991-04-10,dominicks,80,0.0,1.59,5888.0
1991-04-17,dominicks,80,0.0,1.59,4224.0
1991-04-24,dominicks,80,1.0,0.99,95360.0
1991-05-01,dominicks,80,1.0,1.79,4608.0
1991-05-08,dominicks,80,0.0,1.79,3072.0
1991-05-15,dominicks,80,0.0,1.79,1664.0
1991-05-22,dominicks,80,0.0,1.79,5376.0
1991-05-29,dominicks,80,1.0,1.59,25856.0
1991-06-05,dominicks,80,0.0,1.59,6656.0
1991-06-12,dominicks,80,0.0,1.59,6400.0
1991-06-19,dominicks,80,1.0,1.19,9344.0
1991-06-26,dominicks,80,0.0,1.29,20736.0
1991-07-03,dominicks,80,0.0,1.59,5376.0
1991-07-10,dominicks,80,0.0,1.59,2304.0
1991-07-17,dominicks,80,1.0,1.59,11904.0
1991-07-24,dominicks,80,0.0,1.59,3648.0
1991-07-31,dominicks,80,0.0,1.59,5376.0
1991-08-07,dominicks,80,1.0,0.99,67136.0
1991-08-14,dominicks,80,0.0,0.99,11456.0
1991-08-21,dominicks,80,1.0,1.49,22400.0
1991-08-28,dominicks,80,0.0,1.49,5440.0
1991-09-04,dominicks,80,0.0,1.39,19904.0
1991-09-11,dominicks,80,0.0,1.39,13696.0
1991-09-18,dominicks,80,0.0,1.39,11968.0
1991-09-25,dominicks,80,1.0,1.58,9024.0
1991-10-02,dominicks,80,0.0,1.58,5824.0
1991-10-09,dominicks,80,0.0,1.58,8768.0
1991-10-16,dominicks,80,1.0,1.58,23552.0
1991-10-23,dominicks,80,0.0,1.58,6528.0
1991-10-30,dominicks,80,0.0,1.58,4608.0
1991-11-06,dominicks,80,0.0,1.58,2176.0
1991-11-13,dominicks,80,1.0,1.58,6592.0
1991-11-20,dominicks,80,0.0,1.58,6720.0
1991-11-27,dominicks,80,0.0,1.58,8128.0
1991-12-04,dominicks,80,1.0,1.58,13504.0
1991-12-11,dominicks,80,0.0,1.58,14144.0
1991-12-18,dominicks,80,1.0,1.58,10304.0
1991-12-25,dominicks,80,0.0,1.58,2432.0
1992-01-01,dominicks,80,1.0,1.58,8128.0
1992-01-08,dominicks,80,0.0,1.58,7552.0
1992-01-15,dominicks,80,0.0,1.58,1920.0
1992-01-22,dominicks,80,0.0,1.58,5312.0
1992-01-29,dominicks,80,0.0,1.58,10176.0
1992-02-05,dominicks,80,0.0,1.58,55296.0
1992-02-12,dominicks,80,0.0,1.58,6400.0
1992-02-19,dominicks,80,0.0,1.58,2816.0
1992-02-26,dominicks,80,0.0,1.58,4352.0
1992-03-04,dominicks,80,0.0,1.58,6464.0
1992-03-11,dominicks,80,1.0,1.58,48192.0
1992-03-18,dominicks,80,0.0,1.58,8768.0
1992-03-25,dominicks,80,0.0,1.58,28736.0
1992-04-01,dominicks,80,0.228682783,2.326737768,0.0
1992-04-08,dominicks,80,0.0,1.58,7616.0
1992-04-15,dominicks,80,0.0,1.58,9728.0
1992-04-22,dominicks,80,1.0,1.29,53504.0
1992-04-29,dominicks,80,0.0,1.29,12096.0
1992-05-06,dominicks,80,0.0,1.59,8448.0
1992-05-13,dominicks,80,0.0,1.59,8320.0
1992-05-20,dominicks,80,0.0,1.69,9664.0
1992-05-27,dominicks,80,0.0,1.69,5760.0
1992-06-03,dominicks,80,0.0,1.69,51968.0
1992-06-10,dominicks,80,0.0,1.69,20480.0
1992-06-17,dominicks,80,0.0,1.69,6272.0
1992-06-24,dominicks,80,0.0,1.69,4096.0
1992-07-01,dominicks,80,0.0,1.69,2432.0
1992-07-08,dominicks,80,0.0,1.69,7552.0
1992-07-15,dominicks,80,0.0,1.29,11840.0
1992-07-22,dominicks,80,0.0,1.69,7616.0
1992-07-29,dominicks,80,0.0,1.69,5888.0
1992-08-05,dominicks,80,1.0,1.49,36352.0
1992-08-12,dominicks,80,1.0,1.59,5696.0
1992-08-19,dominicks,80,0.0,1.69,7104.0
1992-08-26,dominicks,80,0.0,1.49,19136.0
1992-09-02,dominicks,80,0.0,1.29,7104.0
1992-09-09,dominicks,80,0.0,1.69,5760.0
1992-09-16,dominicks,80,0.0,1.92,3392.0
1992-09-23,dominicks,80,0.0,1.92,5504.0
1992-09-30,dominicks,80,0.0,1.49,30144.0
1992-10-07,dominicks,80,0.0,1.92,5120.0
