data/dominicks_oj_data/dominicks_oj_small.csv
date,brand,store,on_promotion,price,quantity
1990-06-20,dominicks,81,1.0,1.59,4864.0
1990-06-27,dominicks,81,0.0,2.49,2752.0
1990-07-04,dominicks,81,0.0,2.49,2624.0
1990-07-11,dominicks,81,0.0,2.49,2240.0
1990-07-18,dominicks,81,0.0,2.49,1472.0
1990-07-25,dominicks,81,0.0,2.49,2688.0
1990-08-01,dominicks,81,0.0,2.49,4800.0
1990-08-08,dominicks,81,1.0,2.09,9280.0
1990-08-15,dominicks,81,0.0,2.09,2432.0
1990-08-22,dominicks,81,0.0,2.09,4800.0
1990-08-29,dominicks,81,0.0,2.09,2304.0
1990-09-05,dominicks,81,1.0,1.89,35072.0
1990-09-12,dominicks,81,0.228682783,2.326737768,26282.66667
1990-09-19,dominicks,81,0.228682783,2.326737768,17493.33333
1990-09-26,dominicks,81,0.0,1.79,8704.0
1990-10-03,dominicks,81,1.0,1.79,50368.0
1990-10-10,dominicks,81,0.0,1.79,6784.0
1990-10-17,dominicks,81,0.0,2.49,1216.0
1990-10-24,dominicks,81,1.0,1.24,98688.0
1990-10-31,dominicks,81,0.0,1.59,1280.0
1990-11-07,dominicks,81,1.0,1.59,26176.0
1990-11-14,dominicks,81,0.0,1.29,15040.0
1990-11-21,dominicks,81,0.0,0.99,21888.0
1990-11-28,dominicks,81,1.0,1.59,23360.0
1990-12-05,dominicks,81,1.0,2.49,57472.0
1990-12-12,dominicks,81,0.228682783,2.326737768,50400.0
1990-12-19,dominicks,81,1.0,1.39,43328.0
1990-12-26,dominicks,81,0.0,2.19,2368.0
1991-01-02,dominicks,81,0.0,2.19,2432.0
1991-01-09,dominicks,81,0.0,2.19,2624.0
1991-01-16,dominicks,81,1.0,0.99,129792.0
1991-01-23,dominicks,81,0.0,2.19,2496.0
1991-01-30,dominicks,81,0.0,2.19,5504.0
1991-02-06,dominicks,81,1.0,1.49,41088.0
1991-02-13,dominicks,81,0.0,1.49,10176.0
1991-02-20,dominicks,81,0.0,2.19,4544.0
1991-02-27,dominicks,81,0.0,2.19,4288.0
1991-03-06,dominicks,81,1.0,1.99,6400.0
1991-03-13,dominicks,81,1.0,1.09,77888.0
1991-03-20,dominicks,81,0.0,2.19,1600.0
1991-03-27,dominicks,81,0.0,2.19,5120.0
1991-04-03,dominicks,81,1.0,1.59,17728.0
1991-04-10,dominicks,81,0.0,1.59,9216.0
1991-04-17,dominicks,81,0.0,1.59,8960.0
1991-04-24,dominicks,81,1.0,0.99,145920.0
1991-05-01,dominicks,81,1.0,2.19,1472.0
1991-05-08,dominicks,81,0.0,2.19,2048.0
1991-05-15,dominicks,81,0.0,2.19,1856.0
1991-05-22,dominicks,81,0.0,2.19,8832.0
1991-05-29,dominicks,81,0.228682783,2.326737768,7253.333333
1991-06-05,dominicks,81,0.228682783,2.326737768,5674.666667
1991-06-12,dominicks,81,0.0,2.09,4096.0
1991-06-19,dominicks,81,1.0,1.41,10368.0
1991-06-26,dominicks,81,0.0,1.29,20416.0
1991-07-03,dominicks,81,0.0,1.89,3200.0
1991-07-10,dominicks,81,0.0,1.89,7040.0
1991-07-17,dominicks,81,1.0,1.59,24192.0
1991-07-24,dominicks,81,0.0,1.59,7808.0
1991-07-31,dominicks,81,0.0,1.89,8832.0
1991-08-07,dominicks,81,1.0,0.99,64640.0
1991-08-14,dominicks,81,0.0,0.99,18944.0
1991-08-21,dominicks,81,1.0,1.49,33664.0
1991-08-28,dominicks,81,0.0,1.49,8768.0
1991-09-04,dominicks,81,0.0,1.39,9152.0
1991-09-11,dominicks,81,0.0,1.39,15232.0
1991-09-18,dominicks,81,0.0,1.39,11904.0
1991-09-25,dominicks,81,1.0,1.58,7744.0
1991-10-02,dominicks,81,0.0,1.58,9728.0
1991-10-09,dominicks,81,0.0,1.58,12608.0
1991-10-16,dominicks,81,1.0,1.58,42304.0
1991-10-23,dominicks,81,0.0,1.58,12480.0
1991-10-30,dominicks,81,0.0,1.58,5760.0
1991-11-06,dominicks,81,0.0,1.58,3264.0
1991-11-13,dominicks,81,1.0,1.58,6976.0
1991-11-20,dominicks,81,0.0,1.58,8896.0
1991-11-27,dominicks,81,0.0,1.58,5696.0
1991-12-04,dominicks,81,1.0,1.58,29760.0
1991-12-11,dominicks,81,0.0,1.58,14464.0
1991-12-18,dominicks,81,1.0,1.58,10752.0
1991-12-25,dominicks,81,0.0,1.58,9664.0
1992-01-01,dominicks,81,1.0,1.58,11072.0
1992-01-08,dominicks,81,0.0,1.58,4992.0
1992-01-15,dominicks,81,0.0,1.58,3200.0
1992-01-22,dominicks,81,0.0,1.58,4992.0
1992-01-29,dominicks,81,0.0,1.58,15488.0
1992-02-05,dominicks,81,0.0,1.58,47296.0
1992-02-12,dominicks,81,0.0,1.58,9152.0
1992-02-19,dominicks,81,0.0,1.58,11968.0
1992-02-26,dominicks,81,0.0,1.58,5696.0
1992-03-04,dominicks,81,0.0,1.58,18176.0
1992-03-11,dominicks,81,1.0,1.58,57088.0
1992-03-18,dominicks,81,0.0,1.58,14144.0
1992-03-25,dominicks,81,0.0,1.58,24064.0
1992-04-01,dominicks,81,0.0,1.58,9280.0
1992-04-08,dominicks,81,0.0,1.58,6272.0
1992-04-15,dominicks,81,0.0,1.58,9792.0
1992-04-22,dominicks,81,1.0,1.29,78528.0
1992-04-29,dominicks,81,0.0,1.29,16576.0
1992-05-06,dominicks,81,0.0,1.89,9280.0
1992-05-13,dominicks,81,0.0,1.89,7936.0
1992-05-20,dominicks,81,0.0,1.99,4928.0
1992-05-27,dominicks,81,0.0,1.69,12480.0
1992-06-03,dominicks,81,0.0,1.69,52032.0
1992-06-10,dominicks,81,0.0,1.69,26560.0
1992-06-17,dominicks,81,0.0,1.99,8128.0
1992-06-24,dominicks,81,0.0,1.99,3840.0
1992-07-01,dominicks,81,0.0,1.99,1920.0
1992-07-08,dominicks,81,0.0,1.99,6336.0
1992-07-15,dominicks,81,0.0,1.29,7424.0
1992-07-22,dominicks,81,0.0,1.99,8448.0
1992-07-29,dominicks,81,0.228682783,2.326737768,0.0
1992-08-05,dominicks,81,1.0,1.49,31232.0
1992-08-12,dominicks,81,1.0,1.89,6080.0
1992-08-19,dominicks,81,0.0,1.99,11520.0
1992-08-26,dominicks,81,0.0,1.79,25408.0
1992-09-02,dominicks,81,0.0,1.29,13312.0
1992-09-09,dominicks,81,0.0,1.99,4032.0
1992-09-16,dominicks,81,0.0,1.99,4672.0
1992-09-23,dominicks,81,0.0,1.99,5824.0
1992-09-30,dominicks,81,0.0,1.49,32384.0
1992-10-07,dominicks,81,0.0,1.99,7680.0
1990-06-20,dominicks,84,1.0,1.59,1984.0
1990-06-27,dominicks,84,0.0,2.49,2944.0
1990-07-04,dominicks,84,0.0,2.49,4288.0
1990-07-11,dominicks,84,0.0,2.49,4672.0
1990-07-18,dominicks,84,0.0,2.49,1408.0
1990-07-25,dominicks,84,0.0,2.49,1152.0
1990-08-01,dominicks,84,0.0,2.49,6272.0
1990-08-08,dominicks,84,1.0,2.09,5696.0
1990-08-15,dominicks,84,0.0,2.09,4224.0
1990-08-22,dominicks,84,0.0,2.09,3072.0
1990-08-29,dominicks,84,0.0,2.09,1664.0
1990-09-05,dominicks,84,1.0,1.89,26368.0
1990-09-12,dominicks,84,0.0,1.89,15488.0
1990-09-19,dominicks,84,0.0,1.89,11008.0
1990-09-26,dominicks,84,0.0,1.79,9856.0
1990-10-03,dominicks,84,1.0,1.79,40192.0
1990-10-10,dominicks,84,0.0,1.79,11200.0
1990-10-17,dominicks,84,0.0,2.49,1088.0
1990-10-24,dominicks,84,1.0,1.24,74624.0
1990-10-31,dominicks,84,0.0,1.59,1664.0
1990-11-07,dominicks,84,1.0,1.59,18368.0
1990-11-14,dominicks,84,0.0,1.29,22912.0
1990-11-21,dominicks,84,0.0,0.99,30720.0
1990-11-28,dominicks,84,1.0,1.59,12032.0
1990-12-05,dominicks,84,1.0,2.49,48192.0
1990-12-12,dominicks,84,0.0,2.19,14592.0
1990-12-19,dominicks,84,1.0,1.39,51648.0
1990-12-26,dominicks,84,0.0,2.19,3200.0
1991-01-02,dominicks,84,0.0,2.19,1344.0
1991-01-09,dominicks,84,0.0,2.19,2304.0
1991-01-16,dominicks,84,1.0,0.99,138240.0
1991-01-23,dominicks,84,0.0,2.19,2432.0
1991-01-30,dominicks,84,0.0,2.19,9536.0
1991-02-06,dominicks,84,1.0,1.49,65024.0
1991-02-13,dominicks,84,0.0,1.49,13248.0
1991-02-20,dominicks,84,0.0,2.19,1152.0
1991-02-27,dominicks,84,0.0,2.19,2304.0
1991-03-06,dominicks,84,1.0,1.99,4416.0
1991-03-13,dominicks,84,1.0,1.09,68544.0
1991-03-20,dominicks,84,0.0,2.19,2304.0
1991-03-27,dominicks,84,0.0,2.19,4992.0
1991-04-03,dominicks,84,1.0,1.59,7168.0
1991-04-10,dominicks,84,0.0,1.59,11520.0
1991-04-17,dominicks,84,0.0,1.59,5504.0
1991-04-24,dominicks,84,1.0,0.99,129536.0
1991-05-01,dominicks,84,1.0,2.19,1088.0
1991-05-08,dominicks,84,0.0,2.19,2048.0
1991-05-15,dominicks,84,0.0,2.19,1280.0
1991-05-22,dominicks,84,0.0,2.19,4288.0
1991-05-29,dominicks,84,1.0,1.59,31296.0
1991-06-05,dominicks,84,0.0,1.59,10112.0
1991-06-12,dominicks,84,0.0,2.09,2688.0
1991-06-19,dominicks,84,1.0,1.41,10624.0
1991-06-26,dominicks,84,0.0,1.29,10624.0
1991-07-03,dominicks,84,0.0,1.89,1984.0
1991-07-10,dominicks,84,0.0,1.89,5376.0
1991-07-17,dominicks,84,1.0,1.59,27008.0
1991-07-24,dominicks,84,0.0,1.59,4416.0
1991-07-31,dominicks,84,0.0,1.89,7680.0
1991-08-07,dominicks,84,1.0,0.99,71296.0
1991-08-14,dominicks,84,0.0,0.99,13056.0
1991-08-21,dominicks,84,1.0,1.49,24640.0
1991-08-28,dominicks,84,0.0,1.49,4032.0
1991-09-04,dominicks,84,0.0,1.39,8192.0
1991-09-11,dominicks,84,0.0,1.39,10496.0
1991-09-18,dominicks,84,0.0,1.39,7296.0
1991-09-25,dominicks,84,1.0,1.58,9600.0
1991-10-02,dominicks,84,0.0,1.58,9664.0
1991-10-09,dominicks,84,0.0,1.58,9728.0
1991-10-16,dominicks,84,1.0,1.58,29760.0
1991-10-23,dominicks,84,0.0,1.58,6400.0
1991-10-30,dominicks,84,0.0,1.58,5504.0
1991-11-06,dominicks,84,0.0,1.58,2816.0
1991-11-13,dominicks,84,1.0,1.58,12224.0
1991-11-20,dominicks,84,0.0,1.58,6336.0
1991-11-27,dominicks,84,0.0,1.58,5056.0
1991-12-04,dominicks,84,1.0,1.58,20160.0
1991-12-11,dominicks,84,0.0,1.58,16768.0
1991-12-18,dominicks,84,1.0,1.58,15552.0
1991-12-25,dominicks,84,0.0,1.58,6464.0
1992-01-01,dominicks,84,1.0,1.58,11712.0
1992-01-08,dominicks,84,0.0,1.58,11072.0
1992-01-15,dominicks,84,0.0,1.58,1536.0
1992-01-22,dominicks,84,0.0,1.58,5184.0
1992-01-29,dominicks,84,0.0,1.58,9920.0
1992-02-05,dominicks,84,0.0,1.58,62272.0
1992-02-12,dominicks,84,0.0,1.58,22208.0
1992-02-19,dominicks,84,0.0,1.58,15040.0
1992-02-26,dominicks,84,0.0,1.58,10240.0
1992-03-04,dominicks,84,0.0,1.58,11264.0
1992-03-11,dominicks,84,1.0,1.58,57664.0
1992-03-18,dominicks,84,0.0,1.58,8000.0
1992-03-25,dominicks,84,0.0,1.58,25600.0
1992-04-01,dominicks,84,0.0,1.58,5120.0
1992-04-08,dominicks,84,0.0,1.58,6592.0
1992-04-15,dominicks,84,0.0,1.58,23680.0
1992-04-22,dominicks,84,1.0,1.29,56448.0
1992-04-29,dominicks,84,0.0,1.29,8064.0
1992-05-06,dominicks,84,0.0,1.89,5760.0
1992-05-13,dominicks,84,0.0,1.89,7168.0
1992-05-20,dominicks,84,0.0,1.99,6784.0
1992-05-27,dominicks,84,0.0,1.69,8128.0
1992-06-03,dominicks,84,0.0,1.69,67712.0
1992-06-10,dominicks,84,0.0,1.69,25664.0
1992-06-17,dominicks,84,0.0,1.99,6912.0
1992-06-24,dominicks,84,0.0,1.99,2368.0
1992-07-01,dominicks,84,0.0,1.99,1792.0
1992-07-08,dominicks,84,0.0,1.99,5184.0
1992-07-15,dominicks,84,0.0,1.29,4544.0
1992-07-22,dominicks,84,0.0,1.99,8448.0
1992-07-29,dominicks,84,0.228682783,2.326737768,0.0
1992-08-05,dominicks,84,0.228682783,2.326737768,0.0
1992-08-12,dominicks,84,0.228682783,2.326737768,0.0
1992-08-19,dominicks,84,0.228682783,2.326737768,0.0
1992-08-26,dominicks,84,0.228682783,2.326737768,0.0
1992-09-02,dominicks,84,0.228682783,2.326737768,0.0
1992-09-09,dominicks,84,0.228682783,2.326737768,0.0
1992-09-16,dominicks,84,0.228682783,2.326737768,0.0
1992-09-23,dominicks,84,0.0,1.85,2368.0
1992-09-30,dominicks,84,0.0,1.49,40896.0
1992-10-07,dominicks,84,0.0,1.85,6784.0
1990-06-20,dominicks,88,1.0,1.59,5440.0
1990-06-27,dominicks,88,0.0,2.49,1856.0
1990-07-04,dominicks,88,0.0,2.49,2560.0
1990-07-11,dominicks,88,0.0,2.49,3072.0
1990-07-18,dominicks,88,0.0,2.49,1728.0
1990-07-25,dominicks,88,0.0,2.49,896.0
1990-08-01,dominicks,88,0.0,2.49,3776.0
1990-08-08,dominicks,88,1.0,2.09,3904.0
1990-08-15,dominicks,88,0.0,2.09,2432.0
1990-08-22,dominicks,88,0.0,2.09,1920.0
1990-08-29,dominicks,88,0.0,2.09,1024.0
1990-09-05,dominicks,88,1.0,1.89,24064.0
1990-09-12,dominicks,88,0.0,1.89,8064.0
1990-09-19,dominicks,88,0.0,1.89,7552.0
1990-09-26,dominicks,88,0.0,1.79,6464.0
1990-10-03,dominicks,88,1.0,1.79,31744.0
1990-10-10,dominicks,88,0.0,1.79,5888.0
1990-10-17,dominicks,88,0.0,2.49,704.0
1990-10-24,dominicks,88,1.0,1.24,51712.0
1990-10-31,dominicks,88,0.0,1.59,2496.0
1990-11-07,dominicks,88,1.0,1.59,9344.0
1990-11-14,dominicks,88,0.0,1.29,11712.0
1990-11-21,dominicks,88,0.0,0.99,30976.0
1990-11-28,dominicks,88,1.0,1.59,18816.0
1990-12-05,dominicks,88,1.0,2.49,36928.0
1990-12-12,dominicks,88,0.0,2.19,4352.0
1990-12-19,dominicks,88,1.0,1.39,29632.0
1990-12-26,dominicks,88,0.0,2.19,3264.0
1991-01-02,dominicks,88,0.0,2.19,3200.0
1991-01-09,dominicks,88,0.0,2.19,3264.0
1991-01-16,dominicks,88,1.0,0.99,108544.0
1991-01-23,dominicks,88,0.0,2.19,9152.0
1991-01-30,dominicks,88,0.228682783,2.326737768,9216.0
1991-02-06,dominicks,88,0.228682783,2.326737768,9280.0
1991-02-13,dominicks,88,0.0,1.49,9344.0
1991-02-20,dominicks,88,0.0,2.19,3136.0
1991-02-27,dominicks,88,0.0,2.19,3456.0
1991-03-06,dominicks,88,1.0,1.99,5568.0
1991-03-13,dominicks,88,1.0,1.09,50880.0
1991-03-20,dominicks,88,0.0,2.19,1216.0
1991-03-27,dominicks,88,0.0,2.19,3392.0
1991-04-03,dominicks,88,1.0,1.59,9984.0
1991-04-10,dominicks,88,0.0,1.59,19328.0
1991-04-17,dominicks,88,0.0,1.59,4928.0
1991-04-24,dominicks,88,1.0,0.99,105408.0
1991-05-01,dominicks,88,1.0,2.19,960.0
1991-05-08,dominicks,88,0.0,2.19,2304.0
1991-05-15,dominicks,88,0.0,2.19,1216.0
1991-05-22,dominicks,88,0.0,2.19,4928.0
1991-05-29,dominicks,88,1.0,1.59,35584.0
1991-06-05,dominicks,88,0.0,1.59,27840.0
1991-06-12,dominicks,88,0.0,2.09,2560.0
1991-06-19,dominicks,88,1.0,1.41,5696.0
1991-06-26,dominicks,88,0.0,1.29,19968.0
1991-07-03,dominicks,88,0.0,1.89,1152.0
1991-07-10,dominicks,88,0.0,1.89,4032.0
1991-07-17,dominicks,88,1.0,1.59,21120.0
1991-07-24,dominicks,88,0.0,1.59,7488.0
1991-07-31,dominicks,88,0.0,1.89,6528.0
1991-08-07,dominicks,88,1.0,0.99,45440.0
1991-08-14,dominicks,88,0.0,0.99,13440.0
1991-08-21,dominicks,88,1.0,1.49,20416.0
1991-08-28,dominicks,88,0.0,1.49,3456.0
1991-09-04,dominicks,88,0.0,1.39,4480.0
1991-09-11,dominicks,88,0.0,1.39,1408.0
1991-09-18,dominicks,88,0.0,1.39,3328.0
1991-09-25,dominicks,88,1.0,1.58,8512.0
1991-10-02,dominicks,88,0.0,1.58,7360.0
1991-10-09,dominicks,88,0.228682783,2.326737768,17600.0
1991-10-16,dominicks,88,1.0,1.58,27840.0
1991-10-23,dominicks,88,0.0,1.58,4736.0
1991-10-30,dominicks,88,0.0,1.58,3840.0
1991-11-06,dominicks,88,0.0,1.58,3520.0
1991-11-13,dominicks,88,1.0,1.58,6208.0
1991-11-20,dominicks,88,0.0,1.58,6016.0
1991-11-27,dominicks,88,0.0,1.58,3264.0
1991-12-04,dominicks,88,1.0,1.58,24000.0
1991-12-11,dominicks,88,0.0,1.58,19584.0
1991-12-18,dominicks,88,1.0,1.58,22016.0
1991-12-25,dominicks,88,0.0,1.58,3840.0
1992-01-01,dominicks,88,1.0,1.58,15296.0
1992-01-08,dominicks,88,0.0,1.58,15424.0
1992-01-15,dominicks,88,0.0,1.58,7040.0
1992-01-22,dominicks,88,0.0,1.58,11968.0
1992-01-29,dominicks,88,0.0,1.58,16384.0
1992-02-05,dominicks,88,0.0,1.58,52608.0
1992-02-12,dominicks,88,0.0,1.58,6272.0
1992-02-19,dominicks,88,0.0,1.58,7168.0
1992-02-26,dominicks,88,0.0,1.58,14464.0
1992-03-04,dominicks,88,0.0,1.58,14208.0
1992-03-11,dominicks,88,1.0,1.58,40576.0
1992-03-18,dominicks,88,0.0,1.58,10240.0
1992-03-25,dominicks,88,0.0,1.58,29632.0
1992-04-01,dominicks,88,0.0,1.58,6592.0
1992-04-08,dominicks,88,0.0,1.58,4160.0
1992-04-15,dominicks,88,0.0,1.58,15168.0
1992-04-22,dominicks,88,1.0,1.29,54272.0
1992-04-29,dominicks,88,0.0,1.29,28544.0
1992-05-06,dominicks,88,0.0,1.89,9088.0
1992-05-13,dominicks,88,0.0,1.89,6976.0
1992-05-20,dominicks,88,0.0,1.99,4352.0
1992-05-27,dominicks,88,0.0,1.69,5632.0
1992-06-03,dominicks,88,0.0,1.69,57600.0
1992-06-10,dominicks,88,0.0,1.69,26880.0
1992-06-17,dominicks,88,0.0,1.99,7104.0
1992-06-24,dominicks,88,0.0,1.99,3712.0
1992-07-01,dominicks,88,0.228682783,2.326737768,0.0
1992-07-08,dominicks,88,0.0,1.99,4224.0
1992-07-15,dominicks,88,0.0,1.29,7360.0
1992-07-22,dominicks,88,0.0,1.99,5632.0
1992-07-29,dominicks,88,0.0,1.69,1216.0
1992-08-05,dominicks,88,1.0,1.49,32512.0
1992-08-12,dominicks,88,1.0,1.89,6336.0
1992-08-19,dominicks,88,0.0,1.99,3200.0
1992-08-26,dominicks,88,0.0,1.79,16064.0
1992-09-02,dominicks,88,0.228682783,2.326737768,0.0
1992-09-09,dominicks,88,0.0,1.99,2944.0
1992-09-16,dominicks,88,0.0,1.99,3776.0
1992-09-23,dominicks,88,0.0,1.99,4928.0
1992-09-30,dominicks,88,0.0,1.49,23296.0
1992-10-07,dominicks,88,0.0,1.99,5440.0
