data/dominicks_oj_data/dominicks_oj_small.csv
date,brand,store,on_promotion,price,quantity
1990-06-20,dominicks,89,1.0,1.59,10496.0
1990-06-27,dominicks,89,0.0,2.49,2688.0
1990-07-04,dominicks,89,0.0,2.49,2432.0
1990-07-11,dominicks,89,0.0,2.49,4288.0
1990-07-18,dominicks,89,0.0,2.49,2432.0
1990-07-25,dominicks,89,0.0,2.49,1472.0
1990-08-01,dominicks,89,0.0,2.49,4160.0
1990-08-08,dominicks,89,1.0,2.09,7552.0
1990-08-15,dominicks,89,0.0,2.09,6080.0
1990-08-22,dominicks,89,0.0,2.09,2240.0
1990-08-29,dominicks,89,0.0,2.09,2560.0
1990-09-05,dominicks,89,1.0,1.89,36928.0
1990-09-12,dominicks,89,0.0,1.89,11968.0
1990-09-19,dominicks,89,0.0,1.89,11776.0
1990-09-26,dominicks,89,0.0,1.79,15232.0
1990-10-03,dominicks,89,1.0,1.79,37312.0
1990-10-10,dominicks,89,0.0,1.79,18624.0
1990-10-17,dominicks,89,0.0,2.49,1472.0
1990-10-24,dominicks,89,1.0,1.24,124160.0
1990-10-31,dominicks,89,0.0,1.59,1600.0
1990-11-07,dominicks,89,1.0,1.59,36224.0
1990-11-14,dominicks,89,0.0,1.29,32960.0
1990-11-21,dominicks,89,0.0,0.99,93056.0
1990-11-28,dominicks,89,1.0,1.59,26944.0
1990-12-05,dominicks,89,1.0,2.49,56256.0
1990-12-12,dominicks,89,0.0,2.19,12864.0
1990-12-19,dominicks,89,1.0,1.39,72256.0
1990-12-26,dominicks,89,0.0,2.19,1984.0
1991-01-02,dominicks,89,0.0,2.19,2496.0
1991-01-09,dominicks,89,0.0,2.19,41024.0
1991-01-16,dominicks,89,1.0,0.99,265152.0
1991-01-23,dominicks,89,0.0,2.19,4544.0
1991-01-30,dominicks,89,0.0,2.19,13312.0
1991-02-06,dominicks,89,1.0,1.49,88384.0
1991-02-13,dominicks,89,0.0,1.49,16768.0
1991-02-20,dominicks,89,0.0,2.19,2432.0
1991-02-27,dominicks,89,0.0,2.19,4160.0
1991-03-06,dominicks,89,1.0,1.99,5696.0
1991-03-13,dominicks,89,1.0,1.09,113792.0
1991-03-20,dominicks,89,0.228682783,2.326737768,85994.66667
1991-03-27,dominicks,89,0.228682783,2.326737768,58197.33333
1991-04-03,dominicks,89,1.0,1.59,30400.0
1991-04-10,dominicks,89,0.0,1.59,18368.0
1991-04-17,dominicks,89,0.0,1.59,10880.0
1991-04-24,dominicks,89,1.0,0.99,250048.0
1991-05-01,dominicks,89,1.0,2.19,1728.0
1991-05-08,dominicks,89,0.0,2.19,2944.0
1991-05-15,dominicks,89,0.0,2.19,1344.0
1991-05-22,dominicks,89,0.0,2.19,8192.0
1991-05-29,dominicks,89,1.0,1.59,67648.0
1991-06-05,dominicks,89,0.0,1.59,7808.0
1991-06-12,dominicks,89,0.0,2.09,3072.0
1991-06-19,dominicks,89,1.0,1.41,16128.0
1991-06-26,dominicks,89,0.0,1.29,18240.0
1991-07-03,dominicks,89,0.0,1.89,3648.0
1991-07-10,dominicks,89,0.0,1.89,7168.0
1991-07-17,dominicks,89,1.0,1.59,40384.0
1991-07-24,dominicks,89,0.0,1.59,11200.0
1991-07-31,dominicks,89,0.0,1.89,15744.0
1991-08-07,dominicks,89,1.0,0.99,192192.0
1991-08-14,dominicks,89,0.0,0.99,26240.0
1991-08-21,dominicks,89,1.0,1.49,48576.0
1991-08-28,dominicks,89,0.0,1.49,6592.0
1991-09-04,dominicks,89,0.0,1.39,26368.0
1991-09-11,dominicks,89,0.0,1.39,29504.0
1991-09-18,dominicks,89,0.0,1.39,17024.0
1991-09-25,dominicks,89,1.0,1.59,25088.0
1991-10-02,dominicks,89,0.0,1.59,10304.0
1991-10-09,dominicks,89,0.0,1.56,11648.0
1991-10-16,dominicks,89,1.0,1.49,46208.0
1991-10-23,dominicks,89,0.0,1.55,8512.0
1991-10-30,dominicks,89,0.0,1.89,5824.0
1991-11-06,dominicks,89,0.0,1.77,4224.0
1991-11-13,dominicks,89,1.0,1.69,12224.0
1991-11-20,dominicks,89,0.0,1.72,5888.0
1991-11-27,dominicks,89,0.0,1.89,6464.0
1991-12-04,dominicks,89,1.0,1.5,35840.0
1991-12-11,dominicks,89,0.0,1.59,26944.0
1991-12-18,dominicks,89,1.0,1.59,32576.0
1991-12-25,dominicks,89,0.0,1.59,5760.0
1992-01-01,dominicks,89,1.0,1.69,13184.0
1992-01-08,dominicks,89,0.0,1.69,9984.0
1992-01-15,dominicks,89,0.0,1.78,2240.0
1992-01-22,dominicks,89,0.0,1.77,8256.0
1992-01-29,dominicks,89,0.0,1.47,22208.0
1992-02-05,dominicks,89,0.0,1.29,114880.0
1992-02-12,dominicks,89,0.0,1.32,9600.0
1992-02-19,dominicks,89,0.0,1.79,2432.0
1992-02-26,dominicks,89,0.0,1.69,11072.0
1992-03-04,dominicks,89,0.0,1.58,10624.0
1992-03-11,dominicks,89,1.0,1.39,95488.0
1992-03-18,dominicks,89,0.0,1.47,13184.0
1992-03-25,dominicks,89,0.0,1.59,43840.0
1992-04-01,dominicks,89,0.0,1.61,10560.0
1992-04-08,dominicks,89,0.0,1.69,10496.0
1992-04-15,dominicks,89,0.0,1.49,28992.0
1992-04-22,dominicks,89,1.0,1.29,106496.0
1992-04-29,dominicks,89,0.0,1.38,15872.0
1992-05-06,dominicks,89,0.0,1.69,12416.0
1992-05-13,dominicks,89,0.0,1.72,15424.0
1992-05-20,dominicks,89,0.0,1.79,13312.0
1992-05-27,dominicks,89,0.0,1.69,10688.0
1992-06-03,dominicks,89,0.0,1.69,87936.0
1992-06-10,dominicks,89,0.0,1.7,42432.0
1992-06-17,dominicks,89,0.0,1.79,25536.0
1992-06-24,dominicks,89,0.0,1.79,17152.0
1992-07-01,dominicks,89,0.0,1.59,34432.0
1992-07-08,dominicks,89,0.0,1.58,7680.0
1992-07-15,dominicks,89,0.0,1.43,5888.0
1992-07-22,dominicks,89,0.0,1.77,22400.0
1992-07-29,dominicks,89,0.0,1.69,8832.0
1992-08-05,dominicks,89,1.0,1.49,49280.0
1992-08-12,dominicks,89,1.0,1.69,10176.0
1992-08-19,dominicks,89,0.0,1.75,8448.0
1992-08-26,dominicks,89,0.0,1.32,23488.0
1992-09-02,dominicks,89,0.0,1.33,12352.0
1992-09-09,dominicks,89,0.0,1.8,6080.0
1992-09-16,dominicks,89,0.0,1.85,5824.0
1992-09-23,dominicks,89,0.0,1.68,9472.0
1992-09-30,dominicks,89,0.0,1.49,50240.0
1992-10-07,dominicks,89,0.0,1.66,14080.0
1990-06-20,dominicks,90,1.0,1.59,10112.0
1990-06-27,dominicks,90,0.0,2.49,1536.0
1990-07-04,dominicks,90,0.0,2.49,768.0
1990-07-11,dominicks,90,0.0,2.49,3136.0
1990-07-18,dominicks,90,0.0,2.49,576.0
1990-07-25,dominicks,90,0.0,2.49,640.0
1990-08-01,dominicks,90,0.0,2.49,4480.0
1990-08-08,dominicks,90,1.0,2.09,6272.0
1990-08-15,dominicks,90,0.0,2.09,3712.0
1990-08-22,dominicks,90,0.0,2.09,1152.0
1990-08-29,dominicks,90,0.0,2.09,832.0
1990-09-05,dominicks,90,1.0,1.89,30848.0
1990-09-12,dominicks,90,0.0,1.89,7360.0
1990-09-19,dominicks,90,0.0,1.89,4160.0
1990-09-26,dominicks,90,0.0,1.79,10048.0
1990-10-03,dominicks,90,1.0,1.79,42112.0
1990-10-10,dominicks,90,0.0,1.79,9472.0
1990-10-17,dominicks,90,0.0,2.49,960.0
1990-10-24,dominicks,90,1.0,1.24,124352.0
1990-10-31,dominicks,90,0.0,1.59,128.0
1990-11-07,dominicks,90,1.0,1.59,38336.0
1990-11-14,dominicks,90,0.0,1.29,56704.0
1990-11-21,dominicks,90,0.0,0.99,86720.0
1990-11-28,dominicks,90,1.0,1.59,13696.0
1990-12-05,dominicks,90,1.0,2.49,59264.0
1990-12-12,dominicks,90,0.0,2.19,18944.0
1990-12-19,dominicks,90,1.0,1.39,59008.0
1990-12-26,dominicks,90,0.0,2.19,1344.0
1991-01-02,dominicks,90,0.0,2.19,448.0
1991-01-09,dominicks,90,0.0,2.19,3200.0
1991-01-16,dominicks,90,1.0,0.99,197312.0
1991-01-23,dominicks,90,0.0,2.19,8704.0
1991-01-30,dominicks,90,0.0,2.19,19200.0
1991-02-06,dominicks,90,1.0,1.49,66816.0
1991-02-13,dominicks,90,0.0,1.49,13568.0
1991-02-20,dominicks,90,0.0,2.19,1280.0
1991-02-27,dominicks,90,0.0,2.19,2752.0
1991-03-06,dominicks,90,1.0,1.99,4352.0
1991-03-13,dominicks,90,1.0,1.09,86720.0
1991-03-20,dominicks,90,0.0,2.19,960.0
1991-03-27,dominicks,90,0.0,2.19,6912.0
1991-04-03,dominicks,90,1.0,1.59,27136.0
1991-04-10,dominicks,90,0.0,1.59,21952.0
1991-04-17,dominicks,90,0.0,1.59,7680.0
1991-04-24,dominicks,90,1.0,0.99,205696.0
1991-05-01,dominicks,90,1.0,2.19,1856.0
1991-05-08,dominicks,90,0.0,2.19,18304.0
1991-05-15,dominicks,90,0.0,2.19,896.0
1991-05-22,dominicks,90,0.0,2.19,10688.0
1991-05-29,dominicks,90,1.0,1.59,36416.0
1991-06-05,dominicks,90,0.0,1.59,1920.0
1991-06-12,dominicks,90,0.0,2.19,2176.0
1991-06-19,dominicks,90,1.0,1.41,11008.0
1991-06-26,dominicks,90,0.0,1.29,2368.0
1991-07-03,dominicks,90,0.0,1.89,2368.0
1991-07-10,dominicks,90,0.0,1.89,3904.0
1991-07-17,dominicks,90,1.0,1.59,33664.0
1991-07-24,dominicks,90,0.0,1.59,6144.0
1991-07-31,dominicks,90,0.0,1.89,3072.0
1991-08-07,dominicks,90,1.0,0.99,104128.0
1991-08-14,dominicks,90,0.0,0.99,14720.0
1991-08-21,dominicks,90,1.0,1.49,28224.0
1991-08-28,dominicks,90,0.0,1.49,6848.0
1991-09-04,dominicks,90,0.0,1.39,7936.0
1991-09-11,dominicks,90,0.0,1.39,2112.0
1991-09-18,dominicks,90,0.0,1.39,6784.0
1991-09-25,dominicks,90,1.0,1.58,6144.0
1991-10-02,dominicks,90,0.0,1.58,7936.0
1991-10-09,dominicks,90,0.0,1.58,8064.0
1991-10-16,dominicks,90,1.0,1.58,34752.0
1991-10-23,dominicks,90,0.0,1.58,5632.0
1991-10-30,dominicks,90,0.0,1.58,3648.0
1991-11-06,dominicks,90,0.0,1.58,2688.0
1991-11-13,dominicks,90,1.0,1.58,7552.0
1991-11-20,dominicks,90,0.0,1.58,2816.0
1991-11-27,dominicks,90,0.0,1.58,4352.0
1991-12-04,dominicks,90,1.0,1.58,19072.0
1991-12-11,dominicks,90,0.0,1.58,19904.0
1991-12-18,dominicks,90,1.0,1.58,19648.0
1991-12-25,dominicks,90,0.0,1.58,8192.0
1992-01-01,dominicks,90,1.0,1.58,5504.0
1992-01-08,dominicks,90,0.0,1.58,6592.0
1992-01-15,dominicks,90,0.0,1.58,2432.0
1992-01-22,dominicks,90,0.0,1.58,4928.0
1992-01-29,dominicks,90,0.0,1.58,15168.0
1992-02-05,dominicks,90,0.0,1.58,74944.0
1992-02-12,dominicks,90,0.0,1.58,17408.0
1992-02-19,dominicks,90,0.0,1.58,21184.0
1992-02-26,dominicks,90,0.0,1.58,15040.0
1992-03-04,dominicks,90,0.0,1.58,19840.0
1992-03-11,dominicks,90,1.0,1.58,65728.0
1992-03-18,dominicks,90,0.0,1.58,12352.0
1992-03-25,dominicks,90,0.0,1.58,27712.0
1992-04-01,dominicks,90,0.0,1.58,37184.0
1992-04-08,dominicks,90,0.0,1.58,3328.0
1992-04-15,dominicks,90,0.0,1.58,25664.0
1992-04-22,dominicks,90,0.228682783,2.326737768,0.0
1992-04-29,dominicks,90,0.0,1.29,15936.0
1992-05-06,dominicks,90,0.0,1.99,6144.0
1992-05-13,dominicks,90,0.0,1.99,5120.0
1992-05-20,dominicks,90,0.0,2.09,1152.0
1992-05-27,dominicks,90,0.0,1.69,7744.0
1992-06-03,dominicks,90,0.0,1.69,84672.0
1992-06-10,dominicks,90,0.228682783,2.326737768,0.0
1992-06-17,dominicks,90,0.0,2.09,3264.0
1992-06-24,dominicks,90,0.0,2.09,2048.0
1992-07-01,dominicks,90,0.228682783,2.326737768,0.0
1992-07-08,dominicks,90,0.0,1.99,6400.0
1992-07-15,dominicks,90,0.0,1.29,8896.0
1992-07-22,dominicks,90,0.0,2.09,2304.0
1992-07-29,dominicks,90,0.0,1.69,4800.0
1992-08-05,dominicks,90,1.0,1.49,40128.0
1992-08-12,dominicks,90,1.0,1.99,5760.0
1992-08-19,dominicks,90,0.0,2.09,7424.0
1992-08-26,dominicks,90,0.0,1.89,26496.0
1992-09-02,dominicks,90,0.0,1.29,5888.0
1992-09-09,dominicks,90,0.0,2.09,512.0
1992-09-16,dominicks,90,0.0,2.13,2112.0
1992-09-23,dominicks,90,0.0,2.13,2688.0
1992-09-30,dominicks,90,0.0,1.49,52864.0
1992-10-07,dominicks,90,0.0,2.13,3712.0
1990-06-20,dominicks,91,1.0,1.59,3648.0
1990-06-27,dominicks,91,0.228682783,2.326737768,2880.0
1990-07-04,dominicks,91,0.0,2.49,2112.0
1990-07-11,dominicks,91,0.0,2.49,3648.0
1990-07-18,dominicks,91,0.0,2.49,1536.0
1990-07-25,dominicks,91,0.228682783,2.326737768,2368.0
1990-08-01,dominicks,91,0.0,2.49,3200.0
1990-08-08,dominicks,91,0.228682783,2.326737768,4800.0
1990-08-15,dominicks,91,0.0,2.09,6400.0
1990-08-22,dominicks,91,0.0,2.09,1984.0
1990-08-29,dominicks,91,0.0,2.09,1920.0
1990-09-05,dominicks,91,1.0,1.89,30784.0
1990-09-12,dominicks,91,0.0,1.89,8128.0
1990-09-19,dominicks,91,0.0,1.89,1600.0
1990-09-26,dominicks,91,0.0,1.79,10240.0
1990-10-03,dominicks,91,1.0,1.79,42560.0
1990-10-10,dominicks,91,0.0,1.79,8960.0
1990-10-17,dominicks,91,0.0,2.49,1216.0
1990-10-24,dominicks,91,1.0,1.24,96960.0
1990-10-31,dominicks,91,0.0,1.59,832.0
1990-11-07,dominicks,91,1.0,1.59,21312.0
1990-11-14,dominicks,91,0.0,1.29,16896.0
1990-11-21,dominicks,91,0.0,0.99,33472.0
1990-11-28,dominicks,91,1.0,1.59,20096.0
1990-12-05,dominicks,91,1.0,2.49,45504.0
1990-12-12,dominicks,91,0.0,2.19,7680.0
1990-12-19,dominicks,91,1.0,1.39,54912.0
1990-12-26,dominicks,91,0.0,2.19,2048.0
1991-01-02,dominicks,91,0.0,2.19,1536.0
1991-01-09,dominicks,91,0.0,2.19,1664.0
1991-01-16,dominicks,91,1.0,0.99,147712.0
1991-01-23,dominicks,91,0.0,2.19,1344.0
1991-01-30,dominicks,91,0.0,2.19,6080.0
1991-02-06,dominicks,91,1.0,1.49,56512.0
1991-02-13,dominicks,91,0.0,1.49,11776.0
1991-02-20,dominicks,91,0.0,2.19,1152.0
1991-02-27,dominicks,91,0.0,2.19,2368.0
1991-03-06,dominicks,91,1.0,1.99,3072.0
1991-03-13,dominicks,91,1.0,1.09,79104.0
1991-03-20,dominicks,91,0.0,2.19,704.0
1991-03-27,dominicks,91,0.0,2.19,4224.0
1991-04-03,dominicks,91,1.0,1.59,26880.0
1991-04-10,dominicks,91,0.0,1.59,9472.0
1991-04-17,dominicks,91,0.0,1.59,5632.0
1991-04-24,dominicks,91,1.0,0.99,107584.0
1991-05-01,dominicks,91,1.0,2.19,1088.0
1991-05-08,dominicks,91,0.0,2.19,3008.0
1991-05-15,dominicks,91,0.0,2.19,1216.0
1991-05-22,dominicks,91,0.0,2.19,4992.0
1991-05-29,dominicks,91,1.0,1.59,35904.0
1991-06-05,dominicks,91,0.0,1.59,8256.0
1991-06-12,dominicks,91,0.0,2.09,1536.0
1991-06-19,dominicks,91,1.0,1.41,4864.0
1991-06-26,dominicks,91,0.0,1.29,13696.0
1991-07-03,dominicks,91,0.0,1.89,2048.0
1991-07-10,dominicks,91,0.0,1.89,4736.0
1991-07-17,dominicks,91,1.0,1.59,29824.0
1991-07-24,dominicks,91,0.0,1.59,16832.0
1991-07-31,dominicks,91,0.228682783,2.326737768,46368.0
1991-08-07,dominicks,91,1.0,0.99,75904.0
1991-08-14,dominicks,91,0.0,0.99,12416.0
1991-08-21,dominicks,91,1.0,1.49,28288.0
1991-08-28,dominicks,91,0.0,1.49,7296.0
1991-09-04,dominicks,91,0.0,1.39,9920.0
1991-09-11,dominicks,91,0.0,1.39,9792.0
1991-09-18,dominicks,91,0.0,1.39,3584.0
1991-09-25,dominicks,91,1.0,1.58,7616.0
1991-10-02,dominicks,91,0.0,1.58,9280.0
1991-10-09,dominicks,91,0.0,1.58,9536.0
1991-10-16,dominicks,91,1.0,1.58,34368.0
1991-10-23,dominicks,91,0.0,1.58,5312.0
1991-10-30,dominicks,91,0.0,1.58,3456.0
1991-11-06,dominicks,91,0.0,1.58,2432.0
1991-11-13,dominicks,91,1.0,1.58,7872.0
1991-11-20,dominicks,91,0.0,1.58,6656.0
1991-11-27,dominicks,91,0.0,1.58,5184.0
1991-12-04,dominicks,91,1.0,1.58,23360.0
1991-12-11,dominicks,91,0.0,1.58,28160.0
1991-12-18,dominicks,91,1.0,1.58,24704.0
1991-12-25,dominicks,91,0.0,1.58,6784.0
1992-01-01,dominicks,91,1.0,1.58,8192.0
1992-01-08,dominicks,91,0.0,1.58,13696.0
1992-01-15,dominicks,91,0.0,1.58,3328.0
1992-01-22,dominicks,91,0.0,1.58,5952.0
1992-01-29,dominicks,91,0.0,1.58,16256.0
1992-02-05,dominicks,91,0.0,1.58,58752.0
1992-02-12,dominicks,91,0.0,1.58,8192.0
1992-02-19,dominicks,91,0.0,1.58,3008.0
1992-02-26,dominicks,91,0.0,1.58,7296.0
1992-03-04,dominicks,91,0.0,1.58,5504.0
1992-03-11,dominicks,91,1.0,1.58,55360.0
1992-03-18,dominicks,91,0.0,1.58,9280.0
1992-03-25,dominicks,91,0.0,1.58,31936.0
1992-04-01,dominicks,91,0.0,1.58,16512.0
1992-04-08,dominicks,91,0.0,1.58,2816.0
1992-04-15,dominicks,91,0.0,1.58,6208.0
1992-04-22,dominicks,91,1.0,1.29,82240.0
1992-04-29,dominicks,91,0.0,1.29,14272.0
1992-05-06,dominicks,91,0.0,1.89,7232.0
1992-05-13,dominicks,91,0.0,1.89,5376.0
1992-05-20,dominicks,91,0.0,1.99,4672.0
1992-05-27,dominicks,91,0.0,1.69,14336.0
1992-06-03,dominicks,91,0.0,1.69,83328.0
1992-06-10,dominicks,91,0.0,1.69,35776.0
1992-06-17,dominicks,91,0.0,1.99,21568.0
1992-06-24,dominicks,91,0.0,1.99,24064.0
1992-07-01,dominicks,91,0.0,1.99,10560.0
1992-07-08,dominicks,91,0.0,1.99,10048.0
1992-07-15,dominicks,91,0.0,1.29,14976.0
1992-07-22,dominicks,91,0.0,1.99,6784.0
1992-07-29,dominicks,91,0.0,1.69,14720.0
1992-08-05,dominicks,91,1.0,1.49,49344.0
1992-08-12,dominicks,91,1.0,1.89,2240.0
1992-08-19,dominicks,91,0.0,1.99,5568.0
1992-08-26,dominicks,91,0.0,1.79,17024.0
1992-09-02,dominicks,91,0.0,1.29,5632.0
1992-09-09,dominicks,91,0.0,1.99,2688.0
1992-09-16,dominicks,91,0.0,1.99,2240.0
1992-09-23,dominicks,91,0.228682783,2.326737768,0.0
1992-09-30,dominicks,91,0.228682783,2.326737768,0.0
1992-10-07,dominicks,91,0.0,1.99,5632.0
