data/dominicks_oj_data/dominicks_oj_small.csv
date,brand,store,on_promotion,price,quantity
1990-06-20,dominicks,92,1.0,1.59,3840.0
1990-06-27,dominicks,92,0.0,2.49,704.0
1990-07-04,dominicks,92,0.0,2.49,1216.0
1990-07-11,dominicks,92,0.0,2.49,4800.0
1990-07-18,dominicks,92,0.0,2.49,1536.0
1990-07-25,dominicks,92,0.0,2.49,1472.0
1990-08-01,dominicks,92,0.0,2.49,3584.0
1990-08-08,dominicks,92,1.0,2.09,8128.0
1990-08-15,dominicks,92,0.0,2.09,2368.0
1990-08-22,dominicks,92,0.0,2.09,2496.0
1990-08-29,dominicks,92,0.0,2.09,1536.0
1990-09-05,dominicks,92,1.0,1.89,34816.0
1990-09-12,dominicks,92,0.0,1.89,11840.0
1990-09-19,dominicks,92,0.0,1.89,14784.0
1990-09-26,dominicks,92,0.0,1.79,15616.0
1990-10-03,dominicks,92,1.0,1.79,53952.0
1990-10-10,dominicks,92,0.0,1.79,28288.0
1990-10-17,dominicks,92,0.0,2.49,3136.0
1990-10-24,dominicks,92,1.0,1.24,123264.0
1990-10-31,dominicks,92,0.0,1.59,1024.0
1990-11-07,dominicks,92,1.0,1.59,44480.0
1990-11-14,dominicks,92,0.0,1.29,39744.0
1990-11-21,dominicks,92,0.0,0.99,23232.0
1990-11-28,dominicks,92,1.0,1.59,15168.0
1990-12-05,dominicks,92,1.0,2.49,46976.0
1990-12-12,dominicks,92,0.0,2.19,13312.0
1990-12-19,dominicks,92,1.0,1.39,58816.0
1990-12-26,dominicks,92,0.0,2.19,3008.0
1991-01-02,dominicks,92,0.0,2.19,1664.0
1991-01-09,dominicks,92,0.0,2.19,4992.0
1991-01-16,dominicks,92,1.0,0.99,203200.0
1991-01-23,dominicks,92,0.0,2.19,19648.0
1991-01-30,dominicks,92,0.0,2.19,9152.0
1991-02-06,dominicks,92,1.0,1.49,67904.0
1991-02-13,dominicks,92,0.0,1.49,26240.0
1991-02-20,dominicks,92,0.0,2.19,1472.0
1991-02-27,dominicks,92,0.0,2.19,1984.0
1991-03-06,dominicks,92,1.0,1.99,13248.0
1991-03-13,dominicks,92,1.0,1.09,70464.0
1991-03-20,dominicks,92,0.0,2.19,1856.0
1991-03-27,dominicks,92,0.0,2.19,3840.0
1991-04-03,dominicks,92,1.0,1.59,33152.0
1991-04-10,dominicks,92,0.0,1.59,35776.0
1991-04-17,dominicks,92,0.0,1.59,9152.0
1991-04-24,dominicks,92,1.0,0.99,122176.0
1991-05-01,dominicks,92,1.0,2.19,2560.0
1991-05-08,dominicks,92,0.0,2.19,4608.0
1991-05-15,dominicks,92,0.0,2.19,2944.0
1991-05-22,dominicks,92,0.0,2.19,6400.0
1991-05-29,dominicks,92,1.0,1.59,39104.0
1991-06-05,dominicks,92,0.0,1.59,7296.0
1991-06-12,dominicks,92,0.0,2.09,3776.0
1991-06-19,dominicks,92,1.0,1.41,16384.0
1991-06-26,dominicks,92,0.0,1.29,21504.0
1991-07-03,dominicks,92,0.0,1.89,2624.0
1991-07-10,dominicks,92,0.0,1.89,5568.0
1991-07-17,dominicks,92,0.228682783,2.326737768,9056.0
1991-07-24,dominicks,92,0.0,1.59,12544.0
1991-07-31,dominicks,92,0.0,1.89,16768.0
1991-08-07,dominicks,92,0.228682783,2.326737768,28448.0
1991-08-14,dominicks,92,0.0,0.99,40128.0
1991-08-21,dominicks,92,1.0,1.49,31488.0
1991-08-28,dominicks,92,0.0,1.49,5504.0
1991-09-04,dominicks,92,0.0,1.39,13952.0
1991-09-11,dominicks,92,0.0,1.39,12032.0
1991-09-18,dominicks,92,0.0,1.39,13312.0
1991-09-25,dominicks,92,1.0,1.58,23360.0
1991-10-02,dominicks,92,0.0,1.58,11712.0
1991-10-09,dominicks,92,0.0,1.58,9408.0
1991-10-16,dominicks,92,1.0,1.58,32192.0
1991-10-23,dominicks,92,0.0,1.58,7296.0
1991-10-30,dominicks,92,0.0,1.58,4608.0
1991-11-06,dominicks,92,0.0,1.58,2240.0
1991-11-13,dominicks,92,1.0,1.58,15360.0
1991-11-20,dominicks,92,0.0,1.58,4864.0
1991-11-27,dominicks,92,0.0,1.58,7232.0
1991-12-04,dominicks,92,1.0,1.58,34112.0
1991-12-11,dominicks,92,0.0,1.58,31168.0
1991-12-18,dominicks,92,1.0,1.58,22912.0
1991-12-25,dominicks,92,0.0,1.58,4992.0
1992-01-01,dominicks,92,1.0,1.58,9216.0
1992-01-08,dominicks,92,0.0,1.58,7616.0
1992-01-15,dominicks,92,0.0,1.58,1152.0
1992-01-22,dominicks,92,0.0,1.58,4800.0
1992-01-29,dominicks,92,0.0,1.58,21504.0
1992-02-05,dominicks,92,0.0,1.58,67520.0
1992-02-12,dominicks,92,0.0,1.58,8960.0
1992-02-19,dominicks,92,0.0,1.58,3520.0
1992-02-26,dominicks,92,0.0,1.58,7040.0
1992-03-04,dominicks,92,0.0,1.58,13504.0
1992-03-11,dominicks,92,1.0,1.58,70208.0
1992-03-18,dominicks,92,0.0,1.58,27072.0
1992-03-25,dominicks,92,0.0,1.58,39808.0
1992-04-01,dominicks,92,0.0,1.58,15104.0
1992-04-08,dominicks,92,0.0,1.58,6016.0
1992-04-15,dominicks,92,0.0,1.58,12352.0
1992-04-22,dominicks,92,1.0,1.29,64448.0
1992-04-29,dominicks,92,0.0,1.29,28160.0
1992-05-06,dominicks,92,0.0,1.89,8576.0
1992-05-13,dominicks,92,0.0,1.89,7680.0
1992-05-20,dominicks,92,0.0,1.99,6656.0
1992-05-27,dominicks,92,0.0,1.69,26944.0
1992-06-03,dominicks,92,0.0,1.69,73152.0
1992-06-10,dominicks,92,0.0,1.69,27200.0
1992-06-17,dominicks,92,0.0,1.99,5440.0
1992-06-24,dominicks,92,0.0,1.99,2048.0
1992-07-01,dominicks,92,0.0,1.99,2240.0
1992-07-08,dominicks,92,0.0,1.99,5632.0
1992-07-15,dominicks,92,0.0,1.29,7680.0
1992-07-22,dominicks,92,0.0,1.99,4544.0
1992-07-29,dominicks,92,0.0,1.69,6848.0
1992-08-05,dominicks,92,1.0,1.49,47744.0
1992-08-12,dominicks,92,1.0,1.89,6720.0
1992-08-19,dominicks,92,0.0,1.99,5120.0
1992-08-26,dominicks,92,0.0,1.79,11584.0
1992-09-02,dominicks,92,0.0,1.29,1856.0
1992-09-09,dominicks,92,0.0,1.99,1728.0
1992-09-16,dominicks,92,0.0,1.85,1856.0
1992-09-23,dominicks,92,0.0,1.85,2112.0
1992-09-30,dominicks,92,0.0,1.49,42240.0
1992-10-07,dominicks,92,0.0,1.85,6400.0
1990-06-20,dominicks,93,1.0,1.59,5504.0
1990-06-27,dominicks,93,0.228682783,2.326737768,4800.0
1990-07-04,dominicks,93,0.0,2.69,4096.0
1990-07-11,dominicks,93,0.0,2.69,2880.0
1990-07-18,dominicks,93,0.0,2.69,1344.0
1990-07-25,dominicks,93,0.0,2.69,1152.0
1990-08-01,dominicks,93,0.0,2.69,6592.0
1990-08-08,dominicks,93,1.0,2.09,2432.0
1990-08-15,dominicks,93,0.0,2.09,1600.0
1990-08-22,dominicks,93,0.0,2.09,960.0
1990-08-29,dominicks,93,0.0,2.09,896.0
1990-09-05,dominicks,93,1.0,1.89,25088.0
1990-09-12,dominicks,93,0.0,1.89,15680.0
1990-09-19,dominicks,93,0.0,1.89,9088.0
1990-09-26,dominicks,93,0.0,1.79,9728.0
1990-10-03,dominicks,93,1.0,1.79,31616.0
1990-10-10,dominicks,93,0.0,1.79,5248.0
1990-10-17,dominicks,93,0.0,2.69,1728.0
1990-10-24,dominicks,93,1.0,1.24,49920.0
1990-10-31,dominicks,93,0.0,1.59,1536.0
1990-11-07,dominicks,93,1.0,1.59,16448.0
1990-11-14,dominicks,93,0.0,1.29,22528.0
1990-11-21,dominicks,93,0.0,0.99,22208.0
1990-11-28,dominicks,93,1.0,1.59,8896.0
1990-12-05,dominicks,93,1.0,2.49,23168.0
1990-12-12,dominicks,93,0.0,2.69,7488.0
1990-12-19,dominicks,93,1.0,1.39,32256.0
1990-12-26,dominicks,93,0.0,2.69,1024.0
1991-01-02,dominicks,93,0.228682783,2.326737768,37269.33333
1991-01-09,dominicks,93,0.228682783,2.326737768,73514.66667
1991-01-16,dominicks,93,1.0,0.99,109760.0
1991-01-23,dominicks,93,0.0,2.69,704.0
1991-01-30,dominicks,93,0.0,2.69,5440.0
1991-02-06,dominicks,93,1.0,1.49,35968.0
1991-02-13,dominicks,93,0.0,1.49,17216.0
1991-02-20,dominicks,93,0.0,2.69,1920.0
1991-02-27,dominicks,93,0.0,2.69,2816.0
1991-03-06,dominicks,93,1.0,1.99,10304.0
1991-03-13,dominicks,93,1.0,1.09,51776.0
1991-03-20,dominicks,93,0.0,2.69,1152.0
1991-03-27,dominicks,93,0.0,2.69,4480.0
1991-04-03,dominicks,93,1.0,1.59,18304.0
1991-04-10,dominicks,93,0.0,1.59,16128.0
1991-04-17,dominicks,93,0.0,1.59,5248.0
1991-04-24,dominicks,93,1.0,0.99,117440.0
1991-05-01,dominicks,93,1.0,2.69,704.0
1991-05-08,dominicks,93,0.0,2.69,576.0
1991-05-15,dominicks,93,0.0,2.69,448.0
1991-05-22,dominicks,93,0.0,2.69,2816.0
1991-05-29,dominicks,93,1.0,1.59,26560.0
1991-06-05,dominicks,93,0.0,1.59,15168.0
1991-06-12,dominicks,93,0.228682783,2.326737768,13632.0
1991-06-19,dominicks,93,1.0,1.49,12096.0
1991-06-26,dominicks,93,0.0,1.29,11584.0
1991-07-03,dominicks,93,0.0,1.99,4160.0
1991-07-10,dominicks,93,0.0,1.99,1728.0
1991-07-17,dominicks,93,1.0,1.59,20672.0
1991-07-24,dominicks,93,0.228682783,2.326737768,11168.0
1991-07-31,dominicks,93,0.0,1.99,1664.0
1991-08-07,dominicks,93,0.228682783,2.326737768,12320.0
1991-08-14,dominicks,93,0.0,0.99,22976.0
1991-08-21,dominicks,93,1.0,1.49,22720.0
1991-08-28,dominicks,93,0.0,1.49,10368.0
1991-09-04,dominicks,93,0.228682783,2.326737768,14112.0
1991-09-11,dominicks,93,0.0,1.39,17856.0
1991-09-18,dominicks,93,0.0,1.39,13632.0
1991-09-25,dominicks,93,1.0,1.58,11904.0
1991-10-02,dominicks,93,0.0,1.58,6592.0
1991-10-09,dominicks,93,0.0,1.58,4352.0
1991-10-16,dominicks,93,0.228682783,2.326737768,5696.0
1991-10-23,dominicks,93,0.0,1.58,7040.0
1991-10-30,dominicks,93,0.0,1.58,3968.0
1991-11-06,dominicks,93,0.0,1.58,3520.0
1991-11-13,dominicks,93,1.0,1.58,3584.0
1991-11-20,dominicks,93,0.0,1.58,4928.0
1991-11-27,dominicks,93,0.0,1.58,3520.0
1991-12-04,dominicks,93,1.0,1.5,29184.0
1991-12-11,dominicks,93,0.0,0.99,235520.0
1991-12-18,dominicks,93,1.0,1.99,17600.0
1991-12-25,dominicks,93,0.0,1.58,3968.0
1992-01-01,dominicks,93,1.0,1.58,15104.0
1992-01-08,dominicks,93,0.0,1.58,16704.0
1992-01-15,dominicks,93,0.228682783,2.326737768,0.0
1992-01-22,dominicks,93,0.0,1.58,3776.0
1992-01-29,dominicks,93,0.0,1.58,14400.0
1992-02-05,dominicks,93,0.0,1.58,40832.0
1992-02-12,dominicks,93,0.0,1.58,9792.0
1992-02-19,dominicks,93,0.0,1.58,3008.0
1992-02-26,dominicks,93,0.0,1.58,13440.0
1992-03-04,dominicks,93,0.0,1.58,7744.0
1992-03-11,dominicks,93,1.0,1.58,38912.0
1992-03-18,dominicks,93,0.0,1.58,15296.0
1992-03-25,dominicks,93,0.0,1.58,26560.0
1992-04-01,dominicks,93,0.0,1.58,7616.0
1992-04-08,dominicks,93,0.0,1.58,4736.0
1992-04-15,dominicks,93,0.0,1.58,6528.0
1992-04-22,dominicks,93,1.0,1.29,64640.0
1992-04-29,dominicks,93,0.0,1.29,7872.0
1992-05-06,dominicks,93,0.0,1.99,9024.0
1992-05-13,dominicks,93,0.0,1.99,6976.0
1992-05-20,dominicks,93,0.0,2.09,4928.0
1992-05-27,dominicks,93,0.0,1.69,14912.0
1992-06-03,dominicks,93,0.0,1.69,48448.0
1992-06-10,dominicks,93,0.0,1.69,17216.0
1992-06-17,dominicks,93,0.0,2.09,5184.0
1992-06-24,dominicks,93,0.0,2.09,3072.0
1992-07-01,dominicks,93,0.0,1.99,7296.0
1992-07-08,dominicks,93,0.0,1.99,7808.0
1992-07-15,dominicks,93,0.0,1.29,4416.0
1992-07-22,dominicks,93,0.0,2.09,5248.0
1992-07-29,dominicks,93,0.0,1.69,3136.0
1992-08-05,dominicks,93,1.0,1.49,45312.0
1992-08-12,dominicks,93,1.0,1.99,9088.0
1992-08-19,dominicks,93,0.0,2.09,4160.0
1992-08-26,dominicks,93,0.0,1.89,5696.0
1992-09-02,dominicks,93,0.0,1.29,13120.0
1992-09-09,dominicks,93,0.0,2.09,1728.0
1992-09-16,dominicks,93,0.0,2.24,2560.0
1992-09-23,dominicks,93,0.0,2.24,4928.0
1992-09-30,dominicks,93,0.0,1.49,41408.0
1992-10-07,dominicks,93,0.0,2.24,8960.0
1990-06-20,dominicks,94,1.0,1.59,17536.0
1990-06-27,dominicks,94,0.0,2.29,6016.0
1990-07-04,dominicks,94,0.0,2.29,6080.0
1990-07-11,dominicks,94,0.0,2.29,6592.0
1990-07-18,dominicks,94,0.0,2.29,2752.0
1990-07-25,dominicks,94,0.0,2.29,5184.0
1990-08-01,dominicks,94,0.0,2.29,6976.0
1990-08-08,dominicks,94,1.0,2.09,8448.0
1990-08-15,dominicks,94,0.0,2.09,5504.0
1990-08-22,dominicks,94,0.0,2.09,4224.0
1990-08-29,dominicks,94,0.0,2.09,4224.0
1990-09-05,dominicks,94,1.0,1.89,22976.0
1990-09-12,dominicks,94,0.0,1.89,11520.0
1990-09-19,dominicks,94,0.0,1.89,13760.0
1990-09-26,dominicks,94,0.0,1.79,11392.0
1990-10-03,dominicks,94,1.0,1.79,32832.0
1990-10-10,dominicks,94,0.0,1.79,16512.0
1990-10-17,dominicks,94,0.0,2.29,3136.0
1990-10-24,dominicks,94,1.0,1.14,79680.0
1990-10-31,dominicks,94,0.0,1.59,3520.0
1990-11-07,dominicks,94,1.0,1.59,20288.0
1990-11-14,dominicks,94,0.0,1.29,19776.0
1990-11-21,dominicks,94,0.0,0.99,36864.0
1990-11-28,dominicks,94,1.0,1.59,16256.0
1990-12-05,dominicks,94,1.0,2.29,44416.0
1990-12-12,dominicks,94,0.0,1.89,12736.0
1990-12-19,dominicks,94,1.0,1.39,38912.0
1990-12-26,dominicks,94,0.0,1.89,9984.0
1991-01-02,dominicks,94,0.0,1.89,5952.0
1991-01-09,dominicks,94,0.0,1.89,7104.0
1991-01-16,dominicks,94,1.0,0.99,96832.0
1991-01-23,dominicks,94,0.0,1.89,5632.0
1991-01-30,dominicks,94,0.0,1.89,7296.0
1991-02-06,dominicks,94,1.0,1.49,24512.0
1991-02-13,dominicks,94,0.0,1.49,14144.0
1991-02-20,dominicks,94,0.228682783,2.326737768,9600.0
1991-02-27,dominicks,94,0.0,1.89,5056.0
1991-03-06,dominicks,94,1.0,1.89,6464.0
1991-03-13,dominicks,94,1.0,0.94,58432.0
1991-03-20,dominicks,94,0.228682783,2.326737768,42517.33333
1991-03-27,dominicks,94,0.228682783,2.326737768,26602.66667
1991-04-03,dominicks,94,1.0,1.59,10688.0
1991-04-10,dominicks,94,0.0,1.59,7744.0
1991-04-17,dominicks,94,0.0,1.59,6976.0
1991-04-24,dominicks,94,1.0,0.99,63872.0
1991-05-01,dominicks,94,1.0,1.89,5888.0
1991-05-08,dominicks,94,0.0,1.89,6080.0
1991-05-15,dominicks,94,0.0,1.89,2880.0
1991-05-22,dominicks,94,0.0,1.89,7168.0
1991-05-29,dominicks,94,1.0,1.59,31424.0
1991-06-05,dominicks,94,0.0,1.59,8320.0
1991-06-12,dominicks,94,0.0,1.69,6528.0
1991-06-19,dominicks,94,1.0,1.26,10944.0
1991-06-26,dominicks,94,0.0,1.29,14464.0
1991-07-03,dominicks,94,0.0,1.69,3968.0
1991-07-10,dominicks,94,0.0,1.69,4992.0
1991-07-17,dominicks,94,1.0,1.59,17216.0
1991-07-24,dominicks,94,0.0,1.59,11776.0
1991-07-31,dominicks,94,0.0,1.69,14400.0
1991-08-07,dominicks,94,1.0,0.99,11072.0
1991-08-14,dominicks,94,0.0,0.99,4160.0
1991-08-21,dominicks,94,1.0,1.49,17664.0
1991-08-28,dominicks,94,0.0,1.49,4416.0
1991-09-04,dominicks,94,0.0,1.39,7168.0
1991-09-11,dominicks,94,0.0,1.39,7808.0
1991-09-18,dominicks,94,0.0,1.39,12288.0
1991-09-25,dominicks,94,1.0,1.58,13760.0
1991-10-02,dominicks,94,0.0,1.58,15104.0
1991-10-09,dominicks,94,0.0,1.58,13120.0
1991-10-16,dominicks,94,1.0,1.58,23040.0
1991-10-23,dominicks,94,0.0,1.58,6912.0
1991-10-30,dominicks,94,0.0,1.58,7936.0
1991-11-06,dominicks,94,0.0,1.58,4416.0
1991-11-13,dominicks,94,1.0,1.58,10624.0
1991-11-20,dominicks,94,0.0,1.58,9792.0
1991-11-27,dominicks,94,0.0,1.58,8384.0
1991-12-04,dominicks,94,1.0,1.58,19712.0
1991-12-11,dominicks,94,0.0,1.58,15424.0
1991-12-18,dominicks,94,1.0,1.58,14400.0
1991-12-25,dominicks,94,0.0,1.58,12736.0
1992-01-01,dominicks,94,1.0,1.58,10304.0
1992-01-08,dominicks,94,0.0,1.58,11648.0
1992-01-15,dominicks,94,0.0,1.58,3776.0
1992-01-22,dominicks,94,0.0,1.58,8192.0
1992-01-29,dominicks,94,0.0,1.58,12928.0
1992-02-05,dominicks,94,0.0,1.58,31296.0
1992-02-12,dominicks,94,0.0,1.58,3072.0
1992-02-19,dominicks,94,0.0,1.58,8576.0
1992-02-26,dominicks,94,0.228682783,2.326737768,0.0
1992-03-04,dominicks,94,0.228682783,2.326737768,0.0
1992-03-11,dominicks,94,0.228682783,2.326737768,0.0
1992-03-18,dominicks,94,0.0,1.58,12480.0
1992-03-25,dominicks,94,0.0,1.58,19136.0
1992-04-01,dominicks,94,0.0,1.58,5440.0
1992-04-08,dominicks,94,0.0,1.58,7808.0
1992-04-15,dominicks,94,0.0,1.58,7424.0
1992-04-22,dominicks,94,1.0,1.29,32768.0
1992-04-29,dominicks,94,0.0,1.29,6912.0
1992-05-06,dominicks,94,0.0,1.69,8512.0
1992-05-13,dominicks,94,0.0,1.69,9536.0
1992-05-20,dominicks,94,0.0,1.79,8448.0
1992-05-27,dominicks,94,0.0,1.69,6912.0
1992-06-03,dominicks,94,0.0,1.69,33024.0
1992-06-10,dominicks,94,0.0,1.69,21952.0
1992-06-17,dominicks,94,0.0,1.79,9600.0
1992-06-24,dominicks,94,0.0,1.79,6720.0
1992-07-01,dominicks,94,0.0,1.79,6976.0
1992-07-08,dominicks,94,0.0,1.79,7040.0
1992-07-15,dominicks,94,0.0,1.29,4928.0
1992-07-22,dominicks,94,0.0,1.79,5632.0
1992-07-29,dominicks,94,0.0,1.69,6912.0
1992-08-05,dominicks,94,1.0,1.49,31808.0
1992-08-12,dominicks,94,1.0,1.69,7296.0
1992-08-19,dominicks,94,0.0,1.79,7424.0
1992-08-26,dominicks,94,0.0,1.59,14464.0
1992-09-02,dominicks,94,0.0,1.29,9728.0
1992-09-09,dominicks,94,0.0,1.79,2688.0
1992-09-16,dominicks,94,0.0,1.66,4864.0
1992-09-23,dominicks,94,0.0,1.66,6400.0
1992-09-30,dominicks,94,0.0,1.49,17472.0
1992-10-07,dominicks,94,0.0,1.66,8256.0
