data/dominicks_oj_data/dominicks_oj_small.csv
date,brand,store,on_promotion,price,quantity
1990-06-20,dominicks,97,1.0,1.59,5632.0
1990-06-27,dominicks,97,0.0,2.49,960.0
1990-07-04,dominicks,97,0.0,2.49,1088.0
1990-07-11,dominicks,97,0.0,2.49,1600.0
1990-07-18,dominicks,97,0.0,2.49,704.0
1990-07-25,dominicks,97,0.0,2.49,1600.0
1990-08-01,dominicks,97,0.0,2.49,3456.0
1990-08-08,dominicks,97,1.0,2.09,3520.0
1990-08-15,dominicks,97,0.0,2.09,2304.0
1990-08-22,dominicks,97,0.0,2.09,1088.0
1990-08-29,dominicks,97,0.0,2.09,1536.0
1990-09-05,dominicks,97,1.0,1.89,11712.0
1990-09-12,dominicks,97,0.0,1.89,8064.0
1990-09-19,dominicks,97,0.0,1.89,4928.0
1990-09-26,dominicks,97,0.0,1.79,3648.0
1990-10-03,dominicks,97,1.0,1.79,22080.0
1990-10-10,dominicks,97,0.0,1.79,4352.0
1990-10-17,dominicks,97,0.0,2.49,512.0
1990-10-24,dominicks,97,1.0,1.24,32128.0
1990-10-31,dominicks,97,0.0,1.59,768.0
1990-11-07,dominicks,97,1.0,1.59,6336.0
1990-11-14,dominicks,97,0.0,1.29,7616.0
1990-11-21,dominicks,97,0.0,0.99,8768.0
1990-11-28,dominicks,97,1.0,1.59,5312.0
1990-12-05,dominicks,97,1.0,2.49,21568.0
1990-12-12,dominicks,97,0.0,2.19,4288.0
1990-12-19,dominicks,97,1.0,1.39,13440.0
1990-12-26,dominicks,97,0.0,2.19,960.0
1991-01-02,dominicks,97,0.0,2.49,768.0
1991-01-09,dominicks,97,0.0,2.49,640.0
1991-01-16,dominicks,97,1.0,0.99,55808.0
1991-01-23,dominicks,97,0.0,2.49,576.0
1991-01-30,dominicks,97,0.0,2.49,2752.0
1991-02-06,dominicks,97,1.0,1.49,17856.0
1991-02-13,dominicks,97,0.0,1.49,4864.0
1991-02-20,dominicks,97,0.0,2.49,64.0
1991-02-27,dominicks,97,0.0,2.49,2176.0
1991-03-06,dominicks,97,1.0,1.99,5120.0
1991-03-13,dominicks,97,1.0,1.09,31040.0
1991-03-20,dominicks,97,0.0,2.49,768.0
1991-03-27,dominicks,97,0.0,2.49,1792.0
1991-04-03,dominicks,97,1.0,1.59,5632.0
1991-04-10,dominicks,97,0.0,1.59,5952.0
1991-04-17,dominicks,97,0.0,1.59,2880.0
1991-04-24,dominicks,97,1.0,0.99,59712.0
1991-05-01,dominicks,97,1.0,2.49,768.0
1991-05-08,dominicks,97,0.0,2.49,832.0
1991-05-15,dominicks,97,0.0,2.49,704.0
1991-05-22,dominicks,97,0.0,2.49,3200.0
1991-05-29,dominicks,97,1.0,1.59,18304.0
1991-06-05,dominicks,97,0.0,1.59,1472.0
1991-06-12,dominicks,97,0.0,2.39,1280.0
1991-06-19,dominicks,97,1.0,1.41,3712.0
1991-06-26,dominicks,97,0.0,1.29,8768.0
1991-07-03,dominicks,97,0.0,1.89,1024.0
1991-07-10,dominicks,97,0.0,1.89,2112.0
1991-07-17,dominicks,97,1.0,1.59,15616.0
1991-07-24,dominicks,97,0.228682783,2.326737768,11968.0
1991-07-31,dominicks,97,0.0,1.89,8320.0
1991-08-07,dominicks,97,1.0,0.99,40896.0
1991-08-14,dominicks,97,0.0,0.99,14080.0
1991-08-21,dominicks,97,1.0,1.49,12608.0
1991-08-28,dominicks,97,0.0,1.49,1984.0
1991-09-04,dominicks,97,0.0,1.39,4416.0
1991-09-11,dominicks,97,0.0,1.39,6592.0
1991-09-18,dominicks,97,0.0,1.39,5824.0
1991-09-25,dominicks,97,1.0,1.58,6912.0
1991-10-02,dominicks,97,0.0,1.58,4416.0
1991-10-09,dominicks,97,0.0,1.58,4672.0
1991-10-16,dominicks,97,1.0,1.58,14080.0
1991-10-23,dominicks,97,0.0,1.58,7872.0
1991-10-30,dominicks,97,0.0,1.58,3904.0
1991-11-06,dominicks,97,0.0,1.58,1792.0
1991-11-13,dominicks,97,1.0,1.58,6912.0
1991-11-20,dominicks,97,0.0,1.58,4736.0
1991-11-27,dominicks,97,0.0,1.58,4224.0
1991-12-04,dominicks,97,1.0,1.58,12096.0
1991-12-11,dominicks,97,0.0,1.58,6848.0
1991-12-18,dominicks,97,1.0,1.58,9216.0
1991-12-25,dominicks,97,0.0,1.58,5248.0
1992-01-01,dominicks,97,1.0,1.58,8128.0
1992-01-08,dominicks,97,0.0,1.58,7232.0
1992-01-15,dominicks,97,0.0,1.58,2688.0
1992-01-22,dominicks,97,0.0,1.58,4416.0
1992-01-29,dominicks,97,0.0,1.58,8064.0
1992-02-05,dominicks,97,0.0,1.58,29120.0
1992-02-12,dominicks,97,0.0,1.58,5376.0
1992-02-19,dominicks,97,0.0,1.58,4800.0
1992-02-26,dominicks,97,0.0,1.58,6144.0
1992-03-04,dominicks,97,0.0,1.58,4160.0
1992-03-11,dominicks,97,1.0,1.58,32128.0
1992-03-18,dominicks,97,0.0,1.58,8256.0
1992-03-25,dominicks,97,0.0,1.58,14784.0
1992-04-01,dominicks,97,0.0,1.58,5184.0
1992-04-08,dominicks,97,0.0,1.58,2944.0
1992-04-15,dominicks,97,0.0,1.58,7936.0
1992-04-22,dominicks,97,1.0,1.29,37376.0
1992-04-29,dominicks,97,0.0,1.29,6720.0
1992-05-06,dominicks,97,0.0,1.89,4864.0
1992-05-13,dominicks,97,0.0,1.89,3840.0
1992-05-20,dominicks,97,0.0,1.99,2816.0
1992-05-27,dominicks,97,0.0,1.69,6336.0
1992-06-03,dominicks,97,0.0,1.69,32256.0
1992-06-10,dominicks,97,0.0,1.69,15424.0
1992-06-17,dominicks,97,0.0,1.99,6400.0
1992-06-24,dominicks,97,0.0,1.99,2176.0
1992-07-01,dominicks,97,0.0,1.99,1600.0
1992-07-08,dominicks,97,0.0,1.99,3072.0
1992-07-15,dominicks,97,0.0,1.29,3392.0
1992-07-22,dominicks,97,0.0,1.99,3136.0
1992-07-29,dominicks,97,0.0,1.69,3840.0
1992-08-05,dominicks,97,1.0,1.49,23744.0
1992-08-12,dominicks,97,1.0,1.89,2368.0
1992-08-19,dominicks,97,0.0,1.99,2688.0
1992-08-26,dominicks,97,0.0,1.79,14272.0
1992-09-02,dominicks,97,0.0,1.29,10752.0
1992-09-09,dominicks,97,0.0,1.99,1152.0
1992-09-16,dominicks,97,0.0,2.09,1152.0
1992-09-23,dominicks,97,0.0,2.09,2688.0
1992-09-30,dominicks,97,0.0,1.49,27200.0
1992-10-07,dominicks,97,0.0,2.09,5760.0
1990-06-20,dominicks,101,1.0,1.59,15360.0
1990-06-27,dominicks,101,0.0,2.49,2560.0
1990-07-04,dominicks,101,0.0,2.49,2048.0
1990-07-11,dominicks,101,0.0,2.49,4800.0
1990-07-18,dominicks,101,0.0,2.49,2240.0
1990-07-25,dominicks,101,0.0,2.49,1536.0
1990-08-01,dominicks,101,0.0,2.49,11200.0
1990-08-08,dominicks,101,1.0,2.09,8192.0
1990-08-15,dominicks,101,0.0,2.09,3648.0
1990-08-22,dominicks,101,0.0,2.09,3520.0
1990-08-29,dominicks,101,0.0,2.09,2688.0
1990-09-05,dominicks,101,1.0,1.89,37824.0
1990-09-12,dominicks,101,0.0,1.89,9792.0
1990-09-19,dominicks,101,0.0,1.89,12736.0
1990-09-26,dominicks,101,0.0,1.79,9472.0
1990-10-03,dominicks,101,1.0,1.79,42496.0
1990-10-10,dominicks,101,0.0,1.79,7424.0
1990-10-17,dominicks,101,0.0,2.49,2240.0
1990-10-24,dominicks,101,1.0,1.24,84864.0
1990-10-31,dominicks,101,0.0,1.59,1920.0
1990-11-07,dominicks,101,1.0,1.59,18240.0
1990-11-14,dominicks,101,0.0,1.29,19776.0
1990-11-21,dominicks,101,0.0,0.99,34624.0
1990-11-28,dominicks,101,1.0,1.59,23232.0
1990-12-05,dominicks,101,1.0,2.49,47808.0
1990-12-12,dominicks,101,0.0,2.19,19264.0
1990-12-19,dominicks,101,1.0,1.39,55936.0
1990-12-26,dominicks,101,0.0,2.19,6272.0
1991-01-02,dominicks,101,0.0,2.19,9152.0
1991-01-09,dominicks,101,0.0,2.19,3136.0
1991-01-16,dominicks,101,1.0,0.99,132480.0
1991-01-23,dominicks,101,0.0,2.19,19328.0
1991-01-30,dominicks,101,0.0,2.19,16384.0
1991-02-06,dominicks,101,1.0,1.49,56640.0
1991-02-13,dominicks,101,0.0,1.49,20416.0
1991-02-20,dominicks,101,0.0,2.19,1984.0
1991-02-27,dominicks,101,0.0,2.19,4864.0
1991-03-06,dominicks,101,1.0,1.99,15808.0
1991-03-13,dominicks,101,1.0,1.09,93760.0
1991-03-20,dominicks,101,0.0,2.19,4288.0
1991-03-27,dominicks,101,0.0,2.19,10560.0
1991-04-03,dominicks,101,1.0,1.59,28672.0
1991-04-10,dominicks,101,0.0,1.59,27520.0
1991-04-17,dominicks,101,0.0,1.59,7808.0
1991-04-24,dominicks,101,1.0,0.99,149952.0
1991-05-01,dominicks,101,1.0,2.19,1536.0
1991-05-08,dominicks,101,0.0,2.19,2560.0
1991-05-15,dominicks,101,0.0,2.19,1344.0
1991-05-22,dominicks,101,0.0,2.19,6784.0
1991-05-29,dominicks,101,1.0,1.59,41152.0
1991-06-05,dominicks,101,0.0,1.59,9536.0
1991-06-12,dominicks,101,0.0,2.09,3712.0
1991-06-19,dominicks,101,1.0,1.41,13824.0
1991-06-26,dominicks,101,0.0,1.12,14400.0
1991-07-03,dominicks,101,0.0,1.89,3520.0
1991-07-10,dominicks,101,0.0,1.68,6592.0
1991-07-17,dominicks,101,1.0,1.59,27200.0
1991-07-24,dominicks,101,0.0,1.61,13824.0
1991-07-31,dominicks,101,0.0,1.34,7040.0
1991-08-07,dominicks,101,1.0,0.99,77440.0
1991-08-14,dominicks,101,0.0,1.27,9600.0
1991-08-21,dominicks,101,1.0,1.49,38208.0
1991-08-28,dominicks,101,0.0,1.46,5824.0
1991-09-04,dominicks,101,0.0,1.39,8320.0
1991-09-11,dominicks,101,0.0,1.39,9472.0
1991-09-18,dominicks,101,0.0,1.44,9216.0
1991-09-25,dominicks,101,1.0,1.59,13504.0
1991-10-02,dominicks,101,0.0,1.59,11136.0
1991-10-09,dominicks,101,0.0,1.54,13504.0
1991-10-16,dominicks,101,1.0,1.49,38016.0
1991-10-23,dominicks,101,0.0,1.55,8512.0
1991-10-30,dominicks,101,0.0,1.89,5120.0
1991-11-06,dominicks,101,0.0,1.8,4416.0
1991-11-13,dominicks,101,1.0,1.69,10304.0
1991-11-20,dominicks,101,0.0,1.75,7104.0
1991-11-27,dominicks,101,0.0,1.89,6144.0
1991-12-04,dominicks,101,1.0,1.5,21568.0
1991-12-11,dominicks,101,0.0,1.59,21056.0
1991-12-18,dominicks,101,1.0,1.59,31488.0
1991-12-25,dominicks,101,0.0,1.61,7872.0
1992-01-01,dominicks,101,1.0,1.69,9472.0
1992-01-08,dominicks,101,0.0,1.69,12416.0
1992-01-15,dominicks,101,0.0,1.73,2880.0
1992-01-22,dominicks,101,0.0,1.76,3712.0
1992-01-29,dominicks,101,0.0,1.52,19648.0
1992-02-05,dominicks,101,0.0,1.29,49088.0
1992-02-12,dominicks,101,0.0,1.29,12608.0
1992-02-19,dominicks,101,0.0,1.46,6976.0
1992-02-26,dominicks,101,0.0,1.69,12032.0
1992-03-04,dominicks,101,0.0,1.54,12864.0
1992-03-11,dominicks,101,1.0,1.39,44160.0
1992-03-18,dominicks,101,0.0,1.44,14400.0
1992-03-25,dominicks,101,0.0,1.59,34752.0
1992-04-01,dominicks,101,0.0,1.65,9920.0
1992-04-08,dominicks,101,0.0,1.89,7104.0
1992-04-15,dominicks,101,0.0,1.37,8960.0
1992-04-22,dominicks,101,1.0,1.29,70400.0
1992-04-29,dominicks,101,0.0,1.37,24832.0
1992-05-06,dominicks,101,0.0,1.89,14976.0
1992-05-13,dominicks,101,0.0,1.92,8384.0
1992-05-20,dominicks,101,0.0,1.99,11328.0
1992-05-27,dominicks,101,0.0,1.69,15488.0
1992-06-03,dominicks,101,0.0,1.69,58304.0
1992-06-10,dominicks,101,0.0,1.73,34176.0
1992-06-17,dominicks,101,0.0,1.99,11840.0
1992-06-24,dominicks,101,0.0,1.99,5824.0
1992-07-01,dominicks,101,0.0,1.99,4672.0
1992-07-08,dominicks,101,0.0,1.72,6016.0
1992-07-15,dominicks,101,0.0,1.45,10624.0
1992-07-22,dominicks,101,0.0,1.09,14464.0
1992-07-29,dominicks,101,0.0,1.69,10176.0
1992-08-05,dominicks,101,1.0,1.49,35648.0
1992-08-12,dominicks,101,1.0,1.89,6464.0
1992-08-19,dominicks,101,0.0,1.93,6016.0
1992-08-26,dominicks,101,0.0,1.23,18496.0
1992-09-02,dominicks,101,0.0,1.08,16448.0
1992-09-09,dominicks,101,0.0,1.99,4480.0
1992-09-16,dominicks,101,0.0,1.99,3840.0
1992-09-23,dominicks,101,0.0,1.73,3776.0
1992-09-30,dominicks,101,0.0,1.49,28224.0
1992-10-07,dominicks,101,0.0,1.79,7040.0
1990-06-20,dominicks,103,1.0,1.59,11264.0
1990-06-27,dominicks,103,0.0,2.29,3008.0
1990-07-04,dominicks,103,0.0,2.29,1856.0
1990-07-11,dominicks,103,0.0,2.29,5504.0
1990-07-18,dominicks,103,0.0,2.29,2176.0
1990-07-25,dominicks,103,0.0,2.29,4672.0
1990-08-01,dominicks,103,0.0,2.29,4544.0
1990-08-08,dominicks,103,1.0,2.09,5952.0
1990-08-15,dominicks,103,0.0,2.09,1856.0
1990-08-22,dominicks,103,0.0,2.09,3008.0
1990-08-29,dominicks,103,0.0,2.09,1536.0
1990-09-05,dominicks,103,0.228682783,2.326737768,5984.0
1990-09-12,dominicks,103,0.0,1.89,10432.0
1990-09-19,dominicks,103,0.0,1.89,12608.0
1990-09-26,dominicks,103,0.0,1.79,8896.0
1990-10-03,dominicks,103,1.0,1.79,30336.0
1990-10-10,dominicks,103,0.0,1.79,9088.0
1990-10-17,dominicks,103,0.0,2.29,960.0
1990-10-24,dominicks,103,1.0,1.14,111232.0
1990-10-31,dominicks,103,0.0,1.59,6592.0
1990-11-07,dominicks,103,1.0,1.59,24256.0
1990-11-14,dominicks,103,0.0,1.29,25472.0
1990-11-21,dominicks,103,0.0,0.99,13888.0
1990-11-28,dominicks,103,1.0,1.59,11136.0
1990-12-05,dominicks,103,1.0,2.29,46464.0
1990-12-12,dominicks,103,0.0,1.89,11200.0
1990-12-19,dominicks,103,1.0,1.39,40704.0
1990-12-26,dominicks,103,0.0,1.89,8128.0
1991-01-02,dominicks,103,0.0,1.89,2560.0
1991-01-09,dominicks,103,0.0,1.89,6336.0
1991-01-16,dominicks,103,1.0,0.99,160832.0
1991-01-23,dominicks,103,0.0,1.89,3072.0
1991-01-30,dominicks,103,0.0,1.89,15424.0
1991-02-06,dominicks,103,1.0,1.49,55168.0
1991-02-13,dominicks,103,0.0,1.49,17152.0
1991-02-20,dominicks,103,0.228682783,2.326737768,11712.0
1991-02-27,dominicks,103,0.0,1.89,6272.0
1991-03-06,dominicks,103,1.0,1.89,13632.0
1991-03-13,dominicks,103,1.0,0.94,113920.0
1991-03-20,dominicks,103,0.0,1.89,2048.0
1991-03-27,dominicks,103,0.0,1.89,9536.0
1991-04-03,dominicks,103,1.0,1.59,31040.0
1991-04-10,dominicks,103,0.0,1.59,16576.0
1991-04-17,dominicks,103,0.0,1.59,9344.0
1991-04-24,dominicks,103,1.0,0.99,151296.0
1991-05-01,dominicks,103,1.0,1.89,3776.0
1991-05-08,dominicks,103,0.0,1.89,4544.0
1991-05-15,dominicks,103,0.0,1.89,2112.0
1991-05-22,dominicks,103,0.0,1.89,7168.0
1991-05-29,dominicks,103,1.0,1.59,25152.0
1991-06-05,dominicks,103,0.0,1.59,6336.0
1991-06-12,dominicks,103,0.228682783,2.326737768,10432.0
1991-06-19,dominicks,103,1.0,1.26,14528.0
1991-06-26,dominicks,103,0.0,1.1,16640.0
1991-07-03,dominicks,103,0.228682783,2.326737768,20885.33333
1991-07-10,dominicks,103,0.228682783,2.326737768,25130.66667
1991-07-17,dominicks,103,1.0,1.59,29376.0
1991-07-24,dominicks,103,0.0,1.62,9728.0
1991-07-31,dominicks,103,0.0,1.42,6784.0
1991-08-07,dominicks,103,1.0,0.99,69376.0
1991-08-14,dominicks,103,0.0,1.08,41792.0
1991-08-21,dominicks,103,1.0,1.49,28800.0
1991-08-28,dominicks,103,0.0,1.44,12992.0
1991-09-04,dominicks,103,0.0,1.39,23104.0
1991-09-11,dominicks,103,0.0,1.39,14272.0
1991-09-18,dominicks,103,0.0,1.44,15488.0
1991-09-25,dominicks,103,1.0,1.59,20032.0
1991-10-02,dominicks,103,0.0,1.59,11264.0
1991-10-09,dominicks,103,0.0,1.55,13248.0
1991-10-16,dominicks,103,1.0,1.49,28736.0
1991-10-23,dominicks,103,0.0,1.52,6912.0
1991-10-30,dominicks,103,0.0,1.69,17856.0
1991-11-06,dominicks,103,0.0,1.69,3904.0
1991-11-13,dominicks,103,1.0,1.69,10944.0
1991-11-20,dominicks,103,0.0,1.69,9024.0
1991-11-27,dominicks,103,0.0,1.69,11584.0
1991-12-04,dominicks,103,1.0,1.5,24512.0
1991-12-11,dominicks,103,0.0,1.59,28352.0
1991-12-18,dominicks,103,1.0,1.59,21760.0
1991-12-25,dominicks,103,0.0,1.61,5440.0
1992-01-01,dominicks,103,1.0,1.69,11840.0
1992-01-08,dominicks,103,0.0,1.69,10368.0
1992-01-15,dominicks,103,0.0,1.69,2752.0
1992-01-22,dominicks,103,0.0,1.69,4864.0
1992-01-29,dominicks,103,0.0,1.48,17472.0
1992-02-05,dominicks,103,0.0,1.29,71744.0
1992-02-12,dominicks,103,0.0,1.34,25792.0
1992-02-19,dominicks,103,0.0,1.69,2688.0
1992-02-26,dominicks,103,0.0,1.69,12672.0
1992-03-04,dominicks,103,0.0,1.47,8064.0
1992-03-11,dominicks,103,1.0,1.39,44352.0
1992-03-18,dominicks,103,0.0,1.44,13632.0
1992-03-25,dominicks,103,0.0,1.59,31552.0
1992-04-01,dominicks,103,0.0,1.61,15680.0
1992-04-08,dominicks,103,0.0,1.69,8512.0
1992-04-15,dominicks,103,0.0,1.43,7168.0
1992-04-22,dominicks,103,1.0,1.29,67968.0
1992-04-29,dominicks,103,0.0,1.34,13376.0
1992-05-06,dominicks,103,0.0,1.69,7040.0
1992-05-13,dominicks,103,0.0,1.72,10560.0
1992-05-20,dominicks,103,0.228682783,2.326737768,0.0
1992-05-27,dominicks,103,0.0,1.69,10496.0
1992-06-03,dominicks,103,0.0,1.69,49728.0
1992-06-10,dominicks,103,0.0,1.69,16064.0
1992-06-17,dominicks,103,0.0,1.79,7936.0
1992-06-24,dominicks,103,0.0,1.79,6144.0
1992-07-01,dominicks,103,0.0,1.79,5312.0
1992-07-08,dominicks,103,0.0,1.63,8960.0
1992-07-15,dominicks,103,0.0,1.26,32064.0
1992-07-22,dominicks,103,0.0,1.75,7936.0
1992-07-29,dominicks,103,0.0,1.69,7744.0
1992-08-05,dominicks,103,1.0,1.49,39488.0
1992-08-12,dominicks,103,1.0,1.69,7744.0
1992-08-19,dominicks,103,0.0,1.71,13504.0
1992-08-26,dominicks,103,0.0,1.34,16704.0
1992-09-02,dominicks,103,0.0,1.3,22464.0
1992-09-09,dominicks,103,0.0,1.82,3648.0
1992-09-16,dominicks,103,0.0,1.92,6272.0
1992-09-23,dominicks,103,0.0,1.68,4352.0
1992-09-30,dominicks,103,0.0,1.49,36160.0
1992-10-07,dominicks,103,0.0,1.73,6848.0
