data/dominicks_oj_data/dominicks_oj_small.csv
date,brand,store,on_promotion,price,quantity
1990-06-20,dominicks,104,1.0,1.59,3520.0
1990-06-27,dominicks,104,0.0,2.49,1664.0
1990-07-04,dominicks,104,0.228682783,2.326737768,2389.333333
1990-07-11,dominicks,104,0.228682783,2.326737768,3114.666667
1990-07-18,dominicks,104,0.0,2.49,3840.0
1990-07-25,dominicks,104,0.0,2.49,960.0
1990-08-01,dominicks,104,0.0,2.49,2624.0
1990-08-08,dominicks,104,1.0,2.09,5120.0
1990-08-15,dominicks,104,0.0,2.09,1408.0
1990-08-22,dominicks,104,0.0,2.09,1920.0
1990-08-29,dominicks,104,0.0,2.09,1408.0
1990-09-05,dominicks,104,1.0,1.89,22080.0
1990-09-12,dominicks,104,0.0,1.89,6912.0
1990-09-19,dominicks,104,0.0,1.89,10624.0
1990-09-26,dominicks,104,0.0,1.79,8960.0
1990-10-03,dominicks,104,1.0,1.79,29952.0
1990-10-10,dominicks,104,0.0,1.79,8320.0
1990-10-17,dominicks,104,0.0,2.49,960.0
1990-10-24,dominicks,104,1.0,1.24,66688.0
1990-10-31,dominicks,104,0.0,1.59,1728.0
1990-11-07,dominicks,104,1.0,1.59,13184.0
1990-11-14,dominicks,104,0.0,1.29,10688.0
1990-11-21,dominicks,104,0.0,0.99,9024.0
1990-11-28,dominicks,104,1.0,1.59,19328.0
1990-12-05,dominicks,104,1.0,2.49,37056.0
1990-12-12,dominicks,104,0.0,2.19,8704.0
1990-12-19,dominicks,104,1.0,1.39,35136.0
1990-12-26,dominicks,104,0.0,2.19,2304.0
1991-01-02,dominicks,104,0.0,2.49,1088.0
1991-01-09,dominicks,104,0.0,2.49,1920.0
1991-01-16,dominicks,104,1.0,0.99,103360.0
1991-01-23,dominicks,104,0.228682783,2.326737768,81088.0
1991-01-30,dominicks,104,0.228682783,2.326737768,58816.0
1991-02-06,dominicks,104,1.0,1.49,36544.0
1991-02-13,dominicks,104,0.0,1.49,7808.0
1991-02-20,dominicks,104,0.0,2.49,2688.0
1991-02-27,dominicks,104,0.0,2.49,2560.0
1991-03-06,dominicks,104,1.0,1.99,6592.0
1991-03-13,dominicks,104,1.0,1.09,34112.0
1991-03-20,dominicks,104,0.0,2.49,576.0
1991-03-27,dominicks,104,0.0,2.49,4608.0
1991-04-03,dominicks,104,1.0,1.59,10432.0
1991-04-10,dominicks,104,0.0,1.59,8640.0
1991-04-17,dominicks,104,0.0,1.59,4480.0
1991-04-24,dominicks,104,1.0,0.99,98816.0
1991-05-01,dominicks,104,1.0,2.49,640.0
1991-05-08,dominicks,104,0.0,2.49,768.0
1991-05-15,dominicks,104,0.0,2.49,512.0
1991-05-22,dominicks,104,0.0,2.49,3200.0
1991-05-29,dominicks,104,1.0,1.59,25920.0
1991-06-05,dominicks,104,0.0,1.59,6848.0
1991-06-12,dominicks,104,0.0,2.39,1344.0
1991-06-19,dominicks,104,1.0,1.41,9856.0
1991-06-26,dominicks,104,0.0,1.29,25408.0
1991-07-03,dominicks,104,0.0,1.89,1536.0
1991-07-10,dominicks,104,0.0,1.89,4480.0
1991-07-17,dominicks,104,1.0,1.59,15872.0
1991-07-24,dominicks,104,0.0,1.59,8064.0
1991-07-31,dominicks,104,0.0,1.89,8896.0
1991-08-07,dominicks,104,1.0,0.99,59008.0
1991-08-14,dominicks,104,0.0,0.99,14464.0
1991-08-21,dominicks,104,1.0,1.49,19456.0
1991-08-28,dominicks,104,0.0,1.49,2560.0
1991-09-04,dominicks,104,0.228682783,2.326737768,5034.666667
1991-09-11,dominicks,104,0.228682783,2.326737768,7509.333333
1991-09-18,dominicks,104,0.0,1.39,9984.0
1991-09-25,dominicks,104,1.0,1.58,11584.0
1991-10-02,dominicks,104,0.0,1.58,6656.0
1991-10-09,dominicks,104,0.0,1.58,5824.0
1991-10-16,dominicks,104,1.0,1.58,18560.0
1991-10-23,dominicks,104,0.0,1.58,7744.0
1991-10-30,dominicks,104,0.0,1.58,5120.0
1991-11-06,dominicks,104,0.0,1.58,3392.0
1991-11-13,dominicks,104,1.0,1.58,6592.0
1991-11-20,dominicks,104,0.0,1.58,8896.0
1991-11-27,dominicks,104,0.0,1.58,4160.0
1991-12-04,dominicks,104,1.0,1.58,10240.0
1991-12-11,dominicks,104,0.0,1.58,9216.0
1991-12-18,dominicks,104,1.0,1.58,9728.0
1991-12-25,dominicks,104,0.0,1.58,6400.0
1992-01-01,dominicks,104,1.0,1.58,8832.0
1992-01-08,dominicks,104,0.0,1.58,7488.0
1992-01-15,dominicks,104,0.0,1.58,4800.0
1992-01-22,dominicks,104,0.0,1.58,5120.0
1992-01-29,dominicks,104,0.0,1.58,11776.0
1992-02-05,dominicks,104,0.0,1.58,36352.0
1992-02-12,dominicks,104,0.0,1.58,6272.0
1992-02-19,dominicks,104,0.0,1.58,8064.0
1992-02-26,dominicks,104,0.0,1.58,5568.0
1992-03-04,dominicks,104,0.0,1.58,10240.0
1992-03-11,dominicks,104,1.0,1.58,43328.0
1992-03-18,dominicks,104,0.0,1.58,8576.0
1992-03-25,dominicks,104,0.0,1.58,21248.0
1992-04-01,dominicks,104,0.0,1.58,4160.0
1992-04-08,dominicks,104,0.0,1.58,3776.0
1992-04-15,dominicks,104,0.0,1.58,7680.0
1992-04-22,dominicks,104,1.0,1.29,50176.0
1992-04-29,dominicks,104,0.0,1.29,9088.0
1992-05-06,dominicks,104,0.0,1.89,4992.0
1992-05-13,dominicks,104,0.0,1.89,3520.0
1992-05-20,dominicks,104,0.0,1.99,7296.0
1992-05-27,dominicks,104,0.0,1.69,14336.0
1992-06-03,dominicks,104,0.0,1.69,45184.0
1992-06-10,dominicks,104,0.0,1.69,19648.0
1992-06-17,dominicks,104,0.0,1.99,5696.0
1992-06-24,dominicks,104,0.0,1.99,3840.0
1992-07-01,dominicks,104,0.0,1.99,6016.0
1992-07-08,dominicks,104,0.0,1.99,4992.0
1992-07-15,dominicks,104,0.0,1.29,8256.0
1992-07-22,dominicks,104,0.0,1.99,4608.0
1992-07-29,dominicks,104,0.0,1.69,5120.0
1992-08-05,dominicks,104,1.0,1.49,25408.0
1992-08-12,dominicks,104,1.0,1.89,5312.0
1992-08-19,dominicks,104,0.0,1.99,2688.0
1992-08-26,dominicks,104,0.0,1.79,18688.0
1992-09-02,dominicks,104,0.0,1.29,13376.0
1992-09-09,dominicks,104,0.0,1.99,1216.0
1992-09-16,dominicks,104,0.0,2.09,1408.0
1992-09-23,dominicks,104,0.0,2.09,1792.0
1992-09-30,dominicks,104,0.0,1.49,16384.0
1992-10-07,dominicks,104,0.0,2.09,4224.0
1990-06-20,dominicks,105,1.0,1.59,3136.0
1990-06-27,dominicks,105,0.0,2.29,6656.0
1990-07-04,dominicks,105,0.228682783,2.326737768,5920.0
1990-07-11,dominicks,105,0.0,2.29,5184.0
1990-07-18,dominicks,105,0.0,2.29,4608.0
1990-07-25,dominicks,105,0.0,2.29,7680.0
1990-08-01,dominicks,105,0.0,2.29,8576.0
1990-08-08,dominicks,105,1.0,2.09,11520.0
1990-08-15,dominicks,105,0.0,2.09,5248.0
1990-08-22,dominicks,105,0.0,2.09,3840.0
1990-08-29,dominicks,105,0.0,2.09,4224.0
1990-09-05,dominicks,105,1.0,1.89,51200.0
1990-09-12,dominicks,105,0.0,1.89,16448.0
1990-09-19,dominicks,105,0.0,1.89,18816.0
1990-09-26,dominicks,105,0.0,1.79,11392.0
1990-10-03,dominicks,105,1.0,1.79,56256.0
1990-10-10,dominicks,105,0.0,1.79,17280.0
1990-10-17,dominicks,105,0.0,2.29,4736.0
1990-10-24,dominicks,105,1.0,1.14,135232.0
1990-10-31,dominicks,105,0.0,1.59,2176.0
1990-11-07,dominicks,105,1.0,1.59,57856.0
1990-11-14,dominicks,105,0.0,1.29,28736.0
1990-11-21,dominicks,105,0.0,0.99,81024.0
1990-11-28,dominicks,105,1.0,1.59,33856.0
1990-12-05,dominicks,105,1.0,2.29,74688.0
1990-12-12,dominicks,105,0.0,1.89,20416.0
1990-12-19,dominicks,105,1.0,1.39,97216.0
1990-12-26,dominicks,105,0.0,1.89,14208.0
1991-01-02,dominicks,105,0.0,1.89,4800.0
1991-01-09,dominicks,105,0.0,1.89,15616.0
1991-01-16,dominicks,105,1.0,0.99,247936.0
1991-01-23,dominicks,105,0.0,1.89,4800.0
1991-01-30,dominicks,105,0.0,1.89,13568.0
1991-02-06,dominicks,105,1.0,1.49,101504.0
1991-02-13,dominicks,105,0.0,1.49,25792.0
1991-02-20,dominicks,105,0.0,1.89,4416.0
1991-02-27,dominicks,105,0.0,1.89,7488.0
1991-03-06,dominicks,105,1.0,1.89,8320.0
1991-03-13,dominicks,105,1.0,0.94,158912.0
1991-03-20,dominicks,105,0.228682783,2.326737768,85184.0
1991-03-27,dominicks,105,0.0,1.89,11456.0
1991-04-03,dominicks,105,1.0,1.59,13888.0
1991-04-10,dominicks,105,0.0,1.59,22144.0
1991-04-17,dominicks,105,0.0,1.59,11584.0
1991-04-24,dominicks,105,1.0,0.99,235904.0
1991-05-01,dominicks,105,1.0,1.89,9920.0
1991-05-08,dominicks,105,0.0,1.89,7808.0
1991-05-15,dominicks,105,0.0,1.89,2880.0
1991-05-22,dominicks,105,0.0,1.89,8960.0
1991-05-29,dominicks,105,1.0,1.59,51520.0
1991-06-05,dominicks,105,0.0,1.59,11520.0
1991-06-12,dominicks,105,0.0,1.69,13952.0
1991-06-19,dominicks,105,1.0,1.26,26048.0
1991-06-26,dominicks,105,0.0,1.19,37056.0
1991-07-03,dominicks,105,0.0,0.52,14784.0
1991-07-10,dominicks,105,0.0,1.63,12352.0
1991-07-17,dominicks,105,1.0,1.59,40640.0
1991-07-24,dominicks,105,0.0,1.61,20800.0
1991-07-31,dominicks,105,0.0,1.32,22144.0
1991-08-07,dominicks,105,1.0,0.99,116032.0
1991-08-14,dominicks,105,0.0,1.2,21376.0
1991-08-21,dominicks,105,1.0,1.49,42688.0
1991-08-28,dominicks,105,0.0,1.44,9152.0
1991-09-04,dominicks,105,0.0,1.39,21632.0
1991-09-11,dominicks,105,0.0,1.39,31808.0
1991-09-18,dominicks,105,0.0,1.44,28544.0
1991-09-25,dominicks,105,1.0,1.59,25344.0
1991-10-02,dominicks,105,0.0,1.59,20352.0
1991-10-09,dominicks,105,0.0,1.55,21120.0
1991-10-16,dominicks,105,1.0,1.49,46208.0
1991-10-23,dominicks,105,0.0,1.53,15488.0
1991-10-30,dominicks,105,0.0,1.89,10752.0
1991-11-06,dominicks,105,0.0,1.83,3904.0
1991-11-13,dominicks,105,1.0,1.69,19264.0
1991-11-20,dominicks,105,0.0,1.73,15168.0
1991-11-27,dominicks,105,0.0,1.89,9344.0
1991-12-04,dominicks,105,1.0,1.51,39808.0
1991-12-11,dominicks,105,0.0,1.58,37312.0
1991-12-18,dominicks,105,1.0,1.59,25216.0
1991-12-25,dominicks,105,0.0,1.61,9536.0
1992-01-01,dominicks,105,1.0,1.69,20736.0
1992-01-08,dominicks,105,0.0,1.69,14080.0
1992-01-15,dominicks,105,0.0,1.74,3392.0
1992-01-22,dominicks,105,0.0,1.73,7232.0
1992-01-29,dominicks,105,0.0,1.52,27008.0
1992-02-05,dominicks,105,0.0,1.29,92800.0
1992-02-12,dominicks,105,0.0,1.31,10816.0
1992-02-19,dominicks,105,0.0,1.74,6656.0
1992-02-26,dominicks,105,0.0,1.69,28224.0
1992-03-04,dominicks,105,0.0,1.55,22528.0
1992-03-11,dominicks,105,1.0,1.39,95872.0
1992-03-18,dominicks,105,0.0,1.45,19200.0
1992-03-25,dominicks,105,0.0,1.59,56512.0
1992-04-01,dominicks,105,0.0,1.63,10048.0
1992-04-08,dominicks,105,0.0,1.89,9088.0
1992-04-15,dominicks,105,0.0,1.5,16320.0
1992-04-22,dominicks,105,1.0,1.29,103104.0
1992-04-29,dominicks,105,0.0,1.39,25472.0
1992-05-06,dominicks,105,0.0,1.89,12480.0
1992-05-13,dominicks,105,0.0,1.91,13376.0
1992-05-20,dominicks,105,0.0,1.99,6720.0
1992-05-27,dominicks,105,0.0,1.69,19648.0
1992-06-03,dominicks,105,0.0,1.69,86784.0
1992-06-10,dominicks,105,0.0,1.71,34688.0
1992-06-17,dominicks,105,0.0,1.99,9728.0
1992-06-24,dominicks,105,0.0,1.99,5056.0
1992-07-01,dominicks,105,0.0,1.99,3136.0
1992-07-08,dominicks,105,0.0,1.87,6464.0
1992-07-15,dominicks,105,0.0,1.38,6272.0
1992-07-22,dominicks,105,0.0,1.86,9536.0
1992-07-29,dominicks,105,0.0,1.69,15488.0
1992-08-05,dominicks,105,1.0,1.49,43648.0
1992-08-12,dominicks,105,1.0,1.89,7552.0
1992-08-19,dominicks,105,0.0,1.91,6656.0
1992-08-26,dominicks,105,0.0,1.33,24768.0
1992-09-02,dominicks,105,0.0,1.31,16192.0
1992-09-09,dominicks,105,0.0,2.01,3776.0
1992-09-16,dominicks,105,0.0,2.13,3840.0
1992-09-23,dominicks,105,0.0,1.79,7040.0
1992-09-30,dominicks,105,0.0,1.49,41792.0
1992-10-07,dominicks,105,0.0,1.77,9152.0
1990-06-20,dominicks,106,1.0,1.59,1920.0
1990-06-27,dominicks,106,0.0,2.49,896.0
1990-07-04,dominicks,106,0.0,2.49,1280.0
1990-07-11,dominicks,106,0.0,2.49,4544.0
1990-07-18,dominicks,106,0.0,2.49,960.0
1990-07-25,dominicks,106,0.0,2.49,1088.0
1990-08-01,dominicks,106,0.228682783,2.326737768,2592.0
1990-08-08,dominicks,106,1.0,2.09,4096.0
1990-08-15,dominicks,106,0.0,2.09,2304.0
1990-08-22,dominicks,106,0.0,2.09,2624.0
1990-08-29,dominicks,106,0.0,2.09,1024.0
1990-09-05,dominicks,106,1.0,1.89,15488.0
1990-09-12,dominicks,106,0.0,1.89,8384.0
1990-09-19,dominicks,106,0.0,1.89,6144.0
1990-09-26,dominicks,106,0.0,1.79,6720.0
1990-10-03,dominicks,106,1.0,1.79,18432.0
1990-10-10,dominicks,106,0.0,1.79,5696.0
1990-10-17,dominicks,106,0.0,2.49,1536.0
1990-10-24,dominicks,106,1.0,1.24,49280.0
1990-10-31,dominicks,106,0.0,1.59,1472.0
1990-11-07,dominicks,106,1.0,1.59,17856.0
1990-11-14,dominicks,106,0.0,1.29,13824.0
1990-11-21,dominicks,106,0.0,0.99,9216.0
1990-11-28,dominicks,106,1.0,1.59,18560.0
1990-12-05,dominicks,106,1.0,2.49,27456.0
1990-12-12,dominicks,106,0.0,2.19,5312.0
1990-12-19,dominicks,106,1.0,1.39,25344.0
1990-12-26,dominicks,106,0.0,2.19,1152.0
1991-01-02,dominicks,106,0.0,2.49,6592.0
1991-01-09,dominicks,106,0.0,2.49,4992.0
1991-01-16,dominicks,106,1.0,0.99,78528.0
1991-01-23,dominicks,106,0.0,2.49,12544.0
1991-01-30,dominicks,106,0.0,2.49,4160.0
1991-02-06,dominicks,106,1.0,1.49,32128.0
1991-02-13,dominicks,106,0.0,1.49,10368.0
1991-02-20,dominicks,106,0.0,2.49,832.0
1991-02-27,dominicks,106,0.0,2.49,2176.0
1991-03-06,dominicks,106,1.0,1.99,4928.0
1991-03-13,dominicks,106,1.0,1.09,34624.0
1991-03-20,dominicks,106,0.0,2.49,2112.0
1991-03-27,dominicks,106,0.0,2.49,2432.0
1991-04-03,dominicks,106,1.0,1.59,6784.0
1991-04-10,dominicks,106,0.0,1.59,11776.0
1991-04-17,dominicks,106,0.0,1.59,4736.0
1991-04-24,dominicks,106,1.0,0.99,79616.0
1991-05-01,dominicks,106,1.0,2.49,704.0
1991-05-08,dominicks,106,0.0,2.49,256.0
1991-05-15,dominicks,106,0.0,2.49,448.0
1991-05-22,dominicks,106,0.0,2.49,5248.0
1991-05-29,dominicks,106,1.0,1.59,19200.0
1991-06-05,dominicks,106,0.0,1.59,3392.0
1991-06-12,dominicks,106,0.0,2.39,384.0
1991-06-19,dominicks,106,1.0,1.41,4352.0
1991-06-26,dominicks,106,0.0,1.29,14208.0
1991-07-03,dominicks,106,0.0,1.89,8384.0
1991-07-10,dominicks,106,0.0,1.89,3520.0
1991-07-17,dominicks,106,1.0,1.59,16064.0
1991-07-24,dominicks,106,0.228682783,2.326737768,10752.0
1991-07-31,dominicks,106,0.0,1.89,5440.0
1991-08-07,dominicks,106,1.0,0.99,40384.0
1991-08-14,dominicks,106,0.0,0.99,4096.0
1991-08-21,dominicks,106,1.0,1.49,15232.0
1991-08-28,dominicks,106,0.0,1.49,3392.0
1991-09-04,dominicks,106,0.0,1.39,11712.0
1991-09-11,dominicks,106,0.0,1.39,9600.0
1991-09-18,dominicks,106,0.0,1.39,7936.0
1991-09-25,dominicks,106,1.0,1.58,8576.0
1991-10-02,dominicks,106,0.0,1.58,6656.0
1991-10-09,dominicks,106,0.0,1.58,6784.0
1991-10-16,dominicks,106,1.0,1.58,18624.0
1991-10-23,dominicks,106,0.0,1.58,6912.0
1991-10-30,dominicks,106,0.0,1.58,3712.0
1991-11-06,dominicks,106,0.0,1.58,2496.0
1991-11-13,dominicks,106,1.0,1.58,6528.0
1991-11-20,dominicks,106,0.0,1.58,6400.0
1991-11-27,dominicks,106,0.0,1.58,3200.0
1991-12-04,dominicks,106,1.0,1.58,13504.0
1991-12-11,dominicks,106,0.0,1.58,11392.0
1991-12-18,dominicks,106,1.0,1.58,11136.0
1991-12-25,dominicks,106,0.0,1.58,3264.0
1992-01-01,dominicks,106,1.0,1.58,6528.0
1992-01-08,dominicks,106,0.0,1.58,6400.0
1992-01-15,dominicks,106,0.0,1.58,768.0
1992-01-22,dominicks,106,0.0,1.58,3328.0
1992-01-29,dominicks,106,0.0,1.58,10240.0
1992-02-05,dominicks,106,0.0,1.58,38464.0
1992-02-12,dominicks,106,0.0,1.58,10496.0
1992-02-19,dominicks,106,0.0,1.58,1152.0
1992-02-26,dominicks,106,0.0,1.58,4864.0
1992-03-04,dominicks,106,0.0,1.58,6976.0
1992-03-11,dominicks,106,1.0,1.58,35136.0
1992-03-18,dominicks,106,0.0,1.58,6528.0
1992-03-25,dominicks,106,0.0,1.58,17856.0
1992-04-01,dominicks,106,0.0,1.58,7744.0
1992-04-08,dominicks,106,0.0,1.58,2432.0
1992-04-15,dominicks,106,0.0,1.58,10240.0
1992-04-22,dominicks,106,1.0,1.29,38464.0
1992-04-29,dominicks,106,0.0,1.29,16576.0
1992-05-06,dominicks,106,0.0,1.89,7552.0
1992-05-13,dominicks,106,0.0,1.89,4160.0
1992-05-20,dominicks,106,0.0,1.99,4160.0
1992-05-27,dominicks,106,0.0,1.69,7872.0
1992-06-03,dominicks,106,0.0,1.69,28224.0
1992-06-10,dominicks,106,0.0,1.69,14784.0
1992-06-17,dominicks,106,0.0,1.99,6464.0
1992-06-24,dominicks,106,0.0,1.99,1920.0
1992-07-01,dominicks,106,0.0,1.99,1728.0
1992-07-08,dominicks,106,0.0,1.99,2496.0
1992-07-15,dominicks,106,0.0,1.29,4480.0
1992-07-22,dominicks,106,0.0,1.99,3584.0
1992-07-29,dominicks,106,0.0,1.69,6016.0
1992-08-05,dominicks,106,1.0,1.49,19840.0
1992-08-12,dominicks,106,1.0,1.89,4288.0
1992-08-19,dominicks,106,0.0,1.99,3712.0
1992-08-26,dominicks,106,0.0,1.79,13056.0
1992-09-02,dominicks,106,0.0,1.29,4992.0
1992-09-09,dominicks,106,0.0,1.99,2560.0
1992-09-16,dominicks,106,0.0,2.24,640.0
1992-09-23,dominicks,106,0.0,2.24,4480.0
1992-09-30,dominicks,106,0.0,1.49,22336.0
1992-10-07,dominicks,106,0.0,2.24,2560.0
