data/dominicks_oj_data/dominicks_oj_small.csv
date,brand,store,on_promotion,price,quantity
1990-06-20,dominicks,107,1.0,1.59,2496.0
1990-06-27,dominicks,107,0.0,2.49,2112.0
1990-07-04,dominicks,107,0.0,2.49,1152.0
1990-07-11,dominicks,107,0.0,2.49,6208.0
1990-07-18,dominicks,107,0.0,2.49,3200.0
1990-07-25,dominicks,107,0.0,2.49,1024.0
1990-08-01,dominicks,107,0.0,2.49,5056.0
1990-08-08,dominicks,107,1.0,2.09,9024.0
1990-08-15,dominicks,107,0.0,2.09,3008.0
1990-08-22,dominicks,107,0.0,2.09,2432.0
1990-08-29,dominicks,107,0.0,2.09,1088.0
1990-09-05,dominicks,107,1.0,1.89,33216.0
1990-09-12,dominicks,107,0.0,1.89,15168.0
1990-09-19,dominicks,107,0.0,1.89,19008.0
1990-09-26,dominicks,107,0.0,1.79,9664.0
1990-10-03,dominicks,107,1.0,1.79,41920.0
1990-10-10,dominicks,107,0.0,1.79,11520.0
1990-10-17,dominicks,107,0.0,2.49,1792.0
1990-10-24,dominicks,107,1.0,1.24,86016.0
1990-10-31,dominicks,107,0.0,1.59,1152.0
1990-11-07,dominicks,107,1.0,1.59,26368.0
1990-11-14,dominicks,107,0.0,1.29,13440.0
1990-11-21,dominicks,107,0.0,0.99,32000.0
1990-11-28,dominicks,107,1.0,1.59,14336.0
1990-12-05,dominicks,107,1.0,2.49,65792.0
1990-12-12,dominicks,107,0.0,2.19,2304.0
1990-12-19,dominicks,107,1.0,1.39,48320.0
1990-12-26,dominicks,107,0.0,2.19,2368.0
1991-01-02,dominicks,107,0.0,2.19,1792.0
1991-01-09,dominicks,107,0.0,2.19,4992.0
1991-01-16,dominicks,107,1.0,0.99,128896.0
1991-01-23,dominicks,107,0.0,2.19,14016.0
1991-01-30,dominicks,107,0.0,2.19,2816.0
1991-02-06,dominicks,107,1.0,1.49,47296.0
1991-02-13,dominicks,107,0.0,1.49,13056.0
1991-02-20,dominicks,107,0.0,2.19,2112.0
1991-02-27,dominicks,107,0.0,2.19,3136.0
1991-03-06,dominicks,107,1.0,1.99,2944.0
1991-03-13,dominicks,107,1.0,1.09,54656.0
1991-03-20,dominicks,107,0.0,2.19,1152.0
1991-03-27,dominicks,107,0.0,2.19,5696.0
1991-04-03,dominicks,107,1.0,1.59,10304.0
1991-04-10,dominicks,107,0.0,1.59,16704.0
1991-04-17,dominicks,107,0.0,1.59,6208.0
1991-04-24,dominicks,107,1.0,0.99,146048.0
1991-05-01,dominicks,107,1.0,2.19,1664.0
1991-05-08,dominicks,107,0.0,2.19,2880.0
1991-05-15,dominicks,107,0.0,2.19,1280.0
1991-05-22,dominicks,107,0.0,2.19,5888.0
1991-05-29,dominicks,107,1.0,1.59,36992.0
1991-06-05,dominicks,107,0.0,1.59,11712.0
1991-06-12,dominicks,107,0.0,2.09,4800.0
1991-06-19,dominicks,107,1.0,1.41,12736.0
1991-06-26,dominicks,107,0.0,1.29,22656.0
1991-07-03,dominicks,107,0.0,1.89,3008.0
1991-07-10,dominicks,107,0.0,1.89,3904.0
1991-07-17,dominicks,107,1.0,1.59,19136.0
1991-07-24,dominicks,107,0.0,1.59,13824.0
1991-07-31,dominicks,107,0.0,1.89,15296.0
1991-08-07,dominicks,107,1.0,0.99,62400.0
1991-08-14,dominicks,107,0.0,0.99,8576.0
1991-08-21,dominicks,107,1.0,1.49,24448.0
1991-08-28,dominicks,107,0.0,1.49,3968.0
1991-09-04,dominicks,107,0.0,1.39,2752.0
1991-09-11,dominicks,107,0.0,1.39,8576.0
1991-09-18,dominicks,107,0.0,1.39,15168.0
1991-09-25,dominicks,107,1.0,1.58,14912.0
1991-10-02,dominicks,107,0.0,1.58,2048.0
1991-10-09,dominicks,107,0.0,1.58,5760.0
1991-10-16,dominicks,107,1.0,1.58,34304.0
1991-10-23,dominicks,107,0.0,1.58,6720.0
1991-10-30,dominicks,107,0.0,1.58,5312.0
1991-11-06,dominicks,107,0.0,1.58,1984.0
1991-11-13,dominicks,107,1.0,1.58,13120.0
1991-11-20,dominicks,107,0.0,1.58,3776.0
1991-11-27,dominicks,107,0.0,1.58,3008.0
1991-12-04,dominicks,107,1.0,1.58,26304.0
1991-12-11,dominicks,107,0.0,1.58,18624.0
1991-12-18,dominicks,107,1.0,1.58,18880.0
1991-12-25,dominicks,107,0.0,1.58,7552.0
1992-01-01,dominicks,107,1.0,1.58,13376.0
1992-01-08,dominicks,107,0.0,1.58,18752.0
1992-01-15,dominicks,107,0.0,1.58,13120.0
1992-01-22,dominicks,107,0.0,1.58,3904.0
1992-01-29,dominicks,107,0.0,1.58,15872.0
1992-02-05,dominicks,107,0.0,1.58,51392.0
1992-02-12,dominicks,107,0.0,1.58,7296.0
1992-02-19,dominicks,107,0.0,1.58,2816.0
1992-02-26,dominicks,107,0.0,1.58,11392.0
1992-03-04,dominicks,107,0.0,1.58,7040.0
1992-03-11,dominicks,107,1.0,1.58,61568.0
1992-03-18,dominicks,107,0.0,1.58,11456.0
1992-03-25,dominicks,107,0.0,1.58,19904.0
1992-04-01,dominicks,107,0.0,1.58,3904.0
1992-04-08,dominicks,107,0.0,1.58,3584.0
1992-04-15,dominicks,107,0.0,1.58,22144.0
1992-04-22,dominicks,107,1.0,1.29,67392.0
1992-04-29,dominicks,107,0.0,1.29,15808.0
1992-05-06,dominicks,107,0.0,1.89,4352.0
1992-05-13,dominicks,107,0.0,1.89,9216.0
1992-05-20,dominicks,107,0.0,1.99,6592.0
1992-05-27,dominicks,107,0.0,1.69,27264.0
1992-06-03,dominicks,107,0.0,1.69,80256.0
1992-06-10,dominicks,107,0.0,1.69,36992.0
1992-06-17,dominicks,107,0.0,1.99,13632.0
1992-06-24,dominicks,107,0.0,1.99,6336.0
1992-07-01,dominicks,107,0.0,1.99,7104.0
1992-07-08,dominicks,107,0.0,1.99,10176.0
1992-07-15,dominicks,107,0.228682783,2.326737768,0.0
1992-07-22,dominicks,107,0.0,1.99,14336.0
1992-07-29,dominicks,107,0.0,1.69,11392.0
1992-08-05,dominicks,107,1.0,1.49,50368.0
1992-08-12,dominicks,107,1.0,1.89,7552.0
1992-08-19,dominicks,107,0.0,1.99,7296.0
1992-08-26,dominicks,107,0.0,1.79,23168.0
1992-09-02,dominicks,107,0.0,1.29,12992.0
1992-09-09,dominicks,107,0.0,1.99,10816.0
1992-09-16,dominicks,107,0.0,2.13,3200.0
1992-09-23,dominicks,107,0.0,2.13,5184.0
1992-09-30,dominicks,107,0.0,1.49,50432.0
1992-10-07,dominicks,107,0.0,2.13,8000.0
1990-06-20,dominicks,109,1.0,1.59,4736.0
1990-06-27,dominicks,109,0.0,2.69,512.0
1990-07-04,dominicks,109,0.0,2.69,1408.0
1990-07-11,dominicks,109,0.0,2.69,2240.0
1990-07-18,dominicks,109,0.0,2.69,448.0
1990-07-25,dominicks,109,0.0,2.69,448.0
1990-08-01,dominicks,109,0.0,2.69,3200.0
1990-08-08,dominicks,109,1.0,2.09,4864.0
1990-08-15,dominicks,109,0.0,2.09,2048.0
1990-08-22,dominicks,109,0.0,2.09,1088.0
1990-08-29,dominicks,109,0.0,2.09,704.0
1990-09-05,dominicks,109,1.0,1.89,22400.0
1990-09-12,dominicks,109,0.0,1.89,13120.0
1990-09-19,dominicks,109,0.0,1.89,7680.0
1990-09-26,dominicks,109,0.0,1.79,5504.0
1990-10-03,dominicks,109,1.0,1.79,51392.0
1990-10-10,dominicks,109,0.0,1.79,6208.0
1990-10-17,dominicks,109,0.0,2.69,1664.0
1990-10-24,dominicks,109,1.0,1.24,51328.0
1990-10-31,dominicks,109,0.0,1.59,704.0
1990-11-07,dominicks,109,1.0,1.59,11200.0
1990-11-14,dominicks,109,0.0,1.29,8512.0
1990-11-21,dominicks,109,0.0,0.99,4672.0
1990-11-28,dominicks,109,1.0,1.59,8896.0
1990-12-05,dominicks,109,1.0,2.49,46848.0
1990-12-12,dominicks,109,0.0,2.69,5952.0
1990-12-19,dominicks,109,1.0,1.39,53760.0
1990-12-26,dominicks,109,0.0,2.69,256.0
1991-01-02,dominicks,109,0.0,2.69,256.0
1991-01-09,dominicks,109,0.0,2.69,448.0
1991-01-16,dominicks,109,1.0,0.99,112576.0
1991-01-23,dominicks,109,0.0,2.69,6336.0
1991-01-30,dominicks,109,0.0,2.69,6272.0
1991-02-06,dominicks,109,1.0,1.49,55872.0
1991-02-13,dominicks,109,0.0,1.49,11968.0
1991-02-20,dominicks,109,0.0,2.69,960.0
1991-02-27,dominicks,109,0.0,2.69,1472.0
1991-03-06,dominicks,109,1.0,1.99,6784.0
1991-03-13,dominicks,109,1.0,1.09,74304.0
1991-03-20,dominicks,109,0.0,2.69,640.0
1991-03-27,dominicks,109,0.0,2.69,2176.0
1991-04-03,dominicks,109,1.0,1.59,42304.0
1991-04-10,dominicks,109,0.0,1.59,8320.0
1991-04-17,dominicks,109,0.0,1.59,3392.0
1991-04-24,dominicks,109,1.0,0.99,105920.0
1991-05-01,dominicks,109,1.0,2.69,1664.0
1991-05-08,dominicks,109,0.0,2.69,256.0
1991-05-15,dominicks,109,0.0,2.69,704.0
1991-05-22,dominicks,109,0.0,2.69,1984.0
1991-05-29,dominicks,109,0.228682783,2.326737768,2624.0
1991-06-05,dominicks,109,0.0,1.59,3264.0
1991-06-12,dominicks,109,0.0,2.39,1344.0
1991-06-19,dominicks,109,1.0,1.49,12480.0
1991-06-26,dominicks,109,0.0,1.29,9216.0
1991-07-03,dominicks,109,0.0,1.99,640.0
1991-07-10,dominicks,109,0.0,1.99,2304.0
1991-07-17,dominicks,109,1.0,1.59,33280.0
1991-07-24,dominicks,109,0.0,1.59,13888.0
1991-07-31,dominicks,109,0.0,1.99,7680.0
1991-08-07,dominicks,109,1.0,0.99,77184.0
1991-08-14,dominicks,109,0.0,0.99,15936.0
1991-08-21,dominicks,109,1.0,1.49,34048.0
1991-08-28,dominicks,109,0.0,1.49,9024.0
1991-09-04,dominicks,109,0.0,1.39,5888.0
1991-09-11,dominicks,109,0.0,1.39,8000.0
1991-09-18,dominicks,109,0.0,1.39,5376.0
1991-09-25,dominicks,109,1.0,1.58,10944.0
1991-10-02,dominicks,109,0.0,1.58,9472.0
1991-10-09,dominicks,109,0.0,1.58,5888.0
1991-10-16,dominicks,109,1.0,1.58,42560.0
1991-10-23,dominicks,109,0.0,1.58,5888.0
1991-10-30,dominicks,109,0.0,1.58,3264.0
1991-11-06,dominicks,109,0.0,1.58,1984.0
1991-11-13,dominicks,109,1.0,1.58,9280.0
1991-11-20,dominicks,109,0.0,1.58,5376.0
1991-11-27,dominicks,109,0.0,1.58,1664.0
1991-12-04,dominicks,109,1.0,1.58,35968.0
1991-12-11,dominicks,109,0.0,1.58,27904.0
1991-12-18,dominicks,109,1.0,1.58,31872.0
1991-12-25,dominicks,109,0.0,1.58,2688.0
1992-01-01,dominicks,109,1.0,1.58,9920.0
1992-01-08,dominicks,109,0.0,1.58,7872.0
1992-01-15,dominicks,109,0.0,1.58,1792.0
1992-01-22,dominicks,109,0.0,1.58,2560.0
1992-01-29,dominicks,109,0.0,1.58,9216.0
1992-02-05,dominicks,109,0.0,1.58,55488.0
1992-02-12,dominicks,109,0.0,1.58,6464.0
1992-02-19,dominicks,109,0.0,1.58,2496.0
1992-02-26,dominicks,109,0.0,1.58,7360.0
1992-03-04,dominicks,109,0.0,1.58,4288.0
1992-03-11,dominicks,109,1.0,1.58,61952.0
1992-03-18,dominicks,109,0.0,1.58,8064.0
1992-03-25,dominicks,109,0.0,1.58,44032.0
1992-04-01,dominicks,109,0.0,1.58,3584.0
1992-04-08,dominicks,109,0.0,1.58,1664.0
1992-04-15,dominicks,109,0.0,1.58,8192.0
1992-04-22,dominicks,109,1.0,1.29,55744.0
1992-04-29,dominicks,109,0.0,1.29,9088.0
1992-05-06,dominicks,109,0.0,1.99,3712.0
1992-05-13,dominicks,109,0.0,1.99,4352.0
1992-05-20,dominicks,109,0.0,2.09,2176.0
1992-05-27,dominicks,109,0.0,1.69,13376.0
1992-06-03,dominicks,109,0.0,1.69,58880.0
1992-06-10,dominicks,109,0.0,1.69,27392.0
1992-06-17,dominicks,109,0.0,2.09,2688.0
1992-06-24,dominicks,109,0.0,2.09,3328.0
1992-07-01,dominicks,109,0.0,1.99,2240.0
1992-07-08,dominicks,109,0.0,1.99,4864.0
1992-07-15,dominicks,109,0.228682783,2.326737768,0.0
1992-07-22,dominicks,109,0.0,2.09,4800.0
1992-07-29,dominicks,109,0.0,1.69,4672.0
1992-08-05,dominicks,109,1.0,1.49,51584.0
1992-08-12,dominicks,109,1.0,1.99,5184.0
1992-08-19,dominicks,109,0.0,2.09,1920.0
1992-08-26,dominicks,109,0.0,1.89,8064.0
1992-09-02,dominicks,109,0.0,1.29,17984.0
1992-09-09,dominicks,109,0.0,2.09,2304.0
1992-09-16,dominicks,109,0.0,2.24,576.0
1992-09-23,dominicks,109,0.0,2.24,6464.0
1992-09-30,dominicks,109,0.0,1.49,64512.0
1992-10-07,dominicks,109,0.0,2.24,4416.0
1990-06-20,dominicks,110,1.0,1.59,2752.0
1990-06-27,dominicks,110,0.0,2.49,2176.0
1990-07-04,dominicks,110,0.0,2.49,1152.0
1990-07-11,dominicks,110,0.0,2.49,3264.0
1990-07-18,dominicks,110,0.0,2.49,1792.0
1990-07-25,dominicks,110,0.0,2.49,576.0
1990-08-01,dominicks,110,0.0,2.49,4544.0
1990-08-08,dominicks,110,1.0,2.09,5888.0
1990-08-15,dominicks,110,0.0,2.09,2688.0
1990-08-22,dominicks,110,0.0,2.09,1856.0
1990-08-29,dominicks,110,0.0,2.09,1408.0
1990-09-05,dominicks,110,1.0,1.89,27584.0
1990-09-12,dominicks,110,0.0,1.89,6080.0
1990-09-19,dominicks,110,0.0,1.89,7744.0
1990-09-26,dominicks,110,0.0,1.79,6784.0
1990-10-03,dominicks,110,1.0,1.79,29632.0
1990-10-10,dominicks,110,0.0,1.79,9152.0
1990-10-17,dominicks,110,0.0,2.49,1408.0
1990-10-24,dominicks,110,1.0,1.24,59200.0
1990-10-31,dominicks,110,0.0,1.59,896.0
1990-11-07,dominicks,110,1.0,1.59,19840.0
1990-11-14,dominicks,110,0.0,1.29,12672.0
1990-11-21,dominicks,110,0.0,0.99,42496.0
1990-11-28,dominicks,110,1.0,1.59,25216.0
1990-12-05,dominicks,110,1.0,2.49,45120.0
1990-12-12,dominicks,110,0.0,2.19,5248.0
1990-12-19,dominicks,110,1.0,1.39,35392.0
1990-12-26,dominicks,110,0.0,2.19,2304.0
1991-01-02,dominicks,110,0.0,2.19,1984.0
1991-01-09,dominicks,110,0.0,2.19,3904.0
1991-01-16,dominicks,110,1.0,0.99,105472.0
1991-01-23,dominicks,110,0.0,2.19,1728.0
1991-01-30,dominicks,110,0.0,2.19,9024.0
1991-02-06,dominicks,110,1.0,1.49,45248.0
1991-02-13,dominicks,110,0.0,1.49,15168.0
1991-02-20,dominicks,110,0.0,2.19,2368.0
1991-02-27,dominicks,110,0.0,2.19,5632.0
1991-03-06,dominicks,110,1.0,1.99,6656.0
1991-03-13,dominicks,110,1.0,1.09,64256.0
1991-03-20,dominicks,110,0.0,2.19,1984.0
1991-03-27,dominicks,110,0.0,2.19,3200.0
1991-04-03,dominicks,110,1.0,1.59,28992.0
1991-04-10,dominicks,110,0.0,1.59,11072.0
1991-04-17,dominicks,110,0.0,1.59,7360.0
1991-04-24,dominicks,110,1.0,0.99,106560.0
1991-05-01,dominicks,110,1.0,2.19,1600.0
1991-05-08,dominicks,110,0.228682783,2.326737768,3157.333333
1991-05-15,dominicks,110,0.228682783,2.326737768,4714.666667
1991-05-22,dominicks,110,0.0,2.19,6272.0
1991-05-29,dominicks,110,1.0,1.59,31488.0
1991-06-05,dominicks,110,0.0,1.59,7872.0
1991-06-12,dominicks,110,0.0,2.09,2112.0
1991-06-19,dominicks,110,1.0,1.41,12160.0
1991-06-26,dominicks,110,0.0,1.29,4928.0
1991-07-03,dominicks,110,0.0,1.89,2432.0
1991-07-10,dominicks,110,0.0,1.89,4800.0
1991-07-17,dominicks,110,1.0,1.59,25984.0
1991-07-24,dominicks,110,0.0,1.59,9408.0
1991-07-31,dominicks,110,0.0,1.89,5248.0
1991-08-07,dominicks,110,1.0,0.99,52992.0
1991-08-14,dominicks,110,0.0,0.99,15872.0
1991-08-21,dominicks,110,1.0,1.49,19456.0
1991-08-28,dominicks,110,0.0,1.49,3072.0
1991-09-04,dominicks,110,0.0,1.39,8832.0
1991-09-11,dominicks,110,0.0,1.39,2880.0
1991-09-18,dominicks,110,0.0,1.39,4416.0
1991-09-25,dominicks,110,1.0,1.58,16192.0
1991-10-02,dominicks,110,0.0,1.58,9664.0
1991-10-09,dominicks,110,0.228682783,2.326737768,19936.0
1991-10-16,dominicks,110,1.0,1.58,30208.0
1991-10-23,dominicks,110,0.0,1.58,8064.0
1991-10-30,dominicks,110,0.0,1.58,8128.0
1991-11-06,dominicks,110,0.0,1.58,3776.0
1991-11-13,dominicks,110,1.0,1.58,9536.0
1991-11-20,dominicks,110,0.0,1.58,8576.0
1991-11-27,dominicks,110,0.0,1.58,6400.0
1991-12-04,dominicks,110,1.0,1.58,28672.0
1991-12-11,dominicks,110,0.0,1.58,22400.0
1991-12-18,dominicks,110,1.0,1.58,26432.0
1991-12-25,dominicks,110,0.0,1.58,4544.0
1992-01-01,dominicks,110,1.0,1.58,12608.0
1992-01-08,dominicks,110,0.0,1.58,6656.0
1992-01-15,dominicks,110,0.0,1.58,3584.0
1992-01-22,dominicks,110,0.0,1.58,5760.0
1992-01-29,dominicks,110,0.0,1.58,14016.0
1992-02-05,dominicks,110,0.0,1.58,36160.0
1992-02-12,dominicks,110,0.0,1.58,5056.0
1992-02-19,dominicks,110,0.0,1.58,3712.0
1992-02-26,dominicks,110,0.0,1.58,4608.0
1992-03-04,dominicks,110,0.0,1.58,7296.0
1992-03-11,dominicks,110,1.0,1.58,51968.0
1992-03-18,dominicks,110,0.0,1.58,11904.0
1992-03-25,dominicks,110,0.0,1.58,20736.0
1992-04-01,dominicks,110,0.0,1.58,7744.0
1992-04-08,dominicks,110,0.0,1.58,2560.0
1992-04-15,dominicks,110,0.0,1.58,6912.0
1992-04-22,dominicks,110,1.0,1.29,58112.0
1992-04-29,dominicks,110,0.0,1.29,22272.0
1992-05-06,dominicks,110,0.0,1.89,6336.0
1992-05-13,dominicks,110,0.0,1.89,5376.0
1992-05-20,dominicks,110,0.0,1.99,3520.0
1992-05-27,dominicks,110,0.0,1.69,9664.0
1992-06-03,dominicks,110,0.0,1.69,39872.0
1992-06-10,dominicks,110,0.0,1.69,13696.0
1992-06-17,dominicks,110,0.0,1.99,4928.0
1992-06-24,dominicks,110,0.0,1.99,1792.0
1992-07-01,dominicks,110,0.0,1.99,1280.0
1992-07-08,dominicks,110,0.0,1.99,4224.0
1992-07-15,dominicks,110,0.0,1.29,10816.0
1992-07-22,dominicks,110,0.0,1.99,11008.0
1992-07-29,dominicks,110,0.0,1.69,1344.0
1992-08-05,dominicks,110,1.0,1.49,26176.0
1992-08-12,dominicks,110,1.0,1.89,4416.0
1992-08-19,dominicks,110,0.228682783,2.326737768,0.0
1992-08-26,dominicks,110,0.0,1.79,14080.0
1992-09-02,dominicks,110,0.0,1.29,18944.0
1992-09-09,dominicks,110,0.0,1.99,1536.0
1992-09-16,dominicks,110,0.0,1.99,1856.0
1992-09-23,dominicks,110,0.0,1.99,2368.0
1992-09-30,dominicks,110,0.0,1.49,22784.0
1992-10-07,dominicks,110,0.0,1.99,4800.0
