data/dominicks_oj_data/dominicks_oj_small.csv
date,brand,store,on_promotion,price,quantity
1990-06-20,dominicks,111,1.0,1.59,12480.0
1990-06-27,dominicks,111,0.0,2.69,1856.0
1990-07-04,dominicks,111,0.0,2.69,1408.0
1990-07-11,dominicks,111,0.0,2.69,4032.0
1990-07-18,dominicks,111,0.0,2.69,1664.0
1990-07-25,dominicks,111,0.0,2.69,1472.0
1990-08-01,dominicks,111,0.0,2.69,3264.0
1990-08-08,dominicks,111,1.0,2.09,12160.0
1990-08-15,dominicks,111,0.0,2.09,4928.0
1990-08-22,dominicks,111,0.0,2.09,3264.0
1990-08-29,dominicks,111,0.0,2.09,1792.0
1990-09-05,dominicks,111,1.0,1.89,90944.0
1990-09-12,dominicks,111,0.0,1.89,12544.0
1990-09-19,dominicks,111,0.0,1.89,20928.0
1990-09-26,dominicks,111,0.0,1.79,30272.0
1990-10-03,dominicks,111,1.0,1.79,115200.0
1990-10-10,dominicks,111,0.0,1.79,16832.0
1990-10-17,dominicks,111,0.0,2.69,1664.0
1990-10-24,dominicks,111,1.0,1.24,193792.0
1990-10-31,dominicks,111,0.0,1.59,2368.0
1990-11-07,dominicks,111,1.0,1.59,57536.0
1990-11-14,dominicks,111,0.0,1.29,93504.0
1990-11-21,dominicks,111,0.0,0.99,16064.0
1990-11-28,dominicks,111,1.0,1.59,39872.0
1990-12-05,dominicks,111,1.0,2.49,52800.0
1990-12-12,dominicks,111,0.0,2.69,4032.0
1990-12-19,dominicks,111,0.228682783,2.326737768,3104.0
1990-12-26,dominicks,111,0.0,2.69,2176.0
1991-01-02,dominicks,111,0.0,2.69,2816.0
1991-01-09,dominicks,111,0.0,2.69,2752.0
1991-01-16,dominicks,111,1.0,0.99,553600.0
1991-01-23,dominicks,111,0.0,2.69,2048.0
1991-01-30,dominicks,111,0.0,2.69,16448.0
1991-02-06,dominicks,111,1.0,1.49,176192.0
1991-02-13,dominicks,111,0.0,1.49,46976.0
1991-02-20,dominicks,111,0.0,2.69,1152.0
1991-02-27,dominicks,111,0.0,2.69,5248.0
1991-03-06,dominicks,111,1.0,1.99,14016.0
1991-03-13,dominicks,111,1.0,1.09,250240.0
1991-03-20,dominicks,111,0.0,2.69,3264.0
1991-03-27,dominicks,111,0.0,2.69,17984.0
1991-04-03,dominicks,111,1.0,1.59,29056.0
1991-04-10,dominicks,111,0.0,1.59,33536.0
1991-04-17,dominicks,111,0.0,1.59,20608.0
1991-04-24,dominicks,111,1.0,0.99,716416.0
1991-05-01,dominicks,111,1.0,2.69,448.0
1991-05-08,dominicks,111,0.0,2.69,1152.0
1991-05-15,dominicks,111,0.0,2.69,1472.0
1991-05-22,dominicks,111,0.0,2.69,12416.0
1991-05-29,dominicks,111,1.0,1.59,108160.0
1991-06-05,dominicks,111,0.0,1.59,39360.0
1991-06-12,dominicks,111,0.0,2.69,4288.0
1991-06-19,dominicks,111,1.0,1.49,101376.0
1991-06-26,dominicks,111,0.0,1.29,20288.0
1991-07-03,dominicks,111,0.0,1.99,1984.0
1991-07-10,dominicks,111,0.0,1.99,8000.0
1991-07-17,dominicks,111,1.0,1.59,132416.0
1991-07-24,dominicks,111,0.0,1.59,82560.0
1991-07-31,dominicks,111,0.0,1.99,17024.0
1991-08-07,dominicks,111,1.0,0.99,446208.0
1991-08-14,dominicks,111,0.0,0.99,189312.0
1991-08-21,dominicks,111,1.0,1.49,94848.0
1991-08-28,dominicks,111,0.0,1.49,7936.0
1991-09-04,dominicks,111,0.0,1.39,13312.0
1991-09-11,dominicks,111,0.0,1.39,16320.0
1991-09-18,dominicks,111,0.0,1.39,14400.0
1991-09-25,dominicks,111,1.0,1.59,37184.0
1991-10-02,dominicks,111,0.0,1.59,10496.0
1991-10-09,dominicks,111,0.0,1.53,26560.0
1991-10-16,dominicks,111,1.0,1.49,108992.0
1991-10-23,dominicks,111,0.0,1.54,8256.0
1991-10-30,dominicks,111,0.0,1.99,5696.0
1991-11-06,dominicks,111,0.0,1.8,2816.0
1991-11-13,dominicks,111,1.0,1.69,13824.0
1991-11-20,dominicks,111,0.0,1.73,10496.0
1991-11-27,dominicks,111,0.0,1.99,3584.0
1991-12-04,dominicks,111,1.0,1.5,74240.0
1991-12-11,dominicks,111,0.0,1.59,101696.0
1991-12-18,dominicks,111,1.0,1.59,86976.0
1991-12-25,dominicks,111,0.0,1.61,9152.0
1992-01-01,dominicks,111,1.0,1.69,11072.0
1992-01-08,dominicks,111,0.0,1.69,14080.0
1992-01-15,dominicks,111,0.0,1.85,4288.0
1992-01-22,dominicks,111,0.0,1.78,10944.0
1992-01-29,dominicks,111,0.0,1.36,50048.0
1992-02-05,dominicks,111,0.0,1.29,248000.0
1992-02-12,dominicks,111,0.0,1.33,12288.0
1992-02-19,dominicks,111,0.0,1.75,3904.0
1992-02-26,dominicks,111,0.0,1.69,15680.0
1992-03-04,dominicks,111,0.0,1.57,45760.0
1992-03-11,dominicks,111,1.0,1.39,188608.0
1992-03-18,dominicks,111,0.0,1.44,108928.0
1992-03-25,dominicks,111,0.0,1.58,86080.0
1992-04-01,dominicks,111,0.0,1.67,20672.0
1992-04-08,dominicks,111,0.0,1.99,6656.0
1992-04-15,dominicks,111,0.0,1.32,70784.0
1992-04-22,dominicks,111,1.0,1.29,245248.0
1992-04-29,dominicks,111,0.0,1.39,57600.0
1992-05-06,dominicks,111,0.0,1.99,17280.0
1992-05-13,dominicks,111,0.0,2.01,10688.0
1992-05-20,dominicks,111,0.0,2.09,5376.0
1992-05-27,dominicks,111,0.0,1.69,51712.0
1992-06-03,dominicks,111,0.0,1.68,199616.0
1992-06-10,dominicks,111,0.0,1.73,84416.0
1992-06-17,dominicks,111,0.0,2.09,28544.0
1992-06-24,dominicks,111,0.0,2.03,4096.0
1992-07-01,dominicks,111,0.0,1.99,3520.0
1992-07-08,dominicks,111,0.0,1.84,7808.0
1992-07-15,dominicks,111,0.0,1.5,3392.0
1992-07-22,dominicks,111,0.0,1.99,9536.0
1992-07-29,dominicks,111,0.0,1.69,16704.0
1992-08-05,dominicks,111,1.0,1.49,127872.0
1992-08-12,dominicks,111,1.0,1.99,8704.0
1992-08-19,dominicks,111,0.0,1.97,3200.0
1992-08-26,dominicks,111,0.0,1.34,18624.0
1992-09-02,dominicks,111,0.0,1.36,3456.0
1992-09-09,dominicks,111,0.0,2.09,1472.0
1992-09-16,dominicks,111,0.0,2.09,3712.0
1992-09-23,dominicks,111,0.0,1.52,17664.0
1992-09-30,dominicks,111,0.0,1.49,145408.0
1992-10-07,dominicks,111,0.0,1.52,23872.0
1990-06-20,dominicks,113,1.0,1.59,2432.0
1990-06-27,dominicks,113,0.0,2.49,1984.0
1990-07-04,dominicks,113,0.0,2.49,1984.0
1990-07-11,dominicks,113,0.0,2.49,5440.0
1990-07-18,dominicks,113,0.0,2.49,832.0
1990-07-25,dominicks,113,0.0,2.49,1728.0
1990-08-01,dominicks,113,0.0,2.49,5824.0
1990-08-08,dominicks,113,1.0,2.09,6400.0
1990-08-15,dominicks,113,0.0,2.09,4096.0
1990-08-22,dominicks,113,0.0,2.09,1792.0
1990-08-29,dominicks,113,0.228682783,2.326737768,22240.0
1990-09-05,dominicks,113,1.0,1.89,42688.0
1990-09-12,dominicks,113,0.0,1.89,16256.0
1990-09-19,dominicks,113,0.0,1.89,8384.0
1990-09-26,dominicks,113,0.0,1.79,9600.0
1990-10-03,dominicks,113,1.0,1.79,43008.0
1990-10-10,dominicks,113,0.0,1.79,7552.0
1990-10-17,dominicks,113,0.0,2.49,2880.0
1990-10-24,dominicks,113,1.0,1.24,100224.0
1990-10-31,dominicks,113,0.0,1.59,2624.0
1990-11-07,dominicks,113,1.0,1.59,14976.0
1990-11-14,dominicks,113,0.0,1.29,11648.0
1990-11-21,dominicks,113,0.0,0.99,2176.0
1990-11-28,dominicks,113,1.0,1.59,19904.0
1990-12-05,dominicks,113,1.0,2.49,48064.0
1990-12-12,dominicks,113,0.0,2.19,7680.0
1990-12-19,dominicks,113,1.0,1.39,45376.0
1990-12-26,dominicks,113,0.0,2.19,5184.0
1991-01-02,dominicks,113,0.0,2.19,1664.0
1991-01-09,dominicks,113,0.0,2.19,3712.0
1991-01-16,dominicks,113,1.0,0.99,139200.0
1991-01-23,dominicks,113,0.0,2.19,896.0
1991-01-30,dominicks,113,0.0,2.19,6208.0
1991-02-06,dominicks,113,1.0,1.49,78784.0
1991-02-13,dominicks,113,0.0,1.49,18368.0
1991-02-20,dominicks,113,0.0,2.19,1792.0
1991-02-27,dominicks,113,0.0,2.19,6464.0
1991-03-06,dominicks,113,1.0,1.99,10816.0
1991-03-13,dominicks,113,1.0,1.09,82944.0
1991-03-20,dominicks,113,0.0,2.19,1728.0
1991-03-27,dominicks,113,0.0,2.19,3392.0
1991-04-03,dominicks,113,1.0,1.59,9024.0
1991-04-10,dominicks,113,0.0,1.59,7552.0
1991-04-17,dominicks,113,0.0,1.59,5056.0
1991-04-24,dominicks,113,1.0,0.99,147904.0
1991-05-01,dominicks,113,1.0,2.19,2496.0
1991-05-08,dominicks,113,0.0,2.19,2880.0
1991-05-15,dominicks,113,0.0,2.19,1664.0
1991-05-22,dominicks,113,0.0,2.19,6272.0
1991-05-29,dominicks,113,1.0,1.59,42112.0
1991-06-05,dominicks,113,0.0,1.59,10368.0
1991-06-12,dominicks,113,0.0,2.09,4288.0
1991-06-19,dominicks,113,1.0,1.41,18816.0
1991-06-26,dominicks,113,0.0,1.29,17600.0
1991-07-03,dominicks,113,0.0,1.89,2880.0
1991-07-10,dominicks,113,0.0,1.89,6208.0
1991-07-17,dominicks,113,1.0,1.59,30336.0
1991-07-24,dominicks,113,0.0,1.59,3264.0
1991-07-31,dominicks,113,0.0,1.89,8128.0
1991-08-07,dominicks,113,1.0,0.99,105408.0
1991-08-14,dominicks,113,0.0,0.99,9856.0
1991-08-21,dominicks,113,1.0,1.49,30912.0
1991-08-28,dominicks,113,0.0,1.49,10816.0
1991-09-04,dominicks,113,0.0,1.39,11584.0
1991-09-11,dominicks,113,0.0,1.39,10560.0
1991-09-18,dominicks,113,0.0,1.39,9856.0
1991-09-25,dominicks,113,1.0,1.58,21696.0
1991-10-02,dominicks,113,0.0,1.58,19584.0
1991-10-09,dominicks,113,0.0,1.58,9728.0
1991-10-16,dominicks,113,1.0,1.58,37568.0
1991-10-23,dominicks,113,0.0,1.58,6272.0
1991-10-30,dominicks,113,0.0,1.58,6976.0
1991-11-06,dominicks,113,0.0,1.58,4416.0
1991-11-13,dominicks,113,1.0,1.58,7040.0
1991-11-20,dominicks,113,0.0,1.58,8384.0
1991-11-27,dominicks,113,0.0,1.58,5440.0
1991-12-04,dominicks,113,1.0,1.58,24832.0
1991-12-11,dominicks,113,0.0,1.58,33984.0
1991-12-18,dominicks,113,1.0,1.58,30400.0
1991-12-25,dominicks,113,0.0,1.58,4672.0
1992-01-01,dominicks,113,1.0,1.58,24000.0
1992-01-08,dominicks,113,0.0,1.58,9088.0
1992-01-15,dominicks,113,0.0,1.58,2048.0
1992-01-22,dominicks,113,0.0,1.58,6208.0
1992-01-29,dominicks,113,0.0,1.58,14784.0
1992-02-05,dominicks,113,0.0,1.58,73856.0
1992-02-12,dominicks,113,0.0,1.58,20224.0
1992-02-19,dominicks,113,0.0,1.58,2112.0
1992-02-26,dominicks,113,0.0,1.58,9024.0
1992-03-04,dominicks,113,0.0,1.58,9344.0
1992-03-11,dominicks,113,1.0,1.58,64704.0
1992-03-18,dominicks,113,0.0,1.58,12480.0
1992-03-25,dominicks,113,0.0,1.58,44672.0
1992-04-01,dominicks,113,0.0,1.58,13376.0
1992-04-08,dominicks,113,0.0,1.58,4032.0
1992-04-15,dominicks,113,0.0,1.58,6848.0
1992-04-22,dominicks,113,1.0,1.29,67648.0
1992-04-29,dominicks,113,0.0,1.29,11712.0
1992-05-06,dominicks,113,0.0,1.89,9600.0
1992-05-13,dominicks,113,0.0,1.89,12672.0
1992-05-20,dominicks,113,0.0,1.99,10624.0
1992-05-27,dominicks,113,0.0,1.69,17728.0
1992-06-03,dominicks,113,0.0,1.69,69120.0
1992-06-10,dominicks,113,0.0,1.69,35648.0
1992-06-17,dominicks,113,0.0,1.99,16064.0
1992-06-24,dominicks,113,0.0,1.99,4544.0
1992-07-01,dominicks,113,0.0,1.99,8512.0
1992-07-08,dominicks,113,0.0,1.99,6272.0
1992-07-15,dominicks,113,0.228682783,2.326737768,0.0
1992-07-22,dominicks,113,0.0,1.99,11008.0
1992-07-29,dominicks,113,0.0,1.69,6336.0
1992-08-05,dominicks,113,1.0,1.49,48320.0
1992-08-12,dominicks,113,1.0,1.89,10112.0
1992-08-19,dominicks,113,0.0,1.99,4608.0
1992-08-26,dominicks,113,0.0,1.79,21632.0
1992-09-02,dominicks,113,0.0,1.29,9920.0
1992-09-09,dominicks,113,0.0,1.99,2432.0
1992-09-16,dominicks,113,0.0,1.99,3328.0
1992-09-23,dominicks,113,0.0,1.99,4416.0
1992-09-30,dominicks,113,0.0,1.49,37056.0
1992-10-07,dominicks,113,0.0,1.99,8128.0
1990-06-20,dominicks,114,1.0,1.59,10624.0
1990-06-27,dominicks,114,0.0,2.29,5440.0
1990-07-04,dominicks,114,0.0,2.29,3840.0
1990-07-11,dominicks,114,0.0,2.29,6912.0
1990-07-18,dominicks,114,0.0,2.29,3072.0
1990-07-25,dominicks,114,0.0,2.29,5248.0
1990-08-01,dominicks,114,0.0,2.29,4864.0
1990-08-08,dominicks,114,1.0,2.09,13248.0
1990-08-15,dominicks,114,0.0,2.09,4352.0
1990-08-22,dominicks,114,0.0,2.09,7488.0
1990-08-29,dominicks,114,0.0,2.09,3456.0
1990-09-05,dominicks,114,1.0,1.89,40512.0
1990-09-12,dominicks,114,0.0,1.89,11200.0
1990-09-19,dominicks,114,0.0,1.89,21824.0
1990-09-26,dominicks,114,0.0,1.79,14400.0
1990-10-03,dominicks,114,1.0,1.79,48960.0
1990-10-10,dominicks,114,0.0,1.79,24832.0
1990-10-17,dominicks,114,0.0,2.29,2304.0
1990-10-24,dominicks,114,1.0,1.14,195968.0
1990-10-31,dominicks,114,0.0,1.59,6848.0
1990-11-07,dominicks,114,1.0,1.59,40704.0
1990-11-14,dominicks,114,0.0,1.29,47168.0
1990-11-21,dominicks,114,0.0,0.99,256.0
1990-11-28,dominicks,114,1.0,1.59,24192.0
1990-12-05,dominicks,114,1.0,2.29,64448.0
1990-12-12,dominicks,114,0.0,1.89,17408.0
1990-12-19,dominicks,114,1.0,1.39,112128.0
1990-12-26,dominicks,114,0.0,1.89,13504.0
1991-01-02,dominicks,114,0.228682783,2.326737768,11872.0
1991-01-09,dominicks,114,0.0,1.89,10240.0
1991-01-16,dominicks,114,1.0,0.99,248320.0
1991-01-23,dominicks,114,0.0,1.89,8576.0
1991-01-30,dominicks,114,0.0,1.89,11968.0
1991-02-06,dominicks,114,1.0,1.49,112000.0
1991-02-13,dominicks,114,0.0,1.49,31552.0
1991-02-20,dominicks,114,0.0,1.89,3968.0
1991-02-27,dominicks,114,0.0,1.89,8832.0
1991-03-06,dominicks,114,1.0,1.89,15680.0
1991-03-13,dominicks,114,1.0,0.94,212480.0
1991-03-20,dominicks,114,0.0,1.89,4800.0
1991-03-27,dominicks,114,0.0,1.89,9792.0
1991-04-03,dominicks,114,1.0,1.59,14912.0
1991-04-10,dominicks,114,0.0,1.59,56000.0
1991-04-17,dominicks,114,0.0,1.59,10816.0
1991-04-24,dominicks,114,1.0,0.99,307072.0
1991-05-01,dominicks,114,1.0,1.89,9024.0
1991-05-08,dominicks,114,0.0,1.89,7424.0
1991-05-15,dominicks,114,0.0,1.89,1984.0
1991-05-22,dominicks,114,0.0,1.89,8896.0
1991-05-29,dominicks,114,1.0,1.59,60800.0
1991-06-05,dominicks,114,0.0,1.59,7168.0
1991-06-12,dominicks,114,0.228682783,2.326737768,20032.0
1991-06-19,dominicks,114,1.0,1.26,32896.0
1991-06-26,dominicks,114,0.0,1.17,41664.0
1991-07-03,dominicks,114,0.0,1.69,7552.0
1991-07-10,dominicks,114,0.0,1.63,13376.0
1991-07-17,dominicks,114,1.0,1.59,61952.0
1991-07-24,dominicks,114,0.228682783,2.326737768,39168.0
1991-07-31,dominicks,114,0.0,1.39,16384.0
1991-08-07,dominicks,114,1.0,0.99,199296.0
1991-08-14,dominicks,114,0.0,1.08,92992.0
1991-08-21,dominicks,114,1.0,1.49,53888.0
1991-08-28,dominicks,114,0.0,1.43,9408.0
1991-09-04,dominicks,114,0.0,1.39,33408.0
1991-09-11,dominicks,114,0.0,1.39,38848.0
1991-09-18,dominicks,114,0.0,1.45,23232.0
1991-09-25,dominicks,114,1.0,1.59,36800.0
1991-10-02,dominicks,114,0.0,1.59,27584.0
1991-10-09,dominicks,114,0.0,1.55,28032.0
1991-10-16,dominicks,114,1.0,1.49,71552.0
1991-10-23,dominicks,114,0.0,1.53,14592.0
1991-10-30,dominicks,114,0.0,1.89,10816.0
1991-11-06,dominicks,114,0.0,1.8,7808.0
1991-11-13,dominicks,114,1.0,1.69,22784.0
1991-11-20,dominicks,114,0.0,1.73,19328.0
1991-11-27,dominicks,114,0.0,1.89,12672.0
1991-12-04,dominicks,114,1.0,1.5,77184.0
1991-12-11,dominicks,114,0.0,1.59,61056.0
1991-12-18,dominicks,114,1.0,1.59,60544.0
1991-12-25,dominicks,114,0.0,1.6,11200.0
1992-01-01,dominicks,114,1.0,1.69,30208.0
1992-01-08,dominicks,114,0.0,1.69,24384.0
1992-01-15,dominicks,114,0.0,1.36,12672.0
1992-01-22,dominicks,114,0.0,1.76,15872.0
1992-01-29,dominicks,114,0.0,1.47,40896.0
1992-02-05,dominicks,114,0.0,1.29,138816.0
1992-02-12,dominicks,114,0.0,1.38,32576.0
1992-02-19,dominicks,114,0.0,1.02,80128.0
1992-02-26,dominicks,114,0.228682783,2.326737768,0.0
1992-03-04,dominicks,114,0.0,1.55,31744.0
1992-03-11,dominicks,114,1.0,1.39,97728.0
1992-03-18,dominicks,114,0.0,1.45,33280.0
1992-03-25,dominicks,114,0.0,1.59,74432.0
1992-04-01,dominicks,114,0.0,1.63,14720.0
1992-04-08,dominicks,114,0.0,1.89,10816.0
1992-04-15,dominicks,114,0.0,1.55,46400.0
1992-04-22,dominicks,114,1.0,1.29,148288.0
1992-04-29,dominicks,114,0.0,1.36,30528.0
1992-05-06,dominicks,114,0.0,1.89,19200.0
1992-05-13,dominicks,114,0.0,1.92,18112.0
1992-05-20,dominicks,114,0.0,1.99,8832.0
1992-05-27,dominicks,114,0.0,1.69,22720.0
1992-06-03,dominicks,114,0.0,1.69,108928.0
1992-06-10,dominicks,114,0.0,1.72,42240.0
1992-06-17,dominicks,114,0.0,1.99,12096.0
1992-06-24,dominicks,114,0.0,1.99,9024.0
1992-07-01,dominicks,114,0.0,1.8,9600.0
1992-07-08,dominicks,114,0.0,1.89,12032.0
1992-07-15,dominicks,114,0.0,1.32,16384.0
1992-07-22,dominicks,114,0.0,1.82,14208.0
1992-07-29,dominicks,114,0.0,1.69,15808.0
1992-08-05,dominicks,114,1.0,1.49,71744.0
1992-08-12,dominicks,114,1.0,1.89,10944.0
1992-08-19,dominicks,114,0.0,1.88,7680.0
1992-08-26,dominicks,114,0.0,1.16,32320.0
1992-09-02,dominicks,114,0.0,1.29,11520.0
1992-09-09,dominicks,114,0.0,1.93,5888.0
1992-09-16,dominicks,114,0.0,1.85,7936.0
1992-09-23,dominicks,114,0.0,1.66,11200.0
1992-09-30,dominicks,114,0.0,1.49,74304.0
1992-10-07,dominicks,114,0.0,1.72,8384.0
