data/dominicks_oj_data/dominicks_oj_small.csv
date,brand,store,on_promotion,price,quantity
1990-06-20,dominicks,115,1.0,1.59,2944.0
1990-06-27,dominicks,115,0.0,2.49,1344.0
1990-07-04,dominicks,115,0.228682783,2.326737768,1336.0
1990-07-11,dominicks,115,0.228682783,2.326737768,1328.0
1990-07-18,dominicks,115,0.228682783,2.326737768,1320.0
1990-07-25,dominicks,115,0.228682783,2.326737768,1312.0
1990-08-01,dominicks,115,0.228682783,2.326737768,1304.0
1990-08-08,dominicks,115,0.228682783,2.326737768,1296.0
1990-08-15,dominicks,115,0.228682783,2.326737768,1288.0
1990-08-22,dominicks,115,0.0,2.09,1280.0
1990-08-29,dominicks,115,0.0,2.09,1152.0
1990-09-05,dominicks,115,1.0,1.89,26304.0
1990-09-12,dominicks,115,0.0,1.89,5760.0
1990-09-19,dominicks,115,0.0,1.89,5184.0
1990-09-26,dominicks,115,0.0,1.79,4992.0
1990-10-03,dominicks,115,1.0,1.79,22464.0
1990-10-10,dominicks,115,0.0,1.79,5504.0
1990-10-17,dominicks,115,0.0,2.49,576.0
1990-10-24,dominicks,115,1.0,1.24,49664.0
1990-10-31,dominicks,115,0.0,1.59,1344.0
1990-11-07,dominicks,115,1.0,1.59,10176.0
1990-11-14,dominicks,115,0.0,1.29,8640.0
1990-11-21,dominicks,115,0.0,0.99,28032.0
1990-11-28,dominicks,115,1.0,1.59,6656.0
1990-12-05,dominicks,115,1.0,2.49,42944.0
1990-12-12,dominicks,115,0.0,2.19,8000.0
1990-12-19,dominicks,115,1.0,1.39,37952.0
1990-12-26,dominicks,115,0.0,2.19,4096.0
1991-01-02,dominicks,115,0.0,2.19,1728.0
1991-01-09,dominicks,115,0.0,2.19,1536.0
1991-01-16,dominicks,115,1.0,0.99,104000.0
1991-01-23,dominicks,115,0.0,2.19,2880.0
1991-01-30,dominicks,115,0.0,2.19,4864.0
1991-02-06,dominicks,115,1.0,1.49,43200.0
1991-02-13,dominicks,115,0.0,1.49,7296.0
1991-02-20,dominicks,115,0.0,2.19,1856.0
1991-02-27,dominicks,115,0.0,2.19,2176.0
1991-03-06,dominicks,115,1.0,1.99,3968.0
1991-03-13,dominicks,115,0.228682783,2.326737768,2464.0
1991-03-20,dominicks,115,0.0,2.19,960.0
1991-03-27,dominicks,115,0.0,2.19,1920.0
1991-04-03,dominicks,115,1.0,1.59,20224.0
1991-04-10,dominicks,115,0.0,1.59,8832.0
1991-04-17,dominicks,115,0.0,1.59,2688.0
1991-04-24,dominicks,115,1.0,0.99,61376.0
1991-05-01,dominicks,115,1.0,2.19,704.0
1991-05-08,dominicks,115,0.0,2.19,1792.0
1991-05-15,dominicks,115,0.228682783,2.326737768,3104.0
1991-05-22,dominicks,115,0.0,2.19,4416.0
1991-05-29,dominicks,115,1.0,1.59,33920.0
1991-06-05,dominicks,115,0.0,1.59,2816.0
1991-06-12,dominicks,115,0.0,2.09,1216.0
1991-06-19,dominicks,115,1.0,1.41,6080.0
1991-06-26,dominicks,115,0.0,0.88,14080.0
1991-07-03,dominicks,115,0.0,1.89,1280.0
1991-07-10,dominicks,115,0.0,1.63,3072.0
1991-07-17,dominicks,115,1.0,1.59,22848.0
1991-07-24,dominicks,115,0.0,1.63,14912.0
1991-07-31,dominicks,115,0.0,1.1,9280.0
1991-08-07,dominicks,115,1.0,0.99,56448.0
1991-08-14,dominicks,115,0.0,1.17,12928.0
1991-08-21,dominicks,115,1.0,1.49,25216.0
1991-08-28,dominicks,115,0.0,1.44,2432.0
1991-09-04,dominicks,115,0.0,1.39,8384.0
1991-09-11,dominicks,115,0.0,1.39,9216.0
1991-09-18,dominicks,115,0.0,1.44,10240.0
1991-09-25,dominicks,115,0.228682783,2.326737768,10816.0
1991-10-02,dominicks,115,0.0,1.59,11392.0
1991-10-09,dominicks,115,0.0,1.55,7168.0
1991-10-16,dominicks,115,1.0,1.49,31808.0
1991-10-23,dominicks,115,0.0,1.61,4288.0
1991-10-30,dominicks,115,0.0,1.89,3392.0
1991-11-06,dominicks,115,0.0,1.77,2624.0
1991-11-13,dominicks,115,1.0,1.69,7104.0
1991-11-20,dominicks,115,0.0,1.74,4480.0
1991-11-27,dominicks,115,0.0,1.89,2752.0
1991-12-04,dominicks,115,1.0,1.5,28864.0
1991-12-11,dominicks,115,0.0,1.59,22912.0
1991-12-18,dominicks,115,1.0,1.59,23552.0
1991-12-25,dominicks,115,0.0,1.61,3392.0
1992-01-01,dominicks,115,1.0,1.69,7296.0
1992-01-08,dominicks,115,0.0,1.69,7552.0
1992-01-15,dominicks,115,0.0,1.73,2048.0
1992-01-22,dominicks,115,0.0,1.77,4288.0
1992-01-29,dominicks,115,0.0,1.47,12224.0
1992-02-05,dominicks,115,0.0,1.29,39936.0
1992-02-12,dominicks,115,0.0,1.42,12288.0
1992-02-19,dominicks,115,0.0,1.73,2240.0
1992-02-26,dominicks,115,0.0,1.69,12544.0
1992-03-04,dominicks,115,0.0,1.51,9792.0
1992-03-11,dominicks,115,1.0,1.39,49664.0
1992-03-18,dominicks,115,0.0,1.49,6656.0
1992-03-25,dominicks,115,0.0,1.59,28160.0
1992-04-01,dominicks,115,0.0,1.68,4224.0
1992-04-08,dominicks,115,0.0,1.89,3328.0
1992-04-15,dominicks,115,0.0,1.47,6144.0
1992-04-22,dominicks,115,1.0,1.29,46272.0
1992-04-29,dominicks,115,0.0,1.45,8000.0
1992-05-06,dominicks,115,0.0,1.89,5824.0
1992-05-13,dominicks,115,0.0,1.92,3776.0
1992-05-20,dominicks,115,0.0,1.99,2816.0
1992-05-27,dominicks,115,0.0,1.69,13184.0
1992-06-03,dominicks,115,0.0,1.69,51136.0
1992-06-10,dominicks,115,0.0,1.72,23040.0
1992-06-17,dominicks,115,0.0,1.99,9152.0
1992-06-24,dominicks,115,0.0,1.99,1792.0
1992-07-01,dominicks,115,0.0,1.99,2048.0
1992-07-08,dominicks,115,0.0,1.75,3520.0
1992-07-15,dominicks,115,0.0,1.34,7808.0
1992-07-22,dominicks,115,0.0,1.88,7040.0
1992-07-29,dominicks,115,0.0,1.69,5504.0
1992-08-05,dominicks,115,1.0,1.49,37696.0
1992-08-12,dominicks,115,1.0,1.89,3648.0
1992-08-19,dominicks,115,0.0,1.9,2176.0
1992-08-26,dominicks,115,0.0,1.38,12480.0
1992-09-02,dominicks,115,0.0,1.3,10880.0
1992-09-09,dominicks,115,0.0,1.99,1664.0
1992-09-16,dominicks,115,0.0,1.99,1920.0
1992-09-23,dominicks,115,0.0,1.69,4928.0
1992-09-30,dominicks,115,0.0,1.49,33088.0
1992-10-07,dominicks,115,0.0,1.76,3584.0
1990-06-20,dominicks,116,1.0,1.59,9088.0
1990-06-27,dominicks,116,0.0,2.29,2944.0
1990-07-04,dominicks,116,0.0,2.29,3072.0
1990-07-11,dominicks,116,0.0,2.29,3264.0
1990-07-18,dominicks,116,0.0,2.29,2432.0
1990-07-25,dominicks,116,0.0,2.49,3456.0
1990-08-01,dominicks,116,0.0,2.49,5888.0
1990-08-08,dominicks,116,1.0,2.09,6144.0
1990-08-15,dominicks,116,0.0,2.09,4352.0
1990-08-22,dominicks,116,0.0,2.09,2176.0
1990-08-29,dominicks,116,0.0,2.09,1792.0
1990-09-05,dominicks,116,1.0,1.89,24128.0
1990-09-12,dominicks,116,0.0,1.89,8384.0
1990-09-19,dominicks,116,0.0,1.89,12032.0
1990-09-26,dominicks,116,0.0,1.79,8896.0
1990-10-03,dominicks,116,1.0,1.79,26368.0
1990-10-10,dominicks,116,0.0,1.79,6592.0
1990-10-17,dominicks,116,0.0,2.49,1088.0
1990-10-24,dominicks,116,1.0,1.24,75008.0
1990-10-31,dominicks,116,0.0,1.59,20864.0
1990-11-07,dominicks,116,1.0,1.59,26176.0
1990-11-14,dominicks,116,0.0,1.29,20416.0
1990-11-21,dominicks,116,0.0,0.99,6720.0
1990-11-28,dominicks,116,1.0,1.59,11712.0
1990-12-05,dominicks,116,1.0,2.49,35584.0
1990-12-12,dominicks,116,0.0,2.19,6720.0
1990-12-19,dominicks,116,1.0,1.39,27072.0
1990-12-26,dominicks,116,0.0,2.19,1728.0
1991-01-02,dominicks,116,0.0,2.19,2304.0
1991-01-09,dominicks,116,0.0,2.19,1600.0
1991-01-16,dominicks,116,1.0,0.99,100864.0
1991-01-23,dominicks,116,0.0,2.19,2880.0
1991-01-30,dominicks,116,0.0,2.19,10624.0
1991-02-06,dominicks,116,1.0,1.49,39936.0
1991-02-13,dominicks,116,0.0,1.49,15936.0
1991-02-20,dominicks,116,0.0,2.19,3136.0
1991-02-27,dominicks,116,0.0,2.19,2944.0
1991-03-06,dominicks,116,1.0,1.99,7040.0
1991-03-13,dominicks,116,1.0,1.09,54144.0
1991-03-20,dominicks,116,0.0,2.19,1344.0
1991-03-27,dominicks,116,0.0,2.19,4416.0
1991-04-03,dominicks,116,1.0,1.59,13696.0
1991-04-10,dominicks,116,0.0,1.59,10432.0
1991-04-17,dominicks,116,0.0,1.59,6208.0
1991-04-24,dominicks,116,1.0,0.99,91968.0
1991-05-01,dominicks,116,1.0,2.19,1664.0
1991-05-08,dominicks,116,0.0,2.19,1856.0
1991-05-15,dominicks,116,0.0,2.19,2368.0
1991-05-22,dominicks,116,0.0,2.19,6720.0
1991-05-29,dominicks,116,0.228682783,2.326737768,6752.0
1991-06-05,dominicks,116,0.0,1.59,6784.0
1991-06-12,dominicks,116,0.0,2.09,2816.0
1991-06-19,dominicks,116,1.0,1.41,16640.0
1991-06-26,dominicks,116,0.0,1.29,10112.0
1991-07-03,dominicks,116,0.228682783,2.326737768,6976.0
1991-07-10,dominicks,116,0.0,1.89,3840.0
1991-07-17,dominicks,116,1.0,1.59,15744.0
1991-07-24,dominicks,116,0.0,1.59,6272.0
1991-07-31,dominicks,116,0.0,1.89,6016.0
1991-08-07,dominicks,116,1.0,0.99,51456.0
1991-08-14,dominicks,116,0.0,0.99,14144.0
1991-08-21,dominicks,116,1.0,1.49,20160.0
1991-08-28,dominicks,116,0.0,1.49,4864.0
1991-09-04,dominicks,116,0.0,1.39,11840.0
1991-09-11,dominicks,116,0.228682783,2.326737768,12288.0
1991-09-18,dominicks,116,0.0,1.39,12736.0
1991-09-25,dominicks,116,1.0,1.58,11904.0
1991-10-02,dominicks,116,0.0,1.58,8960.0
1991-10-09,dominicks,116,0.0,1.58,9472.0
1991-10-16,dominicks,116,1.0,1.58,29568.0
1991-10-23,dominicks,116,0.0,1.58,13696.0
1991-10-30,dominicks,116,0.0,1.58,6848.0
1991-11-06,dominicks,116,0.0,1.58,2560.0
1991-11-13,dominicks,116,1.0,1.58,12416.0
1991-11-20,dominicks,116,0.0,1.58,8384.0
1991-11-27,dominicks,116,0.0,1.58,5696.0
1991-12-04,dominicks,116,1.0,1.58,13696.0
1991-12-11,dominicks,116,0.0,1.58,13824.0
1991-12-18,dominicks,116,1.0,1.58,16256.0
1991-12-25,dominicks,116,0.0,1.58,5952.0
1992-01-01,dominicks,116,1.0,1.58,9536.0
1992-01-08,dominicks,116,0.0,1.58,10880.0
1992-01-15,dominicks,116,0.0,1.58,4736.0
1992-01-22,dominicks,116,0.0,1.58,6144.0
1992-01-29,dominicks,116,0.0,1.58,9152.0
1992-02-05,dominicks,116,0.0,1.58,49088.0
1992-02-12,dominicks,116,0.0,1.58,22976.0
1992-02-19,dominicks,116,0.0,1.58,2496.0
1992-02-26,dominicks,116,0.0,1.58,11456.0
1992-03-04,dominicks,116,0.0,1.58,10560.0
1992-03-11,dominicks,116,1.0,1.58,40448.0
1992-03-18,dominicks,116,0.0,1.58,14976.0
1992-03-25,dominicks,116,0.0,1.58,33216.0
1992-04-01,dominicks,116,0.0,1.58,9344.0
1992-04-08,dominicks,116,0.0,1.58,5120.0
1992-04-15,dominicks,116,0.0,1.58,8960.0
1992-04-22,dominicks,116,1.0,1.29,52800.0
1992-04-29,dominicks,116,0.0,1.29,14912.0
1992-05-06,dominicks,116,0.0,1.89,7232.0
1992-05-13,dominicks,116,0.0,1.89,8896.0
1992-05-20,dominicks,116,0.0,1.99,5952.0
1992-05-27,dominicks,116,0.0,1.69,10880.0
1992-06-03,dominicks,116,0.0,1.69,60800.0
1992-06-10,dominicks,116,0.0,1.69,28672.0
1992-06-17,dominicks,116,0.0,1.99,10304.0
1992-06-24,dominicks,116,0.0,1.99,7360.0
1992-07-01,dominicks,116,0.0,1.99,3776.0
1992-07-08,dominicks,116,0.0,1.99,6848.0
1992-07-15,dominicks,116,0.228682783,2.326737768,0.0
1992-07-22,dominicks,116,0.0,1.99,10176.0
1992-07-29,dominicks,116,0.0,1.69,7872.0
1992-08-05,dominicks,116,1.0,1.49,31040.0
1992-08-12,dominicks,116,1.0,1.89,7296.0
1992-08-19,dominicks,116,0.0,1.99,6528.0
1992-08-26,dominicks,116,0.0,1.79,4608.0
1992-09-02,dominicks,116,0.0,1.29,448.0
1992-09-09,dominicks,116,0.0,1.99,2816.0
1992-09-16,dominicks,116,0.0,1.85,5120.0
1992-09-23,dominicks,116,0.0,1.85,7040.0
1992-09-30,dominicks,116,0.0,1.49,35712.0
1992-10-07,dominicks,116,0.0,1.85,9728.0
1990-06-20,dominicks,117,1.0,1.59,3456.0
1990-06-27,dominicks,117,0.0,2.49,1728.0
1990-07-04,dominicks,117,0.0,2.49,960.0
1990-07-11,dominicks,117,0.0,2.49,2496.0
1990-07-18,dominicks,117,0.0,2.49,1216.0
1990-07-25,dominicks,117,0.0,2.49,896.0
1990-08-01,dominicks,117,0.0,2.49,2752.0
1990-08-08,dominicks,117,1.0,2.09,2368.0
1990-08-15,dominicks,117,0.0,2.09,960.0
1990-08-22,dominicks,117,0.0,2.09,1344.0
1990-08-29,dominicks,117,0.0,2.09,1856.0
1990-09-05,dominicks,117,1.0,1.89,13376.0
1990-09-12,dominicks,117,0.0,1.89,6656.0
1990-09-19,dominicks,117,0.0,1.89,2880.0
1990-09-26,dominicks,117,0.0,1.79,3776.0
1990-10-03,dominicks,117,1.0,1.79,21184.0
1990-10-10,dominicks,117,0.0,1.79,4480.0
1990-10-17,dominicks,117,0.0,2.49,1920.0
1990-10-24,dominicks,117,1.0,1.24,47744.0
1990-10-31,dominicks,117,0.0,1.59,1344.0
1990-11-07,dominicks,117,1.0,1.59,5824.0
1990-11-14,dominicks,117,0.0,1.29,23808.0
1990-11-21,dominicks,117,0.0,0.99,21312.0
1990-11-28,dominicks,117,1.0,1.59,12160.0
1990-12-05,dominicks,117,1.0,2.49,32000.0
1990-12-12,dominicks,117,0.0,2.19,6400.0
1990-12-19,dominicks,117,1.0,1.39,23360.0
1990-12-26,dominicks,117,0.0,2.19,3840.0
1991-01-02,dominicks,117,0.0,2.19,640.0
1991-01-09,dominicks,117,0.0,2.19,1600.0
1991-01-16,dominicks,117,1.0,0.99,67072.0
1991-01-23,dominicks,117,0.0,2.19,6016.0
1991-01-30,dominicks,117,0.0,2.19,3968.0
1991-02-06,dominicks,117,1.0,1.49,25344.0
1991-02-13,dominicks,117,0.0,1.49,6080.0
1991-02-20,dominicks,117,0.0,2.19,832.0
1991-02-27,dominicks,117,0.0,2.19,1856.0
1991-03-06,dominicks,117,1.0,1.99,2624.0
1991-03-13,dominicks,117,1.0,1.09,35776.0
1991-03-20,dominicks,117,0.0,2.19,896.0
1991-03-27,dominicks,117,0.0,2.19,3328.0
1991-04-03,dominicks,117,1.0,1.59,7936.0
1991-04-10,dominicks,117,0.0,1.59,8640.0
1991-04-17,dominicks,117,0.0,1.59,4800.0
1991-04-24,dominicks,117,1.0,0.99,75392.0
1991-05-01,dominicks,117,1.0,2.19,1152.0
1991-05-08,dominicks,117,0.0,2.19,1024.0
1991-05-15,dominicks,117,0.0,2.19,1664.0
1991-05-22,dominicks,117,0.0,2.19,2368.0
1991-05-29,dominicks,117,1.0,1.59,22528.0
1991-06-05,dominicks,117,0.0,1.59,3392.0
1991-06-12,dominicks,117,0.228682783,2.326737768,4736.0
1991-06-19,dominicks,117,1.0,1.41,6080.0
1991-06-26,dominicks,117,0.0,1.29,9152.0
1991-07-03,dominicks,117,0.0,1.89,4288.0
1991-07-10,dominicks,117,0.228682783,2.326737768,6240.0
1991-07-17,dominicks,117,1.0,1.59,8192.0
1991-07-24,dominicks,117,0.0,1.59,5824.0
1991-07-31,dominicks,117,0.0,1.89,7680.0
1991-08-07,dominicks,117,1.0,0.99,31232.0
1991-08-14,dominicks,117,0.0,0.99,7808.0
1991-08-21,dominicks,117,1.0,1.49,17408.0
1991-08-28,dominicks,117,0.0,1.49,5888.0
1991-09-04,dominicks,117,0.0,1.39,6720.0
1991-09-11,dominicks,117,0.0,1.39,8448.0
1991-09-18,dominicks,117,0.0,1.39,6336.0
1991-09-25,dominicks,117,1.0,1.58,9600.0
1991-10-02,dominicks,117,0.0,1.58,7360.0
1991-10-09,dominicks,117,0.0,1.58,5504.0
1991-10-16,dominicks,117,1.0,1.58,19584.0
1991-10-23,dominicks,117,0.0,1.58,6976.0
1991-10-30,dominicks,117,0.0,1.58,3776.0
1991-11-06,dominicks,117,0.0,1.58,2048.0
1991-11-13,dominicks,117,1.0,1.58,10304.0
1991-11-20,dominicks,117,0.0,1.58,6080.0
1991-11-27,dominicks,117,0.0,1.58,4416.0
1991-12-04,dominicks,117,1.0,1.58,16512.0
1991-12-11,dominicks,117,0.0,1.58,15424.0
1991-12-18,dominicks,117,1.0,1.58,14784.0
1991-12-25,dominicks,117,0.0,1.58,5248.0
1992-01-01,dominicks,117,1.0,1.58,9280.0
1992-01-08,dominicks,117,0.0,1.58,5888.0
1992-01-15,dominicks,117,0.0,1.58,2560.0
1992-01-22,dominicks,117,0.0,1.58,4672.0
1992-01-29,dominicks,117,0.0,1.58,14464.0
1992-02-05,dominicks,117,0.0,1.58,35648.0
1992-02-12,dominicks,117,0.0,1.58,7680.0
1992-02-19,dominicks,117,0.0,1.58,3584.0
1992-02-26,dominicks,117,0.0,1.58,7936.0
1992-03-04,dominicks,117,0.0,1.58,6528.0
1992-03-11,dominicks,117,1.0,1.58,35200.0
1992-03-18,dominicks,117,0.0,1.58,12736.0
1992-03-25,dominicks,117,0.0,1.58,21376.0
1992-04-01,dominicks,117,0.0,1.58,6784.0
1992-04-08,dominicks,117,0.0,1.58,3776.0
1992-04-15,dominicks,117,0.0,1.58,6400.0
1992-04-22,dominicks,117,1.0,1.29,40512.0
1992-04-29,dominicks,117,0.0,1.29,10368.0
1992-05-06,dominicks,117,0.0,1.89,7040.0
1992-05-13,dominicks,117,0.0,1.89,8512.0
1992-05-20,dominicks,117,0.0,1.99,5696.0
1992-05-27,dominicks,117,0.0,1.69,7680.0
1992-06-03,dominicks,117,0.0,1.69,40000.0
1992-06-10,dominicks,117,0.228682783,2.326737768,0.0
1992-06-17,dominicks,117,0.0,1.99,5120.0
1992-06-24,dominicks,117,0.0,1.99,3968.0
1992-07-01,dominicks,117,0.0,1.99,2752.0
1992-07-08,dominicks,117,0.0,1.99,4352.0
1992-07-15,dominicks,117,0.0,1.29,5952.0
1992-07-22,dominicks,117,0.0,1.99,4864.0
1992-07-29,dominicks,117,0.0,1.69,6208.0
1992-08-05,dominicks,117,1.0,1.49,29952.0
1992-08-12,dominicks,117,1.0,1.89,5120.0
1992-08-19,dominicks,117,0.0,1.99,5312.0
1992-08-26,dominicks,117,0.0,1.79,15296.0
1992-09-02,dominicks,117,0.0,1.29,4800.0
1992-09-09,dominicks,117,0.0,1.99,2880.0
1992-09-16,dominicks,117,0.0,1.85,3264.0
1992-09-23,dominicks,117,0.0,1.85,5440.0
1992-09-30,dominicks,117,0.0,1.49,28992.0
1992-10-07,dominicks,117,0.0,1.85,4160.0
