data/dominicks_oj_data/dominicks_oj_small.csv
date,brand,store,on_promotion,price,quantity
1990-06-20,dominicks,118,1.0,1.59,21760.0
1990-06-27,dominicks,118,0.0,2.49,1792.0
1990-07-04,dominicks,118,0.0,2.49,1408.0
1990-07-11,dominicks,118,0.0,2.49,2048.0
1990-07-18,dominicks,118,0.0,2.49,1152.0
1990-07-25,dominicks,118,0.0,2.49,1024.0
1990-08-01,dominicks,118,0.0,2.49,4864.0
1990-08-08,dominicks,118,1.0,2.09,5888.0
1990-08-15,dominicks,118,0.0,2.09,5888.0
1990-08-22,dominicks,118,0.0,2.09,5632.0
1990-08-29,dominicks,118,0.0,2.09,1856.0
1990-09-05,dominicks,118,1.0,1.89,31616.0
1990-09-12,dominicks,118,0.0,1.89,11648.0
1990-09-19,dominicks,118,0.0,1.89,5504.0
1990-09-26,dominicks,118,0.0,1.79,6016.0
1990-10-03,dominicks,118,1.0,1.79,25600.0
1990-10-10,dominicks,118,0.0,1.79,12288.0
1990-10-17,dominicks,118,0.0,2.49,896.0
1990-10-24,dominicks,118,1.0,1.24,58368.0
1990-10-31,dominicks,118,0.0,1.59,1472.0
1990-11-07,dominicks,118,1.0,1.59,27456.0
1990-11-14,dominicks,118,0.0,1.29,24832.0
1990-11-21,dominicks,118,0.0,0.99,17024.0
1990-11-28,dominicks,118,1.0,1.59,10240.0
1990-12-05,dominicks,118,1.0,2.49,39360.0
1990-12-12,dominicks,118,0.0,2.19,5440.0
1990-12-19,dominicks,118,1.0,1.39,51712.0
1990-12-26,dominicks,118,0.0,2.19,3136.0
1991-01-02,dominicks,118,0.228682783,2.326737768,3360.0
1991-01-09,dominicks,118,0.0,2.19,3584.0
1991-01-16,dominicks,118,1.0,0.99,112960.0
1991-01-23,dominicks,118,0.0,2.19,2240.0
1991-01-30,dominicks,118,0.0,2.19,1536.0
1991-02-06,dominicks,118,1.0,1.49,54272.0
1991-02-13,dominicks,118,0.0,1.49,16448.0
1991-02-20,dominicks,118,0.0,2.19,1664.0
1991-02-27,dominicks,118,0.0,2.19,6144.0
1991-03-06,dominicks,118,1.0,1.99,6016.0
1991-03-13,dominicks,118,1.0,1.09,61312.0
1991-03-20,dominicks,118,0.0,2.19,1536.0
1991-03-27,dominicks,118,0.0,2.19,3904.0
1991-04-03,dominicks,118,1.0,1.59,13376.0
1991-04-10,dominicks,118,0.0,1.59,5376.0
1991-04-17,dominicks,118,0.0,1.59,1024.0
1991-04-24,dominicks,118,1.0,0.99,104704.0
1991-05-01,dominicks,118,1.0,2.19,1472.0
1991-05-08,dominicks,118,0.0,2.19,3968.0
1991-05-15,dominicks,118,0.0,2.19,1792.0
1991-05-22,dominicks,118,0.0,2.19,5056.0
1991-05-29,dominicks,118,1.0,1.59,31168.0
1991-06-05,dominicks,118,0.0,1.59,9600.0
1991-06-12,dominicks,118,0.0,2.19,2048.0
1991-06-19,dominicks,118,1.0,1.41,5952.0
1991-06-26,dominicks,118,0.0,1.29,6976.0
1991-07-03,dominicks,118,0.0,1.89,4864.0
1991-07-10,dominicks,118,0.0,1.89,4160.0
1991-07-17,dominicks,118,1.0,1.59,22720.0
1991-07-24,dominicks,118,0.0,1.59,8640.0
1991-07-31,dominicks,118,0.0,1.89,7616.0
1991-08-07,dominicks,118,1.0,0.99,63104.0
1991-08-14,dominicks,118,0.0,0.99,26304.0
1991-08-21,dominicks,118,1.0,1.49,20544.0
1991-08-28,dominicks,118,0.0,1.49,6976.0
1991-09-04,dominicks,118,0.0,1.39,7936.0
1991-09-11,dominicks,118,0.0,1.39,2624.0
1991-09-18,dominicks,118,0.0,1.39,3520.0
1991-09-25,dominicks,118,1.0,1.58,9024.0
1991-10-02,dominicks,118,0.0,1.58,6976.0
1991-10-09,dominicks,118,0.0,1.58,6848.0
1991-10-16,dominicks,118,1.0,1.58,16768.0
1991-10-23,dominicks,118,0.0,1.58,1984.0
1991-10-30,dominicks,118,0.0,1.58,4608.0
1991-11-06,dominicks,118,0.0,1.58,1600.0
1991-11-13,dominicks,118,1.0,1.58,3008.0
1991-11-20,dominicks,118,0.0,1.58,3776.0
1991-11-27,dominicks,118,0.0,1.58,2624.0
1991-12-04,dominicks,118,1.0,1.58,16192.0
1991-12-11,dominicks,118,0.0,1.58,13952.0
1991-12-18,dominicks,118,1.0,1.58,9984.0
1991-12-25,dominicks,118,0.0,1.58,4288.0
1992-01-01,dominicks,118,1.0,1.58,10240.0
1992-01-08,dominicks,118,0.0,1.58,7232.0
1992-01-15,dominicks,118,0.0,1.58,1472.0
1992-01-22,dominicks,118,0.0,1.58,4672.0
1992-01-29,dominicks,118,0.0,1.58,14080.0
1992-02-05,dominicks,118,0.0,1.58,45952.0
1992-02-12,dominicks,118,0.0,1.58,4928.0
1992-02-19,dominicks,118,0.0,1.58,4352.0
1992-02-26,dominicks,118,0.0,1.58,8128.0
1992-03-04,dominicks,118,0.0,1.58,4352.0
1992-03-11,dominicks,118,1.0,1.58,43968.0
1992-03-18,dominicks,118,0.0,1.58,9856.0
1992-03-25,dominicks,118,0.0,1.58,27520.0
1992-04-01,dominicks,118,0.0,1.58,9408.0
1992-04-08,dominicks,118,0.0,1.58,1856.0
1992-04-15,dominicks,118,0.0,1.58,11136.0
1992-04-22,dominicks,118,1.0,1.29,46976.0
1992-04-29,dominicks,118,0.0,1.29,12096.0
1992-05-06,dominicks,118,0.0,1.99,5504.0
1992-05-13,dominicks,118,0.0,1.99,5120.0
1992-05-20,dominicks,118,0.0,2.09,2560.0
1992-05-27,dominicks,118,0.0,1.69,10816.0
1992-06-03,dominicks,118,0.0,1.69,59456.0
1992-06-10,dominicks,118,0.0,1.69,12864.0
1992-06-17,dominicks,118,0.0,2.09,7296.0
1992-06-24,dominicks,118,0.0,2.09,2944.0
1992-07-01,dominicks,118,0.0,1.99,3264.0
1992-07-08,dominicks,118,0.0,1.99,6912.0
1992-07-15,dominicks,118,0.0,1.29,7872.0
1992-07-22,dominicks,118,0.0,2.09,7168.0
1992-07-29,dominicks,118,0.0,1.69,4288.0
1992-08-05,dominicks,118,1.0,1.49,40384.0
1992-08-12,dominicks,118,1.0,1.99,4928.0
1992-08-19,dominicks,118,0.0,2.09,4864.0
1992-08-26,dominicks,118,0.228682783,2.326737768,0.0
1992-09-02,dominicks,118,0.0,1.29,5248.0
1992-09-09,dominicks,118,0.0,2.09,2048.0
1992-09-16,dominicks,118,0.0,1.99,2752.0
1992-09-23,dominicks,118,0.0,1.99,9216.0
1992-09-30,dominicks,118,0.0,1.49,37952.0
1992-10-07,dominicks,118,0.0,1.99,5120.0
1990-06-20,dominicks,119,1.0,1.59,7424.0
1990-06-27,dominicks,119,0.0,2.29,2368.0
1990-07-04,dominicks,119,0.0,2.29,2944.0
1990-07-11,dominicks,119,0.0,2.29,6208.0
1990-07-18,dominicks,119,0.0,2.29,2816.0
1990-07-25,dominicks,119,0.0,2.29,4544.0
1990-08-01,dominicks,119,0.0,2.29,4032.0
1990-08-08,dominicks,119,1.0,2.09,6080.0
1990-08-15,dominicks,119,0.0,2.09,2432.0
1990-08-22,dominicks,119,0.0,2.09,3456.0
1990-08-29,dominicks,119,0.0,2.09,3648.0
1990-09-05,dominicks,119,1.0,1.89,24576.0
1990-09-12,dominicks,119,0.0,1.89,12224.0
1990-09-19,dominicks,119,0.0,1.89,11136.0
1990-09-26,dominicks,119,0.0,1.79,10624.0
1990-10-03,dominicks,119,1.0,1.79,26432.0
1990-10-10,dominicks,119,0.0,1.79,10176.0
1990-10-17,dominicks,119,0.0,2.29,1856.0
1990-10-24,dominicks,119,1.0,1.14,52096.0
1990-10-31,dominicks,119,0.0,1.59,1920.0
1990-11-07,dominicks,119,1.0,1.59,10432.0
1990-11-14,dominicks,119,0.0,1.29,15872.0
1990-11-21,dominicks,119,0.0,0.99,24128.0
1990-11-28,dominicks,119,1.0,1.59,11264.0
1990-12-05,dominicks,119,1.0,2.29,30144.0
1990-12-12,dominicks,119,0.0,1.89,8256.0
1990-12-19,dominicks,119,1.0,1.39,25344.0
1990-12-26,dominicks,119,0.0,1.89,6528.0
1991-01-02,dominicks,119,0.0,1.89,4928.0
1991-01-09,dominicks,119,0.0,1.89,7104.0
1991-01-16,dominicks,119,1.0,0.99,63232.0
1991-01-23,dominicks,119,0.0,1.89,3712.0
1991-01-30,dominicks,119,0.0,1.89,5312.0
1991-02-06,dominicks,119,1.0,1.49,28992.0
1991-02-13,dominicks,119,0.0,1.49,12544.0
1991-02-20,dominicks,119,0.0,1.89,4096.0
1991-02-27,dominicks,119,0.0,1.89,6144.0
1991-03-06,dominicks,119,1.0,1.89,8512.0
1991-03-13,dominicks,119,1.0,0.94,52736.0
1991-03-20,dominicks,119,0.0,1.89,2880.0
1991-03-27,dominicks,119,0.0,1.89,4672.0
1991-04-03,dominicks,119,1.0,1.59,8320.0
1991-04-10,dominicks,119,0.0,1.59,9536.0
1991-04-17,dominicks,119,0.0,1.59,6208.0
1991-04-24,dominicks,119,1.0,0.99,61760.0
1991-05-01,dominicks,119,1.0,1.89,4800.0
1991-05-08,dominicks,119,0.0,1.89,3392.0
1991-05-15,dominicks,119,0.0,2.19,896.0
1991-05-22,dominicks,119,0.0,2.19,5120.0
1991-05-29,dominicks,119,1.0,1.59,23168.0
1991-06-05,dominicks,119,0.0,1.59,6720.0
1991-06-12,dominicks,119,0.0,2.09,1984.0
1991-06-19,dominicks,119,1.0,1.41,7424.0
1991-06-26,dominicks,119,0.0,1.29,9984.0
1991-07-03,dominicks,119,0.0,1.89,3008.0
1991-07-10,dominicks,119,0.0,1.89,4544.0
1991-07-17,dominicks,119,1.0,1.59,18688.0
1991-07-24,dominicks,119,0.228682783,2.326737768,11616.0
1991-07-31,dominicks,119,0.0,1.89,4544.0
1991-08-07,dominicks,119,1.0,0.99,39552.0
1991-08-14,dominicks,119,0.0,0.99,9216.0
1991-08-21,dominicks,119,1.0,1.49,8512.0
1991-08-28,dominicks,119,0.0,1.49,3072.0
1991-09-04,dominicks,119,0.0,1.39,9536.0
1991-09-11,dominicks,119,0.0,1.39,4480.0
1991-09-18,dominicks,119,0.0,1.39,8000.0
1991-09-25,dominicks,119,1.0,1.58,4736.0
1991-10-02,dominicks,119,0.0,1.58,3328.0
1991-10-09,dominicks,119,0.0,1.58,5824.0
1991-10-16,dominicks,119,1.0,1.58,17984.0
1991-10-23,dominicks,119,0.0,1.58,2752.0
1991-10-30,dominicks,119,0.0,1.58,2816.0
1991-11-06,dominicks,119,0.0,1.58,3136.0
1991-11-13,dominicks,119,1.0,1.58,4864.0
1991-11-20,dominicks,119,0.0,1.58,4352.0
1991-11-27,dominicks,119,0.0,1.58,4800.0
1991-12-04,dominicks,119,1.0,1.58,18048.0
1991-12-11,dominicks,119,0.0,1.58,14528.0
1991-12-18,dominicks,119,1.0,1.58,8896.0
1991-12-25,dominicks,119,0.0,1.58,2304.0
1992-01-01,dominicks,119,1.0,1.58,8832.0
1992-01-08,dominicks,119,0.0,1.58,9472.0
1992-01-15,dominicks,119,0.0,1.58,2432.0
1992-01-22,dominicks,119,0.0,1.58,4864.0
1992-01-29,dominicks,119,0.0,1.58,5504.0
1992-02-05,dominicks,119,0.0,1.58,24192.0
1992-02-12,dominicks,119,0.0,1.58,4544.0
1992-02-19,dominicks,119,0.0,1.58,2368.0
1992-02-26,dominicks,119,0.0,1.58,7680.0
1992-03-04,dominicks,119,0.0,1.58,6464.0
1992-03-11,dominicks,119,1.0,1.58,30272.0
1992-03-18,dominicks,119,0.0,1.58,8384.0
1992-03-25,dominicks,119,0.0,1.58,15680.0
1992-04-01,dominicks,119,0.0,1.58,3968.0
1992-04-08,dominicks,119,0.0,1.58,4480.0
1992-04-15,dominicks,119,0.0,1.58,6080.0
1992-04-22,dominicks,119,1.0,1.29,40768.0
1992-04-29,dominicks,119,0.0,1.29,15936.0
1992-05-06,dominicks,119,0.0,1.89,4544.0
1992-05-13,dominicks,119,0.0,1.89,6336.0
1992-05-20,dominicks,119,0.0,1.99,5120.0
1992-05-27,dominicks,119,0.0,1.69,10944.0
1992-06-03,dominicks,119,0.228682783,2.326737768,0.0
1992-06-10,dominicks,119,0.0,1.69,17344.0
1992-06-17,dominicks,119,0.0,1.99,5376.0
1992-06-24,dominicks,119,0.0,1.99,3776.0
1992-07-01,dominicks,119,0.0,1.99,2176.0
1992-07-08,dominicks,119,0.0,1.99,4672.0
1992-07-15,dominicks,119,0.0,1.29,6784.0
1992-07-22,dominicks,119,0.0,1.99,7808.0
1992-07-29,dominicks,119,0.0,1.69,6592.0
1992-08-05,dominicks,119,1.0,1.49,25600.0
1992-08-12,dominicks,119,1.0,1.89,4800.0
1992-08-19,dominicks,119,0.0,1.99,4992.0
1992-08-26,dominicks,119,0.0,1.79,13376.0
1992-09-02,dominicks,119,0.0,1.29,7232.0
1992-09-09,dominicks,119,0.0,1.99,2560.0
1992-09-16,dominicks,119,0.0,2.13,1856.0
1992-09-23,dominicks,119,0.0,2.13,6144.0
1992-09-30,dominicks,119,0.0,1.49,22848.0
1992-10-07,dominicks,119,0.0,2.13,5888.0
1990-06-20,dominicks,121,1.0,1.59,3072.0
1990-06-27,dominicks,121,0.0,2.29,2560.0
1990-07-04,dominicks,121,0.0,2.29,1344.0
1990-07-11,dominicks,121,0.0,2.29,4032.0
1990-07-18,dominicks,121,0.0,2.29,3328.0
1990-07-25,dominicks,121,0.0,2.29,3200.0
1990-08-01,dominicks,121,0.0,2.29,3200.0
1990-08-08,dominicks,121,1.0,2.09,6528.0
1990-08-15,dominicks,121,0.0,2.09,3328.0
1990-08-22,dominicks,121,0.0,2.09,3264.0
1990-08-29,dominicks,121,0.0,2.09,3392.0
1990-09-05,dominicks,121,1.0,1.89,30720.0
1990-09-12,dominicks,121,0.0,1.89,17920.0
1990-09-19,dominicks,121,0.0,1.89,21312.0
1990-09-26,dominicks,121,0.0,1.79,11072.0
1990-10-03,dominicks,121,1.0,1.79,37824.0
1990-10-10,dominicks,121,0.0,1.79,4864.0
1990-10-17,dominicks,121,0.0,2.29,2560.0
1990-10-24,dominicks,121,1.0,1.14,64704.0
1990-10-31,dominicks,121,0.228682783,2.326737768,50672.0
1990-11-07,dominicks,121,0.228682783,2.326737768,36640.0
1990-11-14,dominicks,121,0.228682783,2.326737768,22608.0
1990-11-21,dominicks,121,0.0,0.99,8576.0
1990-11-28,dominicks,121,1.0,1.59,7232.0
1990-12-05,dominicks,121,1.0,2.29,46528.0
1990-12-12,dominicks,121,0.0,1.89,7424.0
1990-12-19,dominicks,121,1.0,1.39,50368.0
1990-12-26,dominicks,121,0.0,1.89,14016.0
1991-01-02,dominicks,121,0.0,1.89,2560.0
1991-01-09,dominicks,121,0.0,1.89,6016.0
1991-01-16,dominicks,121,1.0,0.99,111936.0
1991-01-23,dominicks,121,0.0,1.89,4288.0
1991-01-30,dominicks,121,0.0,1.89,6528.0
1991-02-06,dominicks,121,1.0,1.49,50048.0
1991-02-13,dominicks,121,0.0,1.49,14016.0
1991-02-20,dominicks,121,0.0,1.89,1664.0
1991-02-27,dominicks,121,0.0,1.89,4480.0
1991-03-06,dominicks,121,1.0,1.89,18944.0
1991-03-13,dominicks,121,1.0,0.94,82240.0
1991-03-20,dominicks,121,0.0,1.89,1536.0
1991-03-27,dominicks,121,0.0,1.89,3840.0
1991-04-03,dominicks,121,1.0,1.59,21248.0
1991-04-10,dominicks,121,0.0,1.59,11840.0
1991-04-17,dominicks,121,0.0,1.59,3136.0
1991-04-24,dominicks,121,1.0,0.99,121984.0
1991-05-01,dominicks,121,1.0,1.89,3584.0
1991-05-08,dominicks,121,0.0,1.89,2880.0
1991-05-15,dominicks,121,0.0,1.89,768.0
1991-05-22,dominicks,121,0.0,1.89,4480.0
1991-05-29,dominicks,121,1.0,1.59,38144.0
1991-06-05,dominicks,121,0.0,1.59,8768.0
1991-06-12,dominicks,121,0.0,1.69,4224.0
1991-06-19,dominicks,121,1.0,1.26,9536.0
1991-06-26,dominicks,121,0.0,1.07,16256.0
1991-07-03,dominicks,121,0.0,1.69,3008.0
1991-07-10,dominicks,121,0.0,1.63,5440.0
1991-07-17,dominicks,121,1.0,1.59,32320.0
1991-07-24,dominicks,121,0.0,1.61,16896.0
1991-07-31,dominicks,121,0.0,1.17,8512.0
1991-08-07,dominicks,121,1.0,0.99,51776.0
1991-08-14,dominicks,121,0.0,1.07,14592.0
1991-08-21,dominicks,121,1.0,1.49,27648.0
1991-08-28,dominicks,121,0.0,1.43,6080.0
1991-09-04,dominicks,121,0.0,1.39,27712.0
1991-09-11,dominicks,121,0.0,1.39,14784.0
1991-09-18,dominicks,121,0.0,1.47,7488.0
1991-09-25,dominicks,121,1.0,1.59,10240.0
1991-10-02,dominicks,121,0.0,1.59,8832.0
1991-10-09,dominicks,121,0.0,1.55,8128.0
1991-10-16,dominicks,121,1.0,1.49,32000.0
1991-10-23,dominicks,121,0.0,1.59,7232.0
1991-10-30,dominicks,121,0.0,1.89,5056.0
1991-11-06,dominicks,121,0.0,1.78,3648.0
1991-11-13,dominicks,121,1.0,1.69,7552.0
1991-11-20,dominicks,121,0.0,1.73,7872.0
1991-11-27,dominicks,121,0.0,1.89,6848.0
1991-12-04,dominicks,121,1.0,1.51,36992.0
1991-12-11,dominicks,121,0.0,1.59,31488.0
1991-12-18,dominicks,121,1.0,1.59,28928.0
1991-12-25,dominicks,121,0.0,1.61,5504.0
1992-01-01,dominicks,121,1.0,1.69,18304.0
1992-01-08,dominicks,121,0.0,1.69,12352.0
1992-01-15,dominicks,121,0.0,1.72,2752.0
1992-01-22,dominicks,121,0.0,1.77,5824.0
1992-01-29,dominicks,121,0.0,1.52,10880.0
1992-02-05,dominicks,121,0.0,1.29,44416.0
1992-02-12,dominicks,121,0.0,1.35,17728.0
1992-02-19,dominicks,121,0.0,1.82,2752.0
1992-02-26,dominicks,121,0.0,1.69,6976.0
1992-03-04,dominicks,121,0.0,1.53,10816.0
1992-03-11,dominicks,121,1.0,1.39,61632.0
1992-03-18,dominicks,121,0.0,1.43,25280.0
1992-03-25,dominicks,121,0.0,1.59,29504.0
1992-04-01,dominicks,121,0.0,1.62,3968.0
1992-04-08,dominicks,121,0.0,1.89,3968.0
1992-04-15,dominicks,121,0.0,1.56,3776.0
1992-04-22,dominicks,121,1.0,1.29,65408.0
1992-04-29,dominicks,121,0.0,1.36,3648.0
1992-05-06,dominicks,121,0.0,1.89,5952.0
1992-05-13,dominicks,121,0.0,1.91,6016.0
1992-05-20,dominicks,121,0.0,1.99,4096.0
1992-05-27,dominicks,121,0.0,1.69,27584.0
1992-06-03,dominicks,121,0.0,1.69,66880.0
1992-06-10,dominicks,121,0.0,1.71,26816.0
1992-06-17,dominicks,121,0.0,1.99,7936.0
1992-06-24,dominicks,121,0.0,1.99,4352.0
1992-07-01,dominicks,121,0.0,1.99,2048.0
1992-07-08,dominicks,121,0.0,1.84,5376.0
1992-07-15,dominicks,121,0.0,1.31,15808.0
1992-07-22,dominicks,121,0.0,1.9,6720.0
1992-07-29,dominicks,121,0.0,1.69,4608.0
1992-08-05,dominicks,121,1.0,1.49,30400.0
1992-08-12,dominicks,121,1.0,1.89,4544.0
1992-08-19,dominicks,121,0.0,1.94,3584.0
1992-08-26,dominicks,121,0.0,1.35,13888.0
1992-09-02,dominicks,121,0.0,1.29,8448.0
1992-09-09,dominicks,121,0.0,1.99,2944.0
1992-09-16,dominicks,121,0.0,1.99,2752.0
1992-09-23,dominicks,121,0.0,1.66,4544.0
1992-09-30,dominicks,121,0.0,1.49,52288.0
1992-10-07,dominicks,121,0.0,1.83,8192.0
