data/dominicks_oj_data/dominicks_oj_small.csv
date,brand,store,on_promotion,price,quantity
1990-06-20,dominicks,122,1.0,1.59,9088.0
1990-06-27,dominicks,122,0.0,2.29,3904.0
1990-07-04,dominicks,122,0.0,2.29,2880.0
1990-07-11,dominicks,122,0.0,2.29,5248.0
1990-07-18,dominicks,122,0.0,2.29,2688.0
1990-07-25,dominicks,122,0.0,2.29,4800.0
1990-08-01,dominicks,122,0.0,2.29,5056.0
1990-08-08,dominicks,122,1.0,2.09,9728.0
1990-08-15,dominicks,122,0.0,2.09,5056.0
1990-08-22,dominicks,122,0.0,2.09,2496.0
1990-08-29,dominicks,122,0.0,2.09,2496.0
1990-09-05,dominicks,122,1.0,1.89,30464.0
1990-09-12,dominicks,122,0.0,1.89,12032.0
1990-09-19,dominicks,122,0.0,1.89,12800.0
1990-09-26,dominicks,122,0.0,1.79,8960.0
1990-10-03,dominicks,122,1.0,1.79,38912.0
1990-10-10,dominicks,122,0.0,1.79,14912.0
1990-10-17,dominicks,122,0.0,2.29,4416.0
1990-10-24,dominicks,122,1.0,1.14,102144.0
1990-10-31,dominicks,122,0.0,1.59,2944.0
1990-11-07,dominicks,122,1.0,1.59,18304.0
1990-11-14,dominicks,122,0.0,1.29,19456.0
1990-11-21,dominicks,122,0.0,0.99,65536.0
1990-11-28,dominicks,122,1.0,1.59,18560.0
1990-12-05,dominicks,122,1.0,2.29,69312.0
1990-12-12,dominicks,122,0.0,1.79,14272.0
1990-12-19,dominicks,122,1.0,1.39,45312.0
1990-12-26,dominicks,122,0.0,1.79,9664.0
1991-01-02,dominicks,122,0.0,1.79,3840.0
1991-01-09,dominicks,122,0.0,1.79,12608.0
1991-01-16,dominicks,122,1.0,0.99,122496.0
1991-01-23,dominicks,122,0.0,1.79,17920.0
1991-01-30,dominicks,122,0.0,1.79,16960.0
1991-02-06,dominicks,122,1.0,1.49,47616.0
1991-02-13,dominicks,122,0.0,1.49,14976.0
1991-02-20,dominicks,122,0.0,1.79,5376.0
1991-02-27,dominicks,122,0.0,1.79,7744.0
1991-03-06,dominicks,122,1.0,1.79,7488.0
1991-03-13,dominicks,122,1.0,0.89,75520.0
1991-03-20,dominicks,122,0.0,1.79,4288.0
1991-03-27,dominicks,122,0.0,1.79,5568.0
1991-04-03,dominicks,122,1.0,1.59,10496.0
1991-04-10,dominicks,122,0.0,1.59,23296.0
1991-04-17,dominicks,122,0.0,1.59,11776.0
1991-04-24,dominicks,122,1.0,0.99,98304.0
1991-05-01,dominicks,122,1.0,1.79,6528.0
1991-05-08,dominicks,122,0.0,1.79,7168.0
1991-05-15,dominicks,122,0.0,1.79,4416.0
1991-05-22,dominicks,122,0.0,1.79,10112.0
1991-05-29,dominicks,122,1.0,1.59,38784.0
1991-06-05,dominicks,122,0.0,1.59,12096.0
1991-06-12,dominicks,122,0.0,1.59,10304.0
1991-06-19,dominicks,122,1.0,1.19,14080.0
1991-06-26,dominicks,122,0.0,1.0,18880.0
1991-07-03,dominicks,122,0.0,1.59,5248.0
1991-07-10,dominicks,122,0.0,1.59,9792.0
1991-07-17,dominicks,122,1.0,1.59,27904.0
1991-07-24,dominicks,122,0.0,1.59,10496.0
1991-07-31,dominicks,122,0.0,1.27,14464.0
1991-08-07,dominicks,122,1.0,0.99,38016.0
1991-08-14,dominicks,122,0.0,1.25,13760.0
1991-08-21,dominicks,122,1.0,1.49,31680.0
1991-08-28,dominicks,122,0.0,1.46,5952.0
1991-09-04,dominicks,122,0.0,1.39,8320.0
1991-09-11,dominicks,122,0.0,1.39,8896.0
1991-09-18,dominicks,122,0.0,1.46,7296.0
1991-09-25,dominicks,122,1.0,1.59,10240.0
1991-10-02,dominicks,122,0.0,1.59,10112.0
1991-10-09,dominicks,122,0.0,1.55,11648.0
1991-10-16,dominicks,122,1.0,1.49,40576.0
1991-10-23,dominicks,122,0.0,1.51,15616.0
1991-10-30,dominicks,122,0.0,1.59,9600.0
1991-11-06,dominicks,122,0.0,1.59,7168.0
1991-11-13,dominicks,122,1.0,1.59,11200.0
1991-11-20,dominicks,122,0.0,1.59,11584.0
1991-11-27,dominicks,122,0.0,1.59,12480.0
1991-12-04,dominicks,122,1.0,1.5,29760.0
1991-12-11,dominicks,122,0.0,1.59,32064.0
1991-12-18,dominicks,122,1.0,1.59,27584.0
1991-12-25,dominicks,122,0.0,1.59,10304.0
1992-01-01,dominicks,122,1.0,1.59,16448.0
1992-01-08,dominicks,122,0.0,1.59,11456.0
1992-01-15,dominicks,122,0.0,1.59,3904.0
1992-01-22,dominicks,122,0.0,1.59,10304.0
1992-01-29,dominicks,122,0.0,1.43,16832.0
1992-02-05,dominicks,122,0.0,1.29,55040.0
1992-02-12,dominicks,122,0.0,1.35,9792.0
1992-02-19,dominicks,122,0.0,1.59,11200.0
1992-02-26,dominicks,122,0.0,1.59,12032.0
1992-03-04,dominicks,122,0.0,1.51,13760.0
1992-03-11,dominicks,122,1.0,1.39,54656.0
1992-03-18,dominicks,122,0.0,1.43,15552.0
1992-03-25,dominicks,122,0.0,1.59,29568.0
1992-04-01,dominicks,122,0.0,1.59,11200.0
1992-04-08,dominicks,122,0.0,1.59,15168.0
1992-04-15,dominicks,122,0.0,1.42,19456.0
1992-04-22,dominicks,122,1.0,1.29,78912.0
1992-04-29,dominicks,122,0.0,1.35,16192.0
1992-05-06,dominicks,122,0.0,1.59,15424.0
1992-05-13,dominicks,122,0.0,1.61,16960.0
1992-05-20,dominicks,122,0.0,1.69,14848.0
1992-05-27,dominicks,122,0.0,1.69,12544.0
1992-06-03,dominicks,122,0.0,1.69,48064.0
1992-06-10,dominicks,122,0.0,1.69,29440.0
1992-06-17,dominicks,122,0.0,1.69,17216.0
1992-06-24,dominicks,122,0.0,1.69,10944.0
1992-07-01,dominicks,122,0.0,1.69,18432.0
1992-07-08,dominicks,122,0.0,1.65,12864.0
1992-07-15,dominicks,122,0.0,1.15,20224.0
1992-07-22,dominicks,122,0.0,1.69,12928.0
1992-07-29,dominicks,122,0.0,1.69,9408.0
1992-08-05,dominicks,122,1.0,1.49,40512.0
1992-08-12,dominicks,122,1.0,1.59,10496.0
1992-08-19,dominicks,122,0.0,1.62,8512.0
1992-08-26,dominicks,122,0.0,1.31,14464.0
1992-09-02,dominicks,122,0.0,0.94,15616.0
1992-09-09,dominicks,122,0.0,1.68,7360.0
1992-09-16,dominicks,122,0.0,1.66,10368.0
1992-09-23,dominicks,122,0.0,1.58,14784.0
1992-09-30,dominicks,122,0.0,1.49,43456.0
1992-10-07,dominicks,122,0.0,1.63,13504.0
1990-06-20,dominicks,123,1.0,1.59,6144.0
1990-06-27,dominicks,123,0.0,2.49,2304.0
1990-07-04,dominicks,123,0.0,2.69,1344.0
1990-07-11,dominicks,123,0.0,2.69,3136.0
1990-07-18,dominicks,123,0.0,2.69,2048.0
1990-07-25,dominicks,123,0.0,2.69,960.0
1990-08-01,dominicks,123,0.0,2.69,3712.0
1990-08-08,dominicks,123,1.0,2.09,6784.0
1990-08-15,dominicks,123,0.0,2.09,3008.0
1990-08-22,dominicks,123,0.0,2.09,3840.0
1990-08-29,dominicks,123,0.0,2.09,2752.0
1990-09-05,dominicks,123,1.0,1.89,57664.0
1990-09-12,dominicks,123,0.0,1.89,32384.0
1990-09-19,dominicks,123,0.0,1.89,14976.0
1990-09-26,dominicks,123,0.0,1.79,11264.0
1990-10-03,dominicks,123,1.0,1.79,62144.0
1990-10-10,dominicks,123,0.0,1.79,27264.0
1990-10-17,dominicks,123,0.0,2.69,2880.0
1990-10-24,dominicks,123,1.0,1.24,135296.0
1990-10-31,dominicks,123,0.0,1.59,3136.0
1990-11-07,dominicks,123,1.0,1.59,47168.0
1990-11-14,dominicks,123,0.0,1.29,13952.0
1990-11-21,dominicks,123,0.228682783,2.326737768,19360.0
1990-11-28,dominicks,123,1.0,1.59,24768.0
1990-12-05,dominicks,123,1.0,2.49,60160.0
1990-12-12,dominicks,123,0.0,2.69,12416.0
1990-12-19,dominicks,123,1.0,1.39,97152.0
1990-12-26,dominicks,123,0.0,2.69,1856.0
1991-01-02,dominicks,123,0.0,2.69,2368.0
1991-01-09,dominicks,123,0.0,2.69,23808.0
1991-01-16,dominicks,123,1.0,0.99,185664.0
1991-01-23,dominicks,123,0.0,2.69,3008.0
1991-01-30,dominicks,123,0.0,2.69,10304.0
1991-02-06,dominicks,123,1.0,1.49,115456.0
1991-02-13,dominicks,123,0.0,1.49,12032.0
1991-02-20,dominicks,123,0.0,2.69,1344.0
1991-02-27,dominicks,123,0.0,2.69,4608.0
1991-03-06,dominicks,123,1.0,1.99,9408.0
1991-03-13,dominicks,123,1.0,1.09,135488.0
1991-03-20,dominicks,123,0.0,2.69,1280.0
1991-03-27,dominicks,123,0.0,2.69,6848.0
1991-04-03,dominicks,123,1.0,1.59,11072.0
1991-04-10,dominicks,123,0.0,1.59,14016.0
1991-04-17,dominicks,123,0.0,1.59,4608.0
1991-04-24,dominicks,123,1.0,0.99,266048.0
1991-05-01,dominicks,123,1.0,2.69,576.0
1991-05-08,dominicks,123,0.0,2.69,2048.0
1991-05-15,dominicks,123,0.0,2.69,1216.0
1991-05-22,dominicks,123,0.0,2.69,7488.0
1991-05-29,dominicks,123,1.0,1.59,76928.0
1991-06-05,dominicks,123,0.0,1.59,5312.0
1991-06-12,dominicks,123,0.0,2.69,2112.0
1991-06-19,dominicks,123,1.0,1.49,17664.0
1991-06-26,dominicks,123,0.0,1.29,19520.0
1991-07-03,dominicks,123,0.0,1.99,2176.0
1991-07-10,dominicks,123,0.0,1.99,5760.0
1991-07-17,dominicks,123,1.0,1.59,48064.0
1991-07-24,dominicks,123,0.0,1.59,6976.0
1991-07-31,dominicks,123,0.0,1.99,6080.0
1991-08-07,dominicks,123,1.0,0.99,146368.0
1991-08-14,dominicks,123,0.0,0.99,18112.0
1991-08-21,dominicks,123,1.0,1.49,46976.0
1991-08-28,dominicks,123,0.0,1.49,10240.0
1991-09-04,dominicks,123,0.0,1.39,18496.0
1991-09-11,dominicks,123,0.0,1.39,18560.0
1991-09-18,dominicks,123,0.0,1.39,19072.0
1991-09-25,dominicks,123,1.0,1.59,11584.0
1991-10-02,dominicks,123,0.0,1.59,10432.0
1991-10-09,dominicks,123,0.0,1.54,11136.0
1991-10-16,dominicks,123,1.0,1.49,75968.0
1991-10-23,dominicks,123,0.0,1.66,10176.0
1991-10-30,dominicks,123,0.0,1.99,4352.0
1991-11-06,dominicks,123,0.0,1.86,3200.0
1991-11-13,dominicks,123,1.0,1.69,15360.0
1991-11-20,dominicks,123,0.0,1.74,7680.0
1991-11-27,dominicks,123,0.0,1.99,3712.0
1991-12-04,dominicks,123,1.0,1.5,49088.0
1991-12-11,dominicks,123,0.0,1.59,48384.0
1991-12-18,dominicks,123,1.0,1.59,32256.0
1991-12-25,dominicks,123,0.0,1.61,3840.0
1992-01-01,dominicks,123,1.0,1.69,26496.0
1992-01-08,dominicks,123,0.0,1.69,17856.0
1992-01-15,dominicks,123,0.0,1.77,4096.0
1992-01-22,dominicks,123,0.0,1.84,9856.0
1992-01-29,dominicks,123,0.0,1.46,14976.0
1992-02-05,dominicks,123,0.0,1.29,103936.0
1992-02-12,dominicks,123,0.0,1.33,34688.0
1992-02-19,dominicks,123,0.0,1.82,3584.0
1992-02-26,dominicks,123,0.0,1.69,16832.0
1992-03-04,dominicks,123,0.0,1.54,12288.0
1992-03-11,dominicks,123,1.0,1.39,107264.0
1992-03-18,dominicks,123,0.0,1.48,23168.0
1992-03-25,dominicks,123,0.0,1.59,63808.0
1992-04-01,dominicks,123,0.0,1.65,6208.0
1992-04-08,dominicks,123,0.0,1.99,3904.0
1992-04-15,dominicks,123,0.0,1.54,12160.0
1992-04-22,dominicks,123,1.0,1.29,133568.0
1992-04-29,dominicks,123,0.0,1.41,16320.0
1992-05-06,dominicks,123,0.0,1.99,12288.0
1992-05-13,dominicks,123,0.0,2.02,9024.0
1992-05-20,dominicks,123,0.0,2.09,3776.0
1992-05-27,dominicks,123,0.0,1.69,17024.0
1992-06-03,dominicks,123,0.0,1.69,80000.0
1992-06-10,dominicks,123,0.0,1.72,32128.0
1992-06-17,dominicks,123,0.0,2.09,8384.0
1992-06-24,dominicks,123,0.0,2.03,4096.0
1992-07-01,dominicks,123,0.0,1.59,7488.0
1992-07-08,dominicks,123,0.0,1.88,10432.0
1992-07-15,dominicks,123,0.0,1.39,6336.0
1992-07-22,dominicks,123,0.0,1.76,13376.0
1992-07-29,dominicks,123,0.0,1.69,10240.0
1992-08-05,dominicks,123,1.0,1.49,78528.0
1992-08-12,dominicks,123,1.0,1.99,9728.0
1992-08-19,dominicks,123,0.0,1.97,3456.0
1992-08-26,dominicks,123,0.0,1.34,25024.0
1992-09-02,dominicks,123,0.0,1.34,11456.0
1992-09-09,dominicks,123,0.0,2.09,3520.0
1992-09-16,dominicks,123,0.0,2.09,3072.0
1992-09-23,dominicks,123,0.0,1.75,6784.0
1992-09-30,dominicks,123,0.0,1.49,79808.0
1992-10-07,dominicks,123,0.0,1.77,6400.0
1990-06-20,dominicks,124,1.0,1.59,2048.0
1990-06-27,dominicks,124,0.0,2.69,1600.0
1990-07-04,dominicks,124,0.0,2.69,4032.0
1990-07-11,dominicks,124,0.0,2.69,3840.0
1990-07-18,dominicks,124,0.0,2.69,1472.0
1990-07-25,dominicks,124,0.0,2.69,832.0
1990-08-01,dominicks,124,0.0,2.69,4224.0
1990-08-08,dominicks,124,1.0,2.09,7552.0
1990-08-15,dominicks,124,0.0,2.09,5888.0
1990-08-22,dominicks,124,0.0,2.09,5440.0
1990-08-29,dominicks,124,0.0,2.09,2432.0
1990-09-05,dominicks,124,1.0,1.89,60224.0
1990-09-12,dominicks,124,0.0,1.89,14336.0
1990-09-19,dominicks,124,0.0,1.89,14528.0
1990-09-26,dominicks,124,0.0,1.79,17728.0
1990-10-03,dominicks,124,1.0,1.79,76992.0
1990-10-10,dominicks,124,0.0,1.79,3840.0
1990-10-17,dominicks,124,0.0,2.69,2368.0
1990-10-24,dominicks,124,1.0,1.24,121280.0
1990-10-31,dominicks,124,0.0,1.59,3584.0
1990-11-07,dominicks,124,1.0,1.59,45120.0
1990-11-14,dominicks,124,0.0,1.29,10688.0
1990-11-21,dominicks,124,0.0,0.99,16512.0
1990-11-28,dominicks,124,1.0,1.59,19776.0
1990-12-05,dominicks,124,1.0,2.49,25984.0
1990-12-12,dominicks,124,0.0,2.69,5632.0
1990-12-19,dominicks,124,1.0,1.39,79424.0
1990-12-26,dominicks,124,0.0,2.69,2240.0
1991-01-02,dominicks,124,0.0,2.69,832.0
1991-01-09,dominicks,124,0.0,2.69,3584.0
1991-01-16,dominicks,124,1.0,0.99,279936.0
1991-01-23,dominicks,124,0.0,2.69,3840.0
1991-01-30,dominicks,124,0.0,2.69,12608.0
1991-02-06,dominicks,124,1.0,1.49,106944.0
1991-02-13,dominicks,124,0.0,1.49,18880.0
1991-02-20,dominicks,124,0.0,2.69,2368.0
1991-02-27,dominicks,124,0.0,2.69,3520.0
1991-03-06,dominicks,124,1.0,1.99,21312.0
1991-03-13,dominicks,124,1.0,1.09,122880.0
1991-03-20,dominicks,124,0.0,2.69,2112.0
1991-03-27,dominicks,124,0.0,2.69,6528.0
1991-04-03,dominicks,124,1.0,1.59,21120.0
1991-04-10,dominicks,124,0.0,1.59,31296.0
1991-04-17,dominicks,124,0.0,1.59,15680.0
1991-04-24,dominicks,124,1.0,0.99,406080.0
1991-05-01,dominicks,124,1.0,2.69,1600.0
1991-05-08,dominicks,124,0.0,2.69,2624.0
1991-05-15,dominicks,124,0.0,2.69,960.0
1991-05-22,dominicks,124,0.0,2.69,8448.0
1991-05-29,dominicks,124,1.0,1.59,59904.0
1991-06-05,dominicks,124,0.0,1.59,24832.0
1991-06-12,dominicks,124,0.0,2.69,2944.0
1991-06-19,dominicks,124,1.0,1.49,32576.0
1991-06-26,dominicks,124,0.0,1.29,43392.0
1991-07-03,dominicks,124,0.0,1.99,4480.0
1991-07-10,dominicks,124,0.0,1.99,10880.0
1991-07-17,dominicks,124,1.0,1.59,67200.0
1991-07-24,dominicks,124,0.0,1.59,15552.0
1991-07-31,dominicks,124,0.0,1.99,19904.0
1991-08-07,dominicks,124,1.0,0.99,215360.0
1991-08-14,dominicks,124,0.0,0.99,48640.0
1991-08-21,dominicks,124,1.0,1.49,62912.0
1991-08-28,dominicks,124,0.0,1.49,20736.0
1991-09-04,dominicks,124,0.0,1.39,19584.0
1991-09-11,dominicks,124,0.0,1.39,31744.0
1991-09-18,dominicks,124,0.0,1.39,34496.0
1991-09-25,dominicks,124,1.0,1.59,31232.0
1991-10-02,dominicks,124,0.0,1.59,46464.0
1991-10-09,dominicks,124,0.0,1.55,40064.0
1991-10-16,dominicks,124,1.0,1.49,61248.0
1991-10-23,dominicks,124,0.0,1.62,20352.0
1991-10-30,dominicks,124,0.0,1.99,5312.0
1991-11-06,dominicks,124,0.0,1.81,9024.0
1991-11-13,dominicks,124,1.0,1.68,28992.0
1991-11-20,dominicks,124,0.0,1.75,17664.0
1991-11-27,dominicks,124,0.0,1.99,5504.0
1991-12-04,dominicks,124,1.0,1.5,34752.0
1991-12-11,dominicks,124,0.0,1.59,39040.0
1991-12-18,dominicks,124,1.0,1.59,43136.0
1991-12-25,dominicks,124,0.0,1.61,10688.0
1992-01-01,dominicks,124,1.0,1.69,35840.0
1992-01-08,dominicks,124,0.0,1.69,21568.0
1992-01-15,dominicks,124,0.0,1.73,14720.0
1992-01-22,dominicks,124,0.0,1.8,11520.0
1992-01-29,dominicks,124,0.0,1.49,18304.0
1992-02-05,dominicks,124,0.0,1.29,95488.0
1992-02-12,dominicks,124,0.0,1.37,15040.0
1992-02-19,dominicks,124,0.0,1.73,8256.0
1992-02-26,dominicks,124,0.0,1.69,29312.0
1992-03-04,dominicks,124,0.0,1.57,21056.0
1992-03-11,dominicks,124,1.0,1.39,82688.0
1992-03-18,dominicks,124,0.0,1.41,51648.0
1992-03-25,dominicks,124,0.0,1.59,56576.0
1992-04-01,dominicks,124,0.0,1.62,27648.0
1992-04-08,dominicks,124,0.0,1.99,5376.0
1992-04-15,dominicks,124,0.0,1.41,7424.0
1992-04-22,dominicks,124,1.0,1.29,118336.0
1992-04-29,dominicks,124,0.0,1.39,47296.0
1992-05-06,dominicks,124,0.0,1.98,22208.0
1992-05-13,dominicks,124,0.0,2.01,19712.0
1992-05-20,dominicks,124,0.0,2.09,7552.0
1992-05-27,dominicks,124,0.0,1.69,28352.0
1992-06-03,dominicks,124,0.0,1.68,92672.0
1992-06-10,dominicks,124,0.0,1.75,50048.0
1992-06-17,dominicks,124,0.0,2.09,17280.0
1992-06-24,dominicks,124,0.0,2.09,9792.0
1992-07-01,dominicks,124,0.0,1.99,8960.0
1992-07-08,dominicks,124,0.0,1.89,13952.0
1992-07-15,dominicks,124,0.0,1.45,12480.0
1992-07-22,dominicks,124,0.0,2.09,11264.0
1992-07-29,dominicks,124,0.0,1.69,20608.0
1992-08-05,dominicks,124,1.0,1.49,58048.0
1992-08-12,dominicks,124,1.0,1.99,11840.0
1992-08-19,dominicks,124,0.0,2.02,13312.0
1992-08-26,dominicks,124,0.0,1.55,10688.0
1992-09-02,dominicks,124,0.0,1.05,16960.0
1992-09-09,dominicks,124,0.0,2.14,5760.0
1992-09-16,dominicks,124,0.0,2.24,2816.0
1992-09-23,dominicks,124,0.0,1.63,11840.0
1992-09-30,dominicks,124,0.0,1.49,66240.0
1992-10-07,dominicks,124,0.0,1.81,6400.0
