data/dominicks_oj_data/dominicks_oj_small.csv
date,brand,store,on_promotion,price,quantity
1990-06-20,dominicks,126,1.0,1.59,1664.0
1990-06-27,dominicks,126,0.0,2.49,896.0
1990-07-04,dominicks,126,0.0,2.49,1280.0
1990-07-11,dominicks,126,0.0,2.49,2176.0
1990-07-18,dominicks,126,0.0,2.49,1344.0
1990-07-25,dominicks,126,0.0,2.49,448.0
1990-08-01,dominicks,126,0.0,2.49,3904.0
1990-08-08,dominicks,126,1.0,2.09,4800.0
1990-08-15,dominicks,126,0.0,2.09,1600.0
1990-08-22,dominicks,126,0.0,2.09,1664.0
1990-08-29,dominicks,126,0.0,2.09,1152.0
1990-09-05,dominicks,126,1.0,1.89,22336.0
1990-09-12,dominicks,126,0.0,1.89,12224.0
1990-09-19,dominicks,126,0.0,1.89,6912.0
1990-09-26,dominicks,126,0.0,1.79,7168.0
1990-10-03,dominicks,126,1.0,1.79,25536.0
1990-10-10,dominicks,126,0.0,1.79,5376.0
1990-10-17,dominicks,126,0.0,2.49,1152.0
1990-10-24,dominicks,126,1.0,1.24,66432.0
1990-10-31,dominicks,126,0.0,1.59,768.0
1990-11-07,dominicks,126,1.0,1.59,8000.0
1990-11-14,dominicks,126,0.0,1.29,11136.0
1990-11-21,dominicks,126,0.0,0.99,25344.0
1990-11-28,dominicks,126,1.0,1.59,11136.0
1990-12-05,dominicks,126,1.0,2.49,37696.0
1990-12-12,dominicks,126,0.0,2.19,5440.0
1990-12-19,dominicks,126,1.0,1.39,29952.0
1990-12-26,dominicks,126,0.0,2.19,1024.0
1991-01-02,dominicks,126,0.0,2.19,11712.0
1991-01-09,dominicks,126,0.0,2.19,1728.0
1991-01-16,dominicks,126,1.0,0.99,106304.0
1991-01-23,dominicks,126,0.0,2.19,1984.0
1991-01-30,dominicks,126,0.0,2.19,6656.0
1991-02-06,dominicks,126,1.0,1.49,38976.0
1991-02-13,dominicks,126,0.0,1.49,7104.0
1991-02-20,dominicks,126,0.0,2.19,1664.0
1991-02-27,dominicks,126,0.0,2.19,2432.0
1991-03-06,dominicks,126,1.0,1.99,3520.0
1991-03-13,dominicks,126,1.0,1.09,62016.0
1991-03-20,dominicks,126,0.228682783,2.326737768,45653.33333
1991-03-27,dominicks,126,0.228682783,2.326737768,29290.66667
1991-04-03,dominicks,126,1.0,1.59,12928.0
1991-04-10,dominicks,126,0.0,1.59,7552.0
1991-04-17,dominicks,126,0.0,1.59,5312.0
1991-04-24,dominicks,126,1.0,0.99,96320.0
1991-05-01,dominicks,126,1.0,2.19,1472.0
1991-05-08,dominicks,126,0.0,2.19,1408.0
1991-05-15,dominicks,126,0.0,2.19,1152.0
1991-05-22,dominicks,126,0.0,2.19,8064.0
1991-05-29,dominicks,126,1.0,1.59,35264.0
1991-06-05,dominicks,126,0.0,1.59,7488.0
1991-06-12,dominicks,126,0.0,2.09,2304.0
1991-06-19,dominicks,126,1.0,1.41,17920.0
1991-06-26,dominicks,126,0.0,1.06,11648.0
1991-07-03,dominicks,126,0.0,1.6,9024.0
1991-07-10,dominicks,126,0.0,1.73,7808.0
1991-07-17,dominicks,126,1.0,1.59,19520.0
1991-07-24,dominicks,126,0.0,1.64,6464.0
1991-07-31,dominicks,126,0.0,1.2,8384.0
1991-08-07,dominicks,126,1.0,0.99,67136.0
1991-08-14,dominicks,126,0.0,1.06,40896.0
1991-08-21,dominicks,126,1.0,1.49,35648.0
1991-08-28,dominicks,126,0.0,1.45,8576.0
1991-09-04,dominicks,126,0.0,1.39,15104.0
1991-09-11,dominicks,126,0.0,1.39,3584.0
1991-09-18,dominicks,126,0.0,1.44,16832.0
1991-09-25,dominicks,126,1.0,1.59,23168.0
1991-10-02,dominicks,126,0.0,1.59,18048.0
1991-10-09,dominicks,126,0.0,1.57,14720.0
1991-10-16,dominicks,126,1.0,1.49,27136.0
1991-10-23,dominicks,126,0.0,1.59,7552.0
1991-10-30,dominicks,126,0.0,1.89,4224.0
1991-11-06,dominicks,126,0.0,1.83,2560.0
1991-11-13,dominicks,126,1.0,1.69,10944.0
1991-11-20,dominicks,126,0.0,1.74,10240.0
1991-11-27,dominicks,126,0.0,1.89,7552.0
1991-12-04,dominicks,126,1.0,1.5,23936.0
1991-12-11,dominicks,126,0.0,1.59,16384.0
1991-12-18,dominicks,126,1.0,1.59,20480.0
1991-12-25,dominicks,126,0.0,1.63,8256.0
1992-01-01,dominicks,126,1.0,1.69,14336.0
1992-01-08,dominicks,126,0.0,1.69,12800.0
1992-01-15,dominicks,126,0.0,1.77,3264.0
1992-01-22,dominicks,126,0.0,1.77,5696.0
1992-01-29,dominicks,126,0.0,1.47,12992.0
1992-02-05,dominicks,126,0.0,1.29,37504.0
1992-02-12,dominicks,126,0.0,1.36,8000.0
1992-02-19,dominicks,126,0.0,1.1,15744.0
1992-02-26,dominicks,126,0.0,0.99,18432.0
1992-03-04,dominicks,126,0.0,1.16,15744.0
1992-03-11,dominicks,126,1.0,1.39,47936.0
1992-03-18,dominicks,126,0.0,1.44,17536.0
1992-03-25,dominicks,126,0.0,1.59,32704.0
1992-04-01,dominicks,126,0.0,1.69,9728.0
1992-04-08,dominicks,126,0.0,1.89,5568.0
1992-04-15,dominicks,126,0.0,1.47,6912.0
1992-04-22,dominicks,126,1.0,1.29,85632.0
1992-04-29,dominicks,126,0.0,1.38,12096.0
1992-05-06,dominicks,126,0.0,1.89,5952.0
1992-05-13,dominicks,126,0.0,1.92,7296.0
1992-05-20,dominicks,126,0.0,1.99,5120.0
1992-05-27,dominicks,126,0.0,1.69,15296.0
1992-06-03,dominicks,126,0.0,1.69,74432.0
1992-06-10,dominicks,126,0.0,1.72,24640.0
1992-06-17,dominicks,126,0.0,1.99,11456.0
1992-06-24,dominicks,126,0.0,1.99,3392.0
1992-07-01,dominicks,126,0.0,1.99,2944.0
1992-07-08,dominicks,126,0.0,1.78,3264.0
1992-07-15,dominicks,126,0.0,1.42,2752.0
1992-07-22,dominicks,126,0.0,1.51,13120.0
1992-07-29,dominicks,126,0.0,1.69,5376.0
1992-08-05,dominicks,126,1.0,1.49,40704.0
1992-08-12,dominicks,126,1.0,1.89,6080.0
1992-08-19,dominicks,126,0.0,1.9,3456.0
1992-08-26,dominicks,126,0.0,1.33,14400.0
1992-09-02,dominicks,126,0.0,1.04,15744.0
1992-09-09,dominicks,126,0.0,1.94,3648.0
1992-09-16,dominicks,126,0.0,1.85,3136.0
1992-09-23,dominicks,126,0.0,1.69,5376.0
1992-09-30,dominicks,126,0.0,1.49,39488.0
1992-10-07,dominicks,126,0.0,1.74,11712.0
1990-06-20,dominicks,128,1.0,1.59,9536.0
1990-06-27,dominicks,128,0.0,2.69,2432.0
1990-07-04,dominicks,128,0.0,2.69,2560.0
1990-07-11,dominicks,128,0.0,2.69,4672.0
1990-07-18,dominicks,128,0.0,2.69,1728.0
1990-07-25,dominicks,128,0.0,2.69,1600.0
1990-08-01,dominicks,128,0.0,2.69,6464.0
1990-08-08,dominicks,128,1.0,2.09,9728.0
1990-08-15,dominicks,128,0.0,2.09,5888.0
1990-08-22,dominicks,128,0.0,2.09,7360.0
1990-08-29,dominicks,128,0.0,2.09,2944.0
1990-09-05,dominicks,128,1.0,1.89,52288.0
1990-09-12,dominicks,128,0.0,1.89,20032.0
1990-09-19,dominicks,128,0.0,1.89,13184.0
1990-09-26,dominicks,128,0.0,1.79,21056.0
1990-10-03,dominicks,128,1.0,1.79,54080.0
1990-10-10,dominicks,128,0.0,1.79,7936.0
1990-10-17,dominicks,128,0.0,2.69,2560.0
1990-10-24,dominicks,128,1.0,1.24,140480.0
1990-10-31,dominicks,128,0.0,1.59,1664.0
1990-11-07,dominicks,128,1.0,1.59,33984.0
1990-11-14,dominicks,128,0.0,1.29,22592.0
1990-11-21,dominicks,128,0.0,0.99,69184.0
1990-11-28,dominicks,128,1.0,1.59,29824.0
1990-12-05,dominicks,128,1.0,2.49,59840.0
1990-12-12,dominicks,128,0.0,2.69,10496.0
1990-12-19,dominicks,128,1.0,1.39,68480.0
1990-12-26,dominicks,128,0.0,2.69,1984.0
1991-01-02,dominicks,128,0.228682783,2.326737768,69738.66667
1991-01-09,dominicks,128,0.228682783,2.326737768,137493.3333
1991-01-16,dominicks,128,1.0,0.99,205248.0
1991-01-23,dominicks,128,0.0,2.69,1216.0
1991-01-30,dominicks,128,0.0,2.69,12160.0
1991-02-06,dominicks,128,1.0,1.49,96960.0
1991-02-13,dominicks,128,0.0,1.49,37376.0
1991-02-20,dominicks,128,0.0,2.69,4544.0
1991-02-27,dominicks,128,0.0,2.69,2560.0
1991-03-06,dominicks,128,1.0,1.99,5632.0
1991-03-13,dominicks,128,1.0,1.09,152832.0
1991-03-20,dominicks,128,0.0,2.69,1472.0
1991-03-27,dominicks,128,0.0,2.69,10560.0
1991-04-03,dominicks,128,1.0,1.59,34240.0
1991-04-10,dominicks,128,0.0,1.59,12352.0
1991-04-17,dominicks,128,0.0,1.59,7296.0
1991-04-24,dominicks,128,1.0,0.99,228800.0
1991-05-01,dominicks,128,1.0,2.69,1536.0
1991-05-08,dominicks,128,0.0,2.69,1664.0
1991-05-15,dominicks,128,0.0,2.69,768.0
1991-05-22,dominicks,128,0.0,2.69,4672.0
1991-05-29,dominicks,128,1.0,1.59,77184.0
1991-06-05,dominicks,128,0.0,1.59,3392.0
1991-06-12,dominicks,128,0.0,2.39,1600.0
1991-06-19,dominicks,128,1.0,1.49,18368.0
1991-06-26,dominicks,128,0.0,1.29,4928.0
1991-07-03,dominicks,128,0.0,1.99,5504.0
1991-07-10,dominicks,128,0.0,1.68,6016.0
1991-07-17,dominicks,128,1.0,1.59,54720.0
1991-07-24,dominicks,128,0.0,1.63,16128.0
1991-07-31,dominicks,128,0.0,1.28,7040.0
1991-08-07,dominicks,128,1.0,0.99,148928.0
1991-08-14,dominicks,128,0.0,1.43,23296.0
1991-08-21,dominicks,128,1.0,1.23,90752.0
1991-08-28,dominicks,128,0.0,1.25,6912.0
1991-09-04,dominicks,128,0.0,1.39,23936.0
1991-09-11,dominicks,128,0.0,1.38,19776.0
1991-09-18,dominicks,128,0.0,1.43,19392.0
1991-09-25,dominicks,128,1.0,1.59,17344.0
1991-10-02,dominicks,128,0.0,1.59,16448.0
1991-10-09,dominicks,128,0.0,1.55,17600.0
1991-10-16,dominicks,128,1.0,1.49,79424.0
1991-10-23,dominicks,128,0.0,1.58,11072.0
1991-10-30,dominicks,128,0.0,1.99,6016.0
1991-11-06,dominicks,128,0.0,1.8,6976.0
1991-11-13,dominicks,128,1.0,1.69,10560.0
1991-11-20,dominicks,128,0.0,1.74,11392.0
1991-11-27,dominicks,128,0.0,1.99,2176.0
1991-12-04,dominicks,128,1.0,1.5,37760.0
1991-12-11,dominicks,128,0.0,1.59,54336.0
1991-12-18,dominicks,128,1.0,1.59,50752.0
1991-12-25,dominicks,128,0.0,1.62,9536.0
1992-01-01,dominicks,128,1.0,1.69,47104.0
1992-01-08,dominicks,128,0.0,1.69,20672.0
1992-01-15,dominicks,128,0.0,1.74,5952.0
1992-01-22,dominicks,128,0.0,1.79,10048.0
1992-01-29,dominicks,128,0.0,1.53,47296.0
1992-02-05,dominicks,128,0.0,1.29,90752.0
1992-02-12,dominicks,128,0.0,1.34,18048.0
1992-02-19,dominicks,128,0.0,1.07,72256.0
1992-02-26,dominicks,128,0.0,1.69,32128.0
1992-03-04,dominicks,128,0.0,1.53,16320.0
1992-03-11,dominicks,128,1.0,1.39,99264.0
1992-03-18,dominicks,128,0.0,1.43,37760.0
1992-03-25,dominicks,128,0.0,1.59,53888.0
1992-04-01,dominicks,128,0.0,1.66,11008.0
1992-04-08,dominicks,128,0.0,1.99,8192.0
1992-04-15,dominicks,128,0.0,1.5,10688.0
1992-04-22,dominicks,128,1.0,1.29,109888.0
1992-04-29,dominicks,128,0.0,1.47,16896.0
1992-05-06,dominicks,128,0.0,1.99,14528.0
1992-05-13,dominicks,128,0.0,2.02,10816.0
1992-05-20,dominicks,128,0.0,2.09,8320.0
1992-05-27,dominicks,128,0.0,1.69,27008.0
1992-06-03,dominicks,128,0.0,1.69,90368.0
1992-06-10,dominicks,128,0.0,1.74,27968.0
1992-06-17,dominicks,128,0.0,2.09,12672.0
1992-06-24,dominicks,128,0.0,2.05,5824.0
1992-07-01,dominicks,128,0.0,1.99,6848.0
1992-07-08,dominicks,128,0.0,1.84,7232.0
1992-07-15,dominicks,128,0.0,1.62,8448.0
1992-07-22,dominicks,128,0.0,1.96,8640.0
1992-07-29,dominicks,128,0.0,1.68,2880.0
1992-08-05,dominicks,128,1.0,1.49,78016.0
1992-08-12,dominicks,128,1.0,1.99,9344.0
1992-08-19,dominicks,128,0.0,2.0,2880.0
1992-08-26,dominicks,128,0.0,0.94,16576.0
1992-09-02,dominicks,128,0.0,1.4,3456.0
1992-09-09,dominicks,128,0.0,2.0,3264.0
1992-09-16,dominicks,128,0.0,1.94,3520.0
1992-09-23,dominicks,128,0.0,1.68,3712.0
1992-09-30,dominicks,128,0.0,1.48,75584.0
1992-10-07,dominicks,128,0.0,1.78,5248.0
1990-06-20,dominicks,129,1.0,1.59,1664.0
1990-06-27,dominicks,129,0.228682783,2.326737768,1152.0
1990-07-04,dominicks,129,0.0,2.49,640.0
1990-07-11,dominicks,129,0.228682783,2.326737768,800.0
1990-07-18,dominicks,129,0.0,2.49,960.0
1990-07-25,dominicks,129,0.0,2.49,448.0
1990-08-01,dominicks,129,0.0,2.49,2432.0
1990-08-08,dominicks,129,1.0,2.09,3520.0
1990-08-15,dominicks,129,0.0,2.09,960.0
1990-08-22,dominicks,129,0.228682783,2.326737768,768.0
1990-08-29,dominicks,129,0.0,2.09,576.0
1990-09-05,dominicks,129,1.0,1.89,19392.0
1990-09-12,dominicks,129,0.0,1.89,7104.0
1990-09-19,dominicks,129,0.0,1.89,7744.0
1990-09-26,dominicks,129,0.0,1.79,6976.0
1990-10-03,dominicks,129,1.0,1.79,26816.0
1990-10-10,dominicks,129,0.0,1.79,8128.0
1990-10-17,dominicks,129,0.0,2.49,576.0
1990-10-24,dominicks,129,1.0,1.24,51072.0
1990-10-31,dominicks,129,0.0,1.59,768.0
1990-11-07,dominicks,129,1.0,1.59,15424.0
1990-11-14,dominicks,129,0.0,1.29,12288.0
1990-11-21,dominicks,129,0.0,0.99,26816.0
1990-11-28,dominicks,129,1.0,1.59,10176.0
1990-12-05,dominicks,129,1.0,2.49,38912.0
1990-12-12,dominicks,129,0.0,2.19,6656.0
1990-12-19,dominicks,129,1.0,1.39,29376.0
1990-12-26,dominicks,129,0.0,2.19,1984.0
1991-01-02,dominicks,129,0.0,2.19,1472.0
1991-01-09,dominicks,129,0.0,2.19,1344.0
1991-01-16,dominicks,129,0.228682783,2.326737768,1472.0
1991-01-23,dominicks,129,0.0,2.19,1600.0
1991-01-30,dominicks,129,0.0,2.19,4928.0
1991-02-06,dominicks,129,1.0,1.49,33152.0
1991-02-13,dominicks,129,0.0,1.49,10624.0
1991-02-20,dominicks,129,0.0,2.19,1024.0
1991-02-27,dominicks,129,0.0,2.19,1792.0
1991-03-06,dominicks,129,1.0,1.99,6208.0
1991-03-13,dominicks,129,1.0,1.09,50176.0
1991-03-20,dominicks,129,0.0,2.19,1344.0
1991-03-27,dominicks,129,0.0,2.19,3136.0
1991-04-03,dominicks,129,1.0,1.59,9408.0
1991-04-10,dominicks,129,0.0,1.59,6144.0
1991-04-17,dominicks,129,0.0,1.59,8064.0
1991-04-24,dominicks,129,1.0,0.99,77504.0
1991-05-01,dominicks,129,1.0,2.19,384.0
1991-05-08,dominicks,129,0.0,2.19,960.0
1991-05-15,dominicks,129,0.0,2.19,896.0
1991-05-22,dominicks,129,0.0,2.19,4480.0
1991-05-29,dominicks,129,1.0,1.59,28352.0
1991-06-05,dominicks,129,0.0,1.59,10944.0
1991-06-12,dominicks,129,0.0,2.09,2240.0
1991-06-19,dominicks,129,1.0,1.41,15296.0
1991-06-26,dominicks,129,0.0,1.1,7552.0
1991-07-03,dominicks,129,0.0,1.89,2048.0
1991-07-10,dominicks,129,0.0,1.76,2432.0
1991-07-17,dominicks,129,1.0,1.59,17600.0
1991-07-24,dominicks,129,0.0,1.63,5056.0
1991-07-31,dominicks,129,0.0,1.22,5056.0
1991-08-07,dominicks,129,1.0,0.99,51456.0
1991-08-14,dominicks,129,0.0,1.12,10944.0
1991-08-21,dominicks,129,1.0,1.49,23872.0
1991-08-28,dominicks,129,0.0,1.44,5248.0
1991-09-04,dominicks,129,0.0,1.39,15040.0
1991-09-11,dominicks,129,0.0,1.39,12672.0
1991-09-18,dominicks,129,0.0,1.43,10112.0
1991-09-25,dominicks,129,1.0,1.59,6720.0
1991-10-02,dominicks,129,0.0,1.59,6144.0
1991-10-09,dominicks,129,0.0,1.54,8704.0
1991-10-16,dominicks,129,1.0,1.49,20160.0
1991-10-23,dominicks,129,0.0,1.55,4864.0
1991-10-30,dominicks,129,0.0,1.89,4480.0
1991-11-06,dominicks,129,0.0,1.82,2688.0
1991-11-13,dominicks,129,1.0,1.69,6272.0
1991-11-20,dominicks,129,0.0,1.73,4992.0
1991-11-27,dominicks,129,0.0,1.89,4032.0
1991-12-04,dominicks,129,1.0,1.5,23744.0
1991-12-11,dominicks,129,0.0,1.59,21120.0
1991-12-18,dominicks,129,1.0,1.59,16960.0
1991-12-25,dominicks,129,0.0,1.61,7424.0
1992-01-01,dominicks,129,1.0,1.69,7104.0
1992-01-08,dominicks,129,0.0,1.69,8000.0
1992-01-15,dominicks,129,0.0,1.75,1920.0
1992-01-22,dominicks,129,0.0,1.79,5760.0
1992-01-29,dominicks,129,0.0,1.52,9408.0
1992-02-05,dominicks,129,0.0,1.29,29888.0
1992-02-12,dominicks,129,0.0,1.34,4736.0
1992-02-19,dominicks,129,0.0,1.0,40256.0
1992-02-26,dominicks,129,0.228682783,2.326737768,0.0
1992-03-04,dominicks,129,0.0,1.5,18176.0
1992-03-11,dominicks,129,1.0,1.39,40576.0
1992-03-18,dominicks,129,0.0,1.45,11712.0
1992-03-25,dominicks,129,0.0,1.59,24000.0
1992-04-01,dominicks,129,0.0,1.65,5440.0
1992-04-08,dominicks,129,0.0,1.89,4928.0
1992-04-15,dominicks,129,0.0,1.53,7104.0
1992-04-22,dominicks,129,1.0,1.29,44928.0
1992-04-29,dominicks,129,0.0,1.36,9536.0
1992-05-06,dominicks,129,0.0,1.89,5504.0
1992-05-13,dominicks,129,0.0,1.92,8640.0
1992-05-20,dominicks,129,0.0,1.99,4864.0
1992-05-27,dominicks,129,0.0,1.69,2944.0
1992-06-03,dominicks,129,0.0,1.69,50368.0
1992-06-10,dominicks,129,0.0,1.73,23360.0
1992-06-17,dominicks,129,0.0,1.99,5824.0
1992-06-24,dominicks,129,0.0,1.99,2944.0
1992-07-01,dominicks,129,0.0,1.99,1984.0
1992-07-08,dominicks,129,0.0,1.87,3392.0
1992-07-15,dominicks,129,0.0,1.36,12992.0
1992-07-22,dominicks,129,0.0,1.9,5696.0
1992-07-29,dominicks,129,0.0,1.69,4800.0
1992-08-05,dominicks,129,1.0,1.49,35520.0
1992-08-12,dominicks,129,1.0,1.89,4800.0
1992-08-19,dominicks,129,0.0,1.87,3392.0
1992-08-26,dominicks,129,0.0,1.34,11072.0
1992-09-02,dominicks,129,0.0,1.33,6144.0
1992-09-09,dominicks,129,0.0,1.99,2624.0
1992-09-16,dominicks,129,0.0,1.99,1664.0
1992-09-23,dominicks,129,0.0,1.58,6528.0
1992-09-30,dominicks,129,0.0,1.49,36928.0
1992-10-07,dominicks,129,0.0,1.8,3584.0
