data/dominicks_oj_data/dominicks_oj_small.csv
date,brand,store,on_promotion,price,quantity
1990-06-20,dominicks,132,1.0,1.59,9600.0
1990-06-27,dominicks,132,0.0,2.29,3968.0
1990-07-04,dominicks,132,0.0,2.29,5824.0
1990-07-11,dominicks,132,0.0,2.29,7808.0
1990-07-18,dominicks,132,0.0,2.29,4992.0
1990-07-25,dominicks,132,0.0,2.29,6080.0
1990-08-01,dominicks,132,0.0,2.29,5760.0
1990-08-08,dominicks,132,1.0,2.09,11136.0
1990-08-15,dominicks,132,0.0,2.09,4160.0
1990-08-22,dominicks,132,0.0,2.09,3520.0
1990-08-29,dominicks,132,0.0,2.09,1280.0
1990-09-05,dominicks,132,1.0,1.89,45184.0
1990-09-12,dominicks,132,0.0,1.89,9920.0
1990-09-19,dominicks,132,0.0,1.89,18176.0
1990-09-26,dominicks,132,0.0,1.79,16960.0
1990-10-03,dominicks,132,1.0,1.79,58752.0
1990-10-10,dominicks,132,0.0,1.79,13568.0
1990-10-17,dominicks,132,0.0,2.29,3776.0
1990-10-24,dominicks,132,1.0,1.14,150400.0
1990-10-31,dominicks,132,0.0,1.59,1984.0
1990-11-07,dominicks,132,1.0,1.59,61120.0
1990-11-14,dominicks,132,0.0,1.29,60160.0
1990-11-21,dominicks,132,0.0,0.99,35456.0
1990-11-28,dominicks,132,1.0,1.59,35456.0
1990-12-05,dominicks,132,1.0,2.29,62848.0
1990-12-12,dominicks,132,0.0,1.89,20288.0
1990-12-19,dominicks,132,1.0,1.39,68608.0
1990-12-26,dominicks,132,0.0,1.89,13568.0
1991-01-02,dominicks,132,0.0,1.89,4800.0
1991-01-09,dominicks,132,0.0,1.89,13184.0
1991-01-16,dominicks,132,1.0,0.99,226880.0
1991-01-23,dominicks,132,0.0,1.89,35392.0
1991-01-30,dominicks,132,0.0,1.89,15104.0
1991-02-06,dominicks,132,1.0,1.49,87808.0
1991-02-13,dominicks,132,0.0,1.49,25216.0
1991-02-20,dominicks,132,0.0,1.89,5568.0
1991-02-27,dominicks,132,0.0,1.89,11264.0
1991-03-06,dominicks,132,1.0,1.89,18368.0
1991-03-13,dominicks,132,1.0,0.94,148224.0
1991-03-20,dominicks,132,0.0,1.89,3904.0
1991-03-27,dominicks,132,0.0,1.89,10112.0
1991-04-03,dominicks,132,1.0,1.59,9344.0
1991-04-10,dominicks,132,0.0,1.59,16064.0
1991-04-17,dominicks,132,0.0,1.59,10880.0
1991-04-24,dominicks,132,1.0,0.99,186624.0
1991-05-01,dominicks,132,1.0,1.89,5632.0
1991-05-08,dominicks,132,0.0,1.89,9984.0
1991-05-15,dominicks,132,0.0,1.89,4416.0
1991-05-22,dominicks,132,0.0,1.89,10944.0
1991-05-29,dominicks,132,1.0,1.59,53824.0
1991-06-05,dominicks,132,0.0,1.59,16640.0
1991-06-12,dominicks,132,0.0,1.69,11648.0
1991-06-19,dominicks,132,1.0,1.26,16832.0
1991-06-26,dominicks,132,0.0,1.04,13248.0
1991-07-03,dominicks,132,0.0,1.69,4928.0
1991-07-10,dominicks,132,0.0,1.62,10624.0
1991-07-17,dominicks,132,1.0,1.59,42688.0
1991-07-24,dominicks,132,0.0,1.61,18048.0
1991-07-31,dominicks,132,0.0,1.35,14016.0
1991-08-07,dominicks,132,1.0,0.99,127488.0
1991-08-14,dominicks,132,0.0,1.19,24064.0
1991-08-21,dominicks,132,1.0,1.49,44480.0
1991-08-28,dominicks,132,0.0,1.44,14208.0
1991-09-04,dominicks,132,0.0,1.39,12992.0
1991-09-11,dominicks,132,0.0,1.39,13632.0
1991-09-18,dominicks,132,0.0,1.43,14272.0
1991-09-25,dominicks,132,1.0,1.59,19776.0
1991-10-02,dominicks,132,0.0,1.59,20864.0
1991-10-09,dominicks,132,0.0,1.55,17664.0
1991-10-16,dominicks,132,1.0,1.49,62720.0
1991-10-23,dominicks,132,0.0,1.56,15744.0
1991-10-30,dominicks,132,0.0,1.69,15360.0
1991-11-06,dominicks,132,0.0,1.69,12288.0
1991-11-13,dominicks,132,1.0,1.69,13184.0
1991-11-20,dominicks,132,0.0,1.69,17728.0
1991-11-27,dominicks,132,0.0,1.69,20672.0
1991-12-04,dominicks,132,1.0,1.5,41728.0
1991-12-11,dominicks,132,0.0,1.59,41664.0
1991-12-18,dominicks,132,1.0,1.59,43776.0
1991-12-25,dominicks,132,0.0,1.61,13888.0
1992-01-01,dominicks,132,1.0,1.69,19456.0
1992-01-08,dominicks,132,0.0,1.69,12480.0
1992-01-15,dominicks,132,0.0,1.69,8576.0
1992-01-22,dominicks,132,0.0,1.69,16256.0
1992-01-29,dominicks,132,0.0,1.46,18112.0
1992-02-05,dominicks,132,0.0,1.29,86336.0
1992-02-12,dominicks,132,0.0,1.35,31296.0
1992-02-19,dominicks,132,0.0,1.01,61952.0
1992-02-26,dominicks,132,0.0,0.99,18240.0
1992-03-04,dominicks,132,0.0,1.16,36672.0
1992-03-11,dominicks,132,1.0,1.39,97920.0
1992-03-18,dominicks,132,0.0,1.42,27200.0
1992-03-25,dominicks,132,0.0,1.59,65152.0
1992-04-01,dominicks,132,0.0,1.61,17408.0
1992-04-08,dominicks,132,0.0,1.69,12288.0
1992-04-15,dominicks,132,0.0,1.42,17216.0
1992-04-22,dominicks,132,1.0,1.29,130816.0
1992-04-29,dominicks,132,0.0,1.33,37376.0
1992-05-06,dominicks,132,0.0,1.69,19200.0
1992-05-13,dominicks,132,0.0,1.71,20736.0
1992-05-20,dominicks,132,0.0,1.79,18368.0
1992-05-27,dominicks,132,0.0,1.69,31680.0
1992-06-03,dominicks,132,0.0,1.69,92864.0
1992-06-10,dominicks,132,0.0,1.7,41216.0
1992-06-17,dominicks,132,0.0,1.79,21504.0
1992-06-24,dominicks,132,0.0,1.79,10624.0
1992-07-01,dominicks,132,0.0,1.79,12288.0
1992-07-08,dominicks,132,0.0,1.72,13696.0
1992-07-15,dominicks,132,0.0,1.34,28160.0
1992-07-22,dominicks,132,0.0,1.77,17792.0
1992-07-29,dominicks,132,0.0,1.69,12736.0
1992-08-05,dominicks,132,1.0,1.49,58304.0
1992-08-12,dominicks,132,1.0,1.69,13504.0
1992-08-19,dominicks,132,0.0,1.7,12224.0
1992-08-26,dominicks,132,0.0,1.33,25024.0
1992-09-02,dominicks,132,0.0,1.36,18560.0
1992-09-09,dominicks,132,0.0,1.79,9216.0
1992-09-16,dominicks,132,0.0,1.79,7744.0
1992-09-23,dominicks,132,0.0,1.64,13632.0
1992-09-30,dominicks,132,0.0,1.49,57472.0
1992-10-07,dominicks,132,0.0,1.72,14080.0
1990-06-20,minute_maid,9,0.0,2.62,4672.0
1990-06-27,minute_maid,9,1.0,1.99,71168.0
1990-07-04,minute_maid,9,0.0,2.62,3392.0
1990-07-11,minute_maid,9,0.0,2.62,4864.0
1990-07-18,minute_maid,9,1.0,2.59,36864.0
1990-07-25,minute_maid,9,0.0,2.62,3776.0
1990-08-01,minute_maid,9,0.0,2.62,11456.0
1990-08-08,minute_maid,9,1.0,2.39,25536.0
1990-08-15,minute_maid,9,0.0,2.62,3968.0
1990-08-22,minute_maid,9,1.0,1.99,54208.0
1990-08-29,minute_maid,9,0.0,2.62,3328.0
1990-09-05,minute_maid,9,0.0,2.62,5568.0
1990-09-12,minute_maid,9,0.0,2.62,3904.0
1990-09-19,minute_maid,9,1.0,2.19,35776.0
1990-09-26,minute_maid,9,0.0,2.62,3776.0
1990-10-03,minute_maid,9,0.0,2.62,4800.0
1990-10-10,minute_maid,9,0.0,2.62,4288.0
1990-10-17,minute_maid,9,1.0,1.99,50560.0
1990-10-24,minute_maid,9,0.0,2.55,3840.0
1990-10-31,minute_maid,9,0.0,2.62,2752.0
1990-11-07,minute_maid,9,1.0,1.99,47616.0
1990-11-14,minute_maid,9,0.0,2.62,2816.0
1990-11-21,minute_maid,9,1.0,1.99,50752.0
1990-11-28,minute_maid,9,0.0,1.99,9152.0
1990-12-05,minute_maid,9,0.0,2.62,11648.0
1990-12-12,minute_maid,9,1.0,1.99,47424.0
1990-12-19,minute_maid,9,0.0,1.99,12928.0
1990-12-26,minute_maid,9,0.0,1.99,12736.0
1991-01-02,minute_maid,9,0.0,1.99,7104.0
1991-01-09,minute_maid,9,0.0,1.99,11392.0
1991-01-16,minute_maid,9,0.0,2.17,6336.0
1991-01-23,minute_maid,9,0.0,2.17,5376.0
1991-01-30,minute_maid,9,1.0,1.99,55808.0
1991-02-06,minute_maid,9,0.0,2.17,7168.0
1991-02-13,minute_maid,9,0.0,2.12,9600.0
1991-02-20,minute_maid,9,0.0,2.12,6336.0
1991-02-27,minute_maid,9,0.0,2.12,8576.0
1991-03-06,minute_maid,9,1.0,1.99,38912.0
1991-03-13,minute_maid,9,0.0,2.17,6080.0
1991-03-20,minute_maid,9,0.0,2.17,13056.0
1991-03-27,minute_maid,9,1.0,1.69,93504.0
1991-04-03,minute_maid,9,0.0,1.69,18944.0
1991-04-10,minute_maid,9,1.0,2.17,4672.0
1991-04-17,minute_maid,9,0.0,2.09,5888.0
1991-04-24,minute_maid,9,0.0,2.09,7488.0
1991-05-01,minute_maid,9,0.0,2.09,5888.0
1991-05-08,minute_maid,9,0.0,2.09,28288.0
1991-05-15,minute_maid,9,0.228682783,2.326737768,20757.33333
1991-05-22,minute_maid,9,0.228682783,2.326737768,13226.66667
1991-05-29,minute_maid,9,0.0,2.26,5696.0
1991-06-05,minute_maid,9,0.0,2.26,5760.0
1991-06-12,minute_maid,9,0.0,2.26,3648.0
1991-06-19,minute_maid,9,1.0,1.69,41216.0
1991-06-26,minute_maid,9,0.0,2.26,12352.0
1991-07-03,minute_maid,9,1.0,1.69,65152.0
1991-07-10,minute_maid,9,0.0,1.69,13056.0
1991-07-17,minute_maid,9,0.0,2.26,4800.0
1991-07-24,minute_maid,9,0.0,2.26,4928.0
1991-07-31,minute_maid,9,0.0,2.26,3072.0
1991-08-07,minute_maid,9,0.0,2.26,3712.0
1991-08-14,minute_maid,9,0.0,2.26,4288.0
1991-08-21,minute_maid,9,0.0,2.26,17984.0
1991-08-28,minute_maid,9,1.0,1.29,94272.0
1991-09-04,minute_maid,9,0.0,2.26,3776.0
1991-09-11,minute_maid,9,0.0,2.26,4608.0
1991-09-18,minute_maid,9,1.0,1.99,35456.0
1991-09-25,minute_maid,9,0.0,1.99,6592.0
1991-10-02,minute_maid,9,0.0,1.89,8704.0
1991-10-09,minute_maid,9,0.0,1.79,12544.0
1991-10-16,minute_maid,9,0.0,1.79,10432.0
1991-10-23,minute_maid,9,1.0,1.69,228224.0
1991-10-30,minute_maid,9,0.0,2.26,5888.0
1991-11-06,minute_maid,9,0.0,1.49,60992.0
1991-11-13,minute_maid,9,0.0,2.26,3072.0
1991-11-20,minute_maid,9,0.0,2.26,4672.0
1991-11-27,minute_maid,9,0.0,1.99,30400.0
1991-12-04,minute_maid,9,0.0,1.99,8960.0
1991-12-11,minute_maid,9,0.0,1.99,7424.0
1991-12-18,minute_maid,9,0.0,2.26,4160.0
1991-12-25,minute_maid,9,0.0,2.26,2816.0
1992-01-01,minute_maid,9,1.0,1.99,34752.0
1992-01-08,minute_maid,9,0.0,1.99,14144.0
1992-01-15,minute_maid,9,0.0,1.99,3968.0
1992-01-22,minute_maid,9,1.0,2.49,13056.0
1992-01-29,minute_maid,9,1.0,2.49,17344.0
1992-02-05,minute_maid,9,0.0,2.49,3392.0
1992-02-12,minute_maid,9,0.0,2.66,5568.0
1992-02-19,minute_maid,9,0.0,1.99,4736.0
1992-02-26,minute_maid,9,1.0,1.99,112192.0
1992-03-04,minute_maid,9,0.0,1.99,5248.0
1992-03-11,minute_maid,9,0.0,2.66,5568.0
1992-03-18,minute_maid,9,1.0,1.99,24448.0
1992-03-25,minute_maid,9,0.0,1.99,5632.0
1992-04-01,minute_maid,9,0.0,2.66,3840.0
1992-04-08,minute_maid,9,1.0,1.99,15488.0
1992-04-15,minute_maid,9,0.0,1.99,7104.0
1992-04-22,minute_maid,9,0.0,2.66,3776.0
1992-04-29,minute_maid,9,1.0,1.99,40576.0
1992-05-06,minute_maid,9,0.0,2.66,2880.0
1992-05-13,minute_maid,9,0.0,2.66,4224.0
1992-05-20,minute_maid,9,0.0,2.66,3392.0
1992-05-27,minute_maid,9,1.0,1.99,43392.0
1992-06-03,minute_maid,9,0.228682783,2.326737768,0.0
1992-06-10,minute_maid,9,0.0,2.69,2368.0
1992-06-17,minute_maid,9,0.0,2.69,1920.0
1992-06-24,minute_maid,9,0.0,2.69,1856.0
1992-07-01,minute_maid,9,0.0,2.69,1984.0
1992-07-08,minute_maid,9,1.0,2.01,6976.0
1992-07-15,minute_maid,9,0.228682783,2.326737768,0.0
1992-07-22,minute_maid,9,0.0,2.69,4096.0
1992-07-29,minute_maid,9,1.0,2.29,50240.0
1992-08-05,minute_maid,9,0.0,2.69,2752.0
1992-08-12,minute_maid,9,1.0,2.65,2112.0
1992-08-19,minute_maid,9,1.0,1.99,71296.0
1992-08-26,minute_maid,9,1.0,1.99,27904.0
1992-09-02,minute_maid,9,0.0,1.69,12224.0
1992-09-09,minute_maid,9,0.0,1.69,12032.0
1992-09-16,minute_maid,9,1.0,1.99,30208.0
1992-09-23,minute_maid,9,0.0,2.69,11200.0
1992-09-30,minute_maid,9,0.0,2.49,4416.0
1992-10-07,minute_maid,9,1.0,2.19,62976.0
1990-06-20,minute_maid,14,0.0,3.17,2496.0
1990-06-27,minute_maid,14,1.0,1.99,39744.0
1990-07-04,minute_maid,14,0.0,3.17,2496.0
1990-07-11,minute_maid,14,0.0,3.17,2560.0
1990-07-18,minute_maid,14,1.0,2.59,26240.0
1990-07-25,minute_maid,14,0.0,3.17,3200.0
1990-08-01,minute_maid,14,0.0,3.17,13376.0
1990-08-08,minute_maid,14,1.0,2.39,17856.0
1990-08-15,minute_maid,14,0.0,3.17,3392.0
1990-08-22,minute_maid,14,1.0,1.99,36160.0
1990-08-29,minute_maid,14,0.0,3.17,2816.0
1990-09-05,minute_maid,14,0.0,3.17,3200.0
1990-09-12,minute_maid,14,0.0,3.17,3008.0
1990-09-19,minute_maid,14,1.0,2.19,25792.0
1990-09-26,minute_maid,14,0.0,3.17,4096.0
1990-10-03,minute_maid,14,0.0,3.17,3392.0
1990-10-10,minute_maid,14,0.0,3.17,10496.0
1990-10-17,minute_maid,14,1.0,1.99,28672.0
1990-10-24,minute_maid,14,0.0,2.87,5760.0
1990-10-31,minute_maid,14,0.0,3.17,3392.0
1990-11-07,minute_maid,14,1.0,1.99,28032.0
1990-11-14,minute_maid,14,0.0,3.17,2624.0
1990-11-21,minute_maid,14,1.0,1.99,29184.0
1990-11-28,minute_maid,14,0.0,1.99,11392.0
1990-12-05,minute_maid,14,0.0,3.17,7488.0
1990-12-12,minute_maid,14,1.0,1.99,26112.0
1990-12-19,minute_maid,14,0.0,1.99,13888.0
1990-12-26,minute_maid,14,0.0,1.99,16256.0
1991-01-02,minute_maid,14,0.0,1.99,11520.0
1991-01-09,minute_maid,14,0.0,1.99,15104.0
1991-01-16,minute_maid,14,0.0,2.59,4864.0
1991-01-23,minute_maid,14,0.0,2.59,4352.0
1991-01-30,minute_maid,14,1.0,1.99,28800.0
1991-02-06,minute_maid,14,0.0,2.59,5184.0
1991-02-13,minute_maid,14,0.0,2.49,5440.0
1991-02-20,minute_maid,14,0.0,2.49,5888.0
1991-02-27,minute_maid,14,0.0,2.49,9856.0
1991-03-06,minute_maid,14,1.0,1.99,23488.0
1991-03-13,minute_maid,14,0.0,2.59,4096.0
1991-03-20,minute_maid,14,0.0,2.59,12928.0
1991-03-27,minute_maid,14,0.228682783,2.326737768,16224.0
1991-04-03,minute_maid,14,0.0,1.69,19520.0
1991-04-10,minute_maid,14,1.0,2.59,5184.0
1991-04-17,minute_maid,14,0.0,2.09,8640.0
1991-04-24,minute_maid,14,0.0,2.09,5888.0
1991-05-01,minute_maid,14,0.0,2.09,7296.0
1991-05-08,minute_maid,14,0.0,2.09,23808.0
1991-05-15,minute_maid,14,0.228682783,2.326737768,14368.0
1991-05-22,minute_maid,14,0.0,2.39,4928.0
1991-05-29,minute_maid,14,0.0,2.39,5120.0
1991-06-05,minute_maid,14,0.0,2.39,5184.0
1991-06-12,minute_maid,14,0.0,2.39,2880.0
1991-06-19,minute_maid,14,1.0,1.79,14272.0
1991-06-26,minute_maid,14,0.0,2.39,12416.0
1991-07-03,minute_maid,14,1.0,1.69,38848.0
1991-07-10,minute_maid,14,0.0,1.69,11200.0
1991-07-17,minute_maid,14,0.0,2.39,2688.0
1991-07-24,minute_maid,14,0.0,2.39,4096.0
1991-07-31,minute_maid,14,0.0,2.39,3136.0
1991-08-07,minute_maid,14,0.0,2.39,2688.0
1991-08-14,minute_maid,14,0.0,2.39,2688.0
1991-08-21,minute_maid,14,0.0,2.39,15552.0
1991-08-28,minute_maid,14,1.0,0.99,119616.0
1991-09-04,minute_maid,14,0.0,2.39,6656.0
1991-09-11,minute_maid,14,0.0,2.39,34240.0
1991-09-18,minute_maid,14,1.0,1.99,21632.0
1991-09-25,minute_maid,14,0.0,1.99,8640.0
1991-10-02,minute_maid,14,0.0,1.89,11840.0
1991-10-09,minute_maid,14,0.0,1.79,14912.0
1991-10-16,minute_maid,14,0.0,1.79,10368.0
1991-10-23,minute_maid,14,1.0,1.69,146176.0
1991-10-30,minute_maid,14,0.0,2.39,6080.0
1991-11-06,minute_maid,14,0.0,1.49,31552.0
1991-11-13,minute_maid,14,0.0,2.39,5056.0
1991-11-20,minute_maid,14,0.0,2.39,8192.0
1991-11-27,minute_maid,14,0.0,1.99,15488.0
1991-12-04,minute_maid,14,0.0,1.99,9344.0
1991-12-11,minute_maid,14,0.0,1.99,7808.0
1991-12-18,minute_maid,14,0.0,2.39,3904.0
1991-12-25,minute_maid,14,0.0,2.39,6080.0
1992-01-01,minute_maid,14,1.0,1.99,16960.0
1992-01-08,minute_maid,14,0.0,1.99,14848.0
1992-01-15,minute_maid,14,0.0,1.99,7744.0
1992-01-22,minute_maid,14,1.0,2.49,11584.0
1992-01-29,minute_maid,14,1.0,2.49,8256.0
1992-02-05,minute_maid,14,0.0,2.49,5376.0
1992-02-12,minute_maid,14,0.0,2.79,8640.0
1992-02-19,minute_maid,14,0.0,1.99,15424.0
1992-02-26,minute_maid,14,1.0,1.99,89472.0
1992-03-04,minute_maid,14,0.0,1.99,7552.0
1992-03-11,minute_maid,14,0.0,2.79,6208.0
1992-03-18,minute_maid,14,1.0,1.99,24832.0
1992-03-25,minute_maid,14,0.0,1.99,9088.0
1992-04-01,minute_maid,14,0.0,2.79,9408.0
1992-04-08,minute_maid,14,1.0,1.99,22528.0
1992-04-15,minute_maid,14,0.0,1.99,13056.0
1992-04-22,minute_maid,14,0.0,2.79,6080.0
1992-04-29,minute_maid,14,1.0,2.09,26560.0
1992-05-06,minute_maid,14,0.0,2.79,4224.0
1992-05-13,minute_maid,14,0.0,2.79,5568.0
1992-05-20,minute_maid,14,0.0,2.79,6976.0
1992-05-27,minute_maid,14,1.0,2.09,25664.0
1992-06-03,minute_maid,14,0.228682783,2.326737768,0.0
1992-06-10,minute_maid,14,0.0,2.89,4672.0
1992-06-17,minute_maid,14,0.0,2.89,5504.0
1992-06-24,minute_maid,14,0.0,2.89,4224.0
1992-07-01,minute_maid,14,0.0,2.89,6848.0
1992-07-08,minute_maid,14,1.0,2.03,19008.0
1992-07-15,minute_maid,14,1.0,2.19,5056.0
1992-07-22,minute_maid,14,0.0,2.89,6016.0
1992-07-29,minute_maid,14,1.0,2.29,39168.0
1992-08-05,minute_maid,14,0.0,2.89,6528.0
1992-08-12,minute_maid,14,1.0,2.81,4864.0
1992-08-19,minute_maid,14,1.0,1.99,46848.0
1992-08-26,minute_maid,14,1.0,1.99,29056.0
1992-09-02,minute_maid,14,0.0,1.69,19136.0
1992-09-09,minute_maid,14,0.228682783,2.326737768,0.0
1992-09-16,minute_maid,14,1.0,1.99,27072.0
1992-09-23,minute_maid,14,0.0,2.89,7104.0
1992-09-30,minute_maid,14,0.0,2.69,6208.0
1992-10-07,minute_maid,14,1.0,2.19,55808.0
