data/dominicks_oj_data/dominicks_oj_small.csv
date,brand,store,on_promotion,price,quantity
1990-06-20,minute_maid,18,0.0,2.62,4928.0
1990-06-27,minute_maid,18,0.228682783,2.326737768,6464.0
1990-07-04,minute_maid,18,0.228682783,2.326737768,8000.0
1990-07-11,minute_maid,18,0.0,2.62,9536.0
1990-07-18,minute_maid,18,1.0,2.59,41920.0
1990-07-25,minute_maid,18,0.0,2.62,6272.0
1990-08-01,minute_maid,18,0.0,2.62,8320.0
1990-08-08,minute_maid,18,1.0,2.39,28544.0
1990-08-15,minute_maid,18,0.0,2.62,4672.0
1990-08-22,minute_maid,18,1.0,1.99,65664.0
1990-08-29,minute_maid,18,0.0,2.62,4544.0
1990-09-05,minute_maid,18,0.0,2.62,6336.0
1990-09-12,minute_maid,18,0.0,2.62,8256.0
1990-09-19,minute_maid,18,1.0,2.19,22400.0
1990-09-26,minute_maid,18,0.0,2.62,5504.0
1990-10-03,minute_maid,18,0.0,2.62,6720.0
1990-10-10,minute_maid,18,0.0,2.62,17408.0
1990-10-17,minute_maid,18,1.0,1.99,46208.0
1990-10-24,minute_maid,18,0.0,2.38,8832.0
1990-10-31,minute_maid,18,0.0,2.62,6144.0
1990-11-07,minute_maid,18,1.0,1.99,43328.0
1990-11-14,minute_maid,18,0.0,2.62,5824.0
1990-11-21,minute_maid,18,1.0,1.99,57472.0
1990-11-28,minute_maid,18,0.0,1.99,11904.0
1990-12-05,minute_maid,18,0.0,2.62,9216.0
1990-12-12,minute_maid,18,1.0,1.99,44864.0
1990-12-19,minute_maid,18,0.0,1.99,9536.0
1990-12-26,minute_maid,18,0.0,1.99,12352.0
1991-01-02,minute_maid,18,0.0,1.99,11776.0
1991-01-09,minute_maid,18,0.0,1.99,11520.0
1991-01-16,minute_maid,18,0.0,2.17,7552.0
1991-01-23,minute_maid,18,0.0,2.17,6592.0
1991-01-30,minute_maid,18,1.0,1.99,55616.0
1991-02-06,minute_maid,18,0.0,2.17,8576.0
1991-02-13,minute_maid,18,0.0,2.12,13376.0
1991-02-20,minute_maid,18,0.0,2.12,7168.0
1991-02-27,minute_maid,18,0.0,2.12,11840.0
1991-03-06,minute_maid,18,1.0,1.99,32256.0
1991-03-13,minute_maid,18,0.0,2.17,5504.0
1991-03-20,minute_maid,18,0.0,2.17,22848.0
1991-03-27,minute_maid,18,1.0,1.69,128576.0
1991-04-03,minute_maid,18,0.0,1.69,33792.0
1991-04-10,minute_maid,18,1.0,2.17,8128.0
1991-04-17,minute_maid,18,0.0,1.99,11840.0
1991-04-24,minute_maid,18,0.0,1.99,8768.0
1991-05-01,minute_maid,18,0.0,1.99,11904.0
1991-05-08,minute_maid,18,0.0,1.99,27648.0
1991-05-15,minute_maid,18,1.0,1.39,146944.0
1991-05-22,minute_maid,18,0.0,1.99,22400.0
1991-05-29,minute_maid,18,0.0,1.99,12288.0
1991-06-05,minute_maid,18,0.0,1.99,8128.0
1991-06-12,minute_maid,18,0.0,1.99,9280.0
1991-06-19,minute_maid,18,1.0,1.49,54528.0
1991-06-26,minute_maid,18,0.0,1.99,22784.0
1991-07-03,minute_maid,18,1.0,1.69,66368.0
1991-07-10,minute_maid,18,0.0,1.69,17472.0
1991-07-17,minute_maid,18,0.0,1.99,7424.0
1991-07-24,minute_maid,18,0.0,1.99,9088.0
1991-07-31,minute_maid,18,0.0,1.99,6656.0
1991-08-07,minute_maid,18,0.0,1.99,8256.0
1991-08-14,minute_maid,18,0.0,1.99,7936.0
1991-08-21,minute_maid,18,0.0,1.99,22464.0
1991-08-28,minute_maid,18,1.0,1.29,130688.0
1991-09-04,minute_maid,18,0.228682783,2.326737768,70848.0
1991-09-11,minute_maid,18,0.0,1.99,11008.0
1991-09-18,minute_maid,18,1.0,1.99,15232.0
1991-09-25,minute_maid,18,0.0,1.99,8320.0
1991-10-02,minute_maid,18,0.0,1.89,15808.0
1991-10-09,minute_maid,18,0.0,1.79,16640.0
1991-10-16,minute_maid,18,0.0,1.79,12736.0
1991-10-23,minute_maid,18,1.0,1.69,255680.0
1991-10-30,minute_maid,18,0.0,1.99,13824.0
1991-11-06,minute_maid,18,0.0,1.49,36736.0
1991-11-13,minute_maid,18,0.0,1.99,9024.0
1991-11-20,minute_maid,18,0.0,1.99,11904.0
1991-11-27,minute_maid,18,0.0,1.99,13440.0
1991-12-04,minute_maid,18,0.0,1.99,10432.0
1991-12-11,minute_maid,18,0.0,1.99,10496.0
1991-12-18,minute_maid,18,0.0,1.99,7616.0
1991-12-25,minute_maid,18,0.0,1.99,7488.0
1992-01-01,minute_maid,18,1.0,1.99,18176.0
1992-01-08,minute_maid,18,0.0,1.99,15488.0
1992-01-15,minute_maid,18,0.0,1.99,5632.0
1992-01-22,minute_maid,18,1.0,2.49,17728.0
1992-01-29,minute_maid,18,1.0,2.49,14016.0
1992-02-05,minute_maid,18,0.0,2.49,5824.0
1992-02-12,minute_maid,18,0.0,2.39,5248.0
1992-02-19,minute_maid,18,0.0,1.99,8128.0
1992-02-26,minute_maid,18,1.0,1.99,125504.0
1992-03-04,minute_maid,18,0.0,1.99,9280.0
1992-03-11,minute_maid,18,0.0,2.39,9152.0
1992-03-18,minute_maid,18,1.0,1.99,21632.0
1992-03-25,minute_maid,18,0.0,1.99,10624.0
1992-04-01,minute_maid,18,0.0,2.39,7104.0
1992-04-08,minute_maid,18,1.0,1.99,21440.0
1992-04-15,minute_maid,18,0.0,1.99,17984.0
1992-04-22,minute_maid,18,0.0,2.39,8896.0
1992-04-29,minute_maid,18,1.0,1.79,29824.0
1992-05-06,minute_maid,18,0.0,2.39,6208.0
1992-05-13,minute_maid,18,0.0,2.39,11456.0
1992-05-20,minute_maid,18,0.0,2.39,9536.0
1992-05-27,minute_maid,18,1.0,1.79,29568.0
1992-06-03,minute_maid,18,0.0,2.39,7744.0
1992-06-10,minute_maid,18,0.0,2.49,4736.0
1992-06-17,minute_maid,18,0.0,2.49,5184.0
1992-06-24,minute_maid,18,0.0,2.49,5952.0
1992-07-01,minute_maid,18,0.0,2.49,5120.0
1992-07-08,minute_maid,18,1.0,2.01,12224.0
1992-07-15,minute_maid,18,1.0,2.19,6016.0
1992-07-22,minute_maid,18,0.228682783,2.326737768,0.0
1992-07-29,minute_maid,18,1.0,2.29,34368.0
1992-08-05,minute_maid,18,0.0,2.49,6400.0
1992-08-12,minute_maid,18,1.0,2.45,6080.0
1992-08-19,minute_maid,18,1.0,1.99,75904.0
1992-08-26,minute_maid,18,0.228682783,2.326737768,0.0
1992-09-02,minute_maid,18,0.228682783,2.326737768,0.0
1992-09-09,minute_maid,18,0.228682783,2.326737768,0.0
1992-09-16,minute_maid,18,0.228682783,2.326737768,0.0
1992-09-23,minute_maid,18,0.228682783,2.326737768,0.0
1992-09-30,minute_maid,18,0.0,2.49,6912.0
1992-10-07,minute_maid,18,1.0,2.09,73024.0
1990-06-20,minute_maid,21,0.0,2.62,3136.0
1990-06-27,minute_maid,21,1.0,1.99,29824.0
1990-07-04,minute_maid,21,0.228682783,2.326737768,16800.0
1990-07-11,minute_maid,21,0.0,2.62,3776.0
1990-07-18,minute_maid,21,1.0,2.59,20672.0
1990-07-25,minute_maid,21,0.0,2.62,3520.0
1990-08-01,minute_maid,21,0.0,2.62,6848.0
1990-08-08,minute_maid,21,1.0,2.39,13824.0
1990-08-15,minute_maid,21,0.0,2.62,3200.0
1990-08-22,minute_maid,21,1.0,1.99,33856.0
1990-08-29,minute_maid,21,0.0,2.62,3072.0
1990-09-05,minute_maid,21,0.0,2.62,3776.0
1990-09-12,minute_maid,21,0.0,2.62,4224.0
1990-09-19,minute_maid,21,1.0,2.19,13376.0
1990-09-26,minute_maid,21,0.0,2.62,3200.0
1990-10-03,minute_maid,21,0.0,2.62,3456.0
1990-10-10,minute_maid,21,0.0,2.62,7232.0
1990-10-17,minute_maid,21,1.0,1.99,28352.0
1990-10-24,minute_maid,21,0.0,2.4,4288.0
1990-10-31,minute_maid,21,0.0,2.62,2880.0
1990-11-07,minute_maid,21,1.0,1.99,22656.0
1990-11-14,minute_maid,21,0.0,2.62,4032.0
1990-11-21,minute_maid,21,1.0,1.99,30592.0
1990-11-28,minute_maid,21,0.0,1.99,12672.0
1990-12-05,minute_maid,21,0.0,2.62,5440.0
1990-12-12,minute_maid,21,1.0,1.99,16000.0
1990-12-19,minute_maid,21,0.0,1.99,6976.0
1990-12-26,minute_maid,21,0.0,1.99,8896.0
1991-01-02,minute_maid,21,0.0,1.99,6592.0
1991-01-09,minute_maid,21,0.0,1.99,7360.0
1991-01-16,minute_maid,21,0.0,1.98,5120.0
1991-01-23,minute_maid,21,0.0,1.98,4352.0
1991-01-30,minute_maid,21,1.0,1.98,24128.0
1991-02-06,minute_maid,21,0.0,1.98,6784.0
1991-02-13,minute_maid,21,0.0,1.89,8192.0
1991-02-20,minute_maid,21,0.0,1.89,5568.0
1991-02-27,minute_maid,21,0.0,1.89,5184.0
1991-03-06,minute_maid,21,1.0,1.98,9344.0
1991-03-13,minute_maid,21,0.0,1.98,5056.0
1991-03-20,minute_maid,21,0.0,1.98,8640.0
1991-03-27,minute_maid,21,1.0,1.69,64896.0
1991-04-03,minute_maid,21,0.0,1.69,14784.0
1991-04-10,minute_maid,21,1.0,1.98,5952.0
1991-04-17,minute_maid,21,0.0,1.85,5888.0
1991-04-24,minute_maid,21,0.0,1.85,6080.0
1991-05-01,minute_maid,21,0.0,1.85,6464.0
1991-05-08,minute_maid,21,0.0,1.85,15296.0
1991-05-15,minute_maid,21,1.0,1.39,89152.0
1991-05-22,minute_maid,21,0.0,1.85,5632.0
1991-05-29,minute_maid,21,0.0,1.85,10560.0
1991-06-05,minute_maid,21,0.0,1.85,4928.0
1991-06-12,minute_maid,21,0.0,1.85,3584.0
1991-06-19,minute_maid,21,1.0,1.38,13824.0
1991-06-26,minute_maid,21,0.0,1.85,9536.0
1991-07-03,minute_maid,21,1.0,1.69,30656.0
1991-07-10,minute_maid,21,0.0,1.69,14464.0
1991-07-17,minute_maid,21,0.0,1.85,17216.0
1991-07-24,minute_maid,21,0.0,1.85,9280.0
1991-07-31,minute_maid,21,0.0,1.85,6336.0
1991-08-07,minute_maid,21,0.0,1.85,4864.0
1991-08-14,minute_maid,21,0.0,1.85,5888.0
1991-08-21,minute_maid,21,0.0,1.85,13056.0
1991-08-28,minute_maid,21,1.0,1.29,83456.0
1991-09-04,minute_maid,21,0.0,1.85,4928.0
1991-09-11,minute_maid,21,0.0,1.85,6080.0
1991-09-18,minute_maid,21,1.0,1.85,13248.0
1991-09-25,minute_maid,21,0.0,1.85,5312.0
1991-10-02,minute_maid,21,0.0,1.82,5696.0
1991-10-09,minute_maid,21,0.0,1.79,7744.0
1991-10-16,minute_maid,21,0.0,1.78,7104.0
1991-10-23,minute_maid,21,1.0,1.69,171520.0
1991-10-30,minute_maid,21,0.0,1.85,6912.0
1991-11-06,minute_maid,21,0.0,1.49,19968.0
1991-11-13,minute_maid,21,0.0,1.85,6272.0
1991-11-20,minute_maid,21,0.0,1.85,6720.0
1991-11-27,minute_maid,21,0.0,1.85,7296.0
1991-12-04,minute_maid,21,0.0,1.85,7296.0
1991-12-11,minute_maid,21,0.0,1.85,6656.0
1991-12-18,minute_maid,21,0.0,1.85,6080.0
1991-12-25,minute_maid,21,0.0,1.85,4608.0
1992-01-01,minute_maid,21,1.0,1.85,7744.0
1992-01-08,minute_maid,21,0.0,1.85,6400.0
1992-01-15,minute_maid,21,0.0,2.02,5568.0
1992-01-22,minute_maid,21,1.0,2.49,8256.0
1992-01-29,minute_maid,21,1.0,2.49,6976.0
1992-02-05,minute_maid,21,0.0,2.39,3392.0
1992-02-12,minute_maid,21,0.0,2.13,3392.0
1992-02-19,minute_maid,21,0.0,1.99,4800.0
1992-02-26,minute_maid,21,1.0,1.99,87296.0
1992-03-04,minute_maid,21,0.0,2.04,5312.0
1992-03-11,minute_maid,21,0.0,2.12,5248.0
1992-03-18,minute_maid,21,1.0,1.99,15296.0
1992-03-25,minute_maid,21,0.0,2.01,6144.0
1992-04-01,minute_maid,21,0.0,1.3,14144.0
1992-04-08,minute_maid,21,1.0,1.65,14848.0
1992-04-15,minute_maid,21,0.0,2.04,6656.0
1992-04-22,minute_maid,21,0.0,2.25,4864.0
1992-04-29,minute_maid,21,1.0,1.68,27328.0
1992-05-06,minute_maid,21,0.0,2.25,3328.0
1992-05-13,minute_maid,21,0.0,2.25,3392.0
1992-05-20,minute_maid,21,0.0,2.25,3136.0
1992-05-27,minute_maid,21,1.0,1.68,37632.0
1992-06-03,minute_maid,21,0.0,2.32,2880.0
1992-06-10,minute_maid,21,0.0,2.49,2880.0
1992-06-17,minute_maid,21,0.0,2.49,3072.0
1992-06-24,minute_maid,21,0.0,2.49,2496.0
1992-07-01,minute_maid,21,0.0,2.38,2816.0
1992-07-08,minute_maid,21,1.0,2.15,12480.0
1992-07-15,minute_maid,21,1.0,2.23,2944.0
1992-07-22,minute_maid,21,0.0,2.49,4032.0
1992-07-29,minute_maid,21,1.0,2.29,30656.0
1992-08-05,minute_maid,21,0.0,2.48,2624.0
1992-08-12,minute_maid,21,1.0,2.45,1984.0
1992-08-19,minute_maid,21,1.0,1.99,34304.0
1992-08-26,minute_maid,21,1.0,1.94,23552.0
1992-09-02,minute_maid,21,0.0,1.69,21696.0
1992-09-09,minute_maid,21,0.0,1.73,11136.0
1992-09-16,minute_maid,21,1.0,1.99,13248.0
1992-09-23,minute_maid,21,0.0,2.49,3200.0
1992-09-30,minute_maid,21,0.0,2.42,3840.0
1992-10-07,minute_maid,21,1.0,2.19,32896.0
1990-06-20,minute_maid,28,0.0,2.99,4160.0
1990-06-27,minute_maid,28,1.0,1.99,20736.0
1990-07-04,minute_maid,28,0.0,2.99,3328.0
1990-07-11,minute_maid,28,0.0,2.99,3776.0
1990-07-18,minute_maid,28,1.0,2.59,17472.0
1990-07-25,minute_maid,28,0.0,2.99,3008.0
1990-08-01,minute_maid,28,0.0,2.99,7424.0
1990-08-08,minute_maid,28,1.0,2.39,12096.0
1990-08-15,minute_maid,28,0.0,2.99,2560.0
1990-08-22,minute_maid,28,1.0,1.99,24192.0
1990-08-29,minute_maid,28,0.0,2.99,2176.0
1990-09-05,minute_maid,28,0.0,2.99,3648.0
1990-09-12,minute_maid,28,0.0,2.99,3200.0
1990-09-19,minute_maid,28,1.0,2.19,14400.0
1990-09-26,minute_maid,28,0.0,2.99,2368.0
1990-10-03,minute_maid,28,0.0,2.99,3904.0
1990-10-10,minute_maid,28,0.0,2.99,5696.0
1990-10-17,minute_maid,28,1.0,1.99,19392.0
1990-10-24,minute_maid,28,0.0,2.67,3584.0
1990-10-31,minute_maid,28,0.0,2.99,2816.0
1990-11-07,minute_maid,28,1.0,1.99,24000.0
1990-11-14,minute_maid,28,0.0,2.99,3136.0
1990-11-21,minute_maid,28,1.0,1.99,20544.0
1990-11-28,minute_maid,28,0.0,1.99,8384.0
1990-12-05,minute_maid,28,0.0,2.99,7872.0
1990-12-12,minute_maid,28,1.0,1.99,18240.0
1990-12-19,minute_maid,28,0.0,1.99,8256.0
1990-12-26,minute_maid,28,0.0,1.99,10752.0
1991-01-02,minute_maid,28,0.0,1.99,6400.0
1991-01-09,minute_maid,28,0.0,1.99,7104.0
1991-01-16,minute_maid,28,0.0,2.46,3968.0
1991-01-23,minute_maid,28,0.0,2.46,4096.0
1991-01-30,minute_maid,28,1.0,1.99,19968.0
1991-02-06,minute_maid,28,0.0,2.46,3392.0
1991-02-13,minute_maid,28,0.0,2.41,4096.0
1991-02-20,minute_maid,28,0.0,2.41,3200.0
1991-02-27,minute_maid,28,0.0,2.41,4992.0
1991-03-06,minute_maid,28,1.0,1.99,12800.0
1991-03-13,minute_maid,28,0.0,2.46,2752.0
1991-03-20,minute_maid,28,0.0,2.46,7680.0
1991-03-27,minute_maid,28,1.0,1.69,40192.0
1991-04-03,minute_maid,28,0.0,1.69,13440.0
1991-04-10,minute_maid,28,1.0,2.46,3712.0
1991-04-17,minute_maid,28,0.0,2.09,3648.0
1991-04-24,minute_maid,28,0.0,2.09,4224.0
1991-05-01,minute_maid,28,0.0,2.09,4672.0
1991-05-08,minute_maid,28,0.0,2.09,15296.0
1991-05-15,minute_maid,28,1.0,1.39,51968.0
1991-05-22,minute_maid,28,0.0,2.26,3328.0
1991-05-29,minute_maid,28,0.0,2.26,3264.0
1991-06-05,minute_maid,28,0.0,2.26,3008.0
1991-06-12,minute_maid,28,0.0,2.26,2112.0
1991-06-19,minute_maid,28,1.0,1.69,10624.0
1991-06-26,minute_maid,28,0.0,2.26,6720.0
1991-07-03,minute_maid,28,1.0,1.69,27456.0
1991-07-10,minute_maid,28,0.0,1.69,6592.0
1991-07-17,minute_maid,28,0.0,2.26,2048.0
1991-07-24,minute_maid,28,0.0,2.26,6464.0
1991-07-31,minute_maid,28,0.0,2.26,2112.0
1991-08-07,minute_maid,28,0.0,2.26,2304.0
1991-08-14,minute_maid,28,0.0,2.26,2496.0
1991-08-21,minute_maid,28,0.0,2.26,3712.0
1991-08-28,minute_maid,28,1.0,1.29,43136.0
1991-09-04,minute_maid,28,0.0,2.26,2496.0
1991-09-11,minute_maid,28,0.0,2.26,3968.0
1991-09-18,minute_maid,28,1.0,1.99,10304.0
1991-09-25,minute_maid,28,0.0,1.99,3136.0
1991-10-02,minute_maid,28,0.0,1.89,4800.0
1991-10-09,minute_maid,28,0.228682783,2.326737768,35797.33333
1991-10-16,minute_maid,28,0.228682783,2.326737768,66794.66667
1991-10-23,minute_maid,28,1.0,1.69,97792.0
1991-10-30,minute_maid,28,0.0,2.26,3328.0
1991-11-06,minute_maid,28,0.0,1.49,3392.0
1991-11-13,minute_maid,28,0.0,2.26,3200.0
1991-11-20,minute_maid,28,0.0,2.26,4672.0
1991-11-27,minute_maid,28,0.0,1.99,4224.0
1991-12-04,minute_maid,28,0.0,1.99,3456.0
1991-12-11,minute_maid,28,0.0,1.99,4224.0
1991-12-18,minute_maid,28,0.0,2.26,3008.0
1991-12-25,minute_maid,28,0.0,2.26,3648.0
1992-01-01,minute_maid,28,1.0,1.99,6976.0
1992-01-08,minute_maid,28,0.0,1.99,7040.0
1992-01-15,minute_maid,28,0.0,1.99,3776.0
1992-01-22,minute_maid,28,1.0,2.49,5952.0
1992-01-29,minute_maid,28,1.0,2.49,5120.0
1992-02-05,minute_maid,28,0.0,2.49,2752.0
1992-02-12,minute_maid,28,0.0,2.66,6080.0
1992-02-19,minute_maid,28,0.0,1.99,4032.0
1992-02-26,minute_maid,28,1.0,1.99,56256.0
1992-03-04,minute_maid,28,0.0,1.99,5184.0
1992-03-11,minute_maid,28,0.0,2.66,4032.0
1992-03-18,minute_maid,28,1.0,1.99,9216.0
1992-03-25,minute_maid,28,0.0,1.99,7296.0
1992-04-01,minute_maid,28,0.0,2.66,3008.0
1992-04-08,minute_maid,28,1.0,1.99,7232.0
1992-04-15,minute_maid,28,0.0,1.99,6144.0
1992-04-22,minute_maid,28,0.0,2.66,4352.0
1992-04-29,minute_maid,28,1.0,1.99,15232.0
1992-05-06,minute_maid,28,0.0,2.66,2304.0
1992-05-13,minute_maid,28,0.228682783,2.326737768,0.0
1992-05-20,minute_maid,28,0.0,2.66,7040.0
1992-05-27,minute_maid,28,1.0,1.99,12800.0
1992-06-03,minute_maid,28,0.228682783,2.326737768,0.0
1992-06-10,minute_maid,28,0.0,2.69,2048.0
1992-06-17,minute_maid,28,0.0,2.69,3136.0
1992-06-24,minute_maid,28,0.0,2.69,2816.0
1992-07-01,minute_maid,28,0.0,2.69,2624.0
1992-07-08,minute_maid,28,1.0,2.04,7424.0
1992-07-15,minute_maid,28,1.0,2.19,4160.0
1992-07-22,minute_maid,28,0.0,2.69,4160.0
1992-07-29,minute_maid,28,1.0,2.29,10944.0
1992-08-05,minute_maid,28,0.0,2.69,3456.0
1992-08-12,minute_maid,28,1.0,2.65,2112.0
1992-08-19,minute_maid,28,1.0,1.99,27136.0
1992-08-26,minute_maid,28,1.0,1.99,17344.0
1992-09-02,minute_maid,28,0.0,1.69,5184.0
1992-09-09,minute_maid,28,0.0,1.69,4480.0
1992-09-16,minute_maid,28,1.0,1.99,13760.0
1992-09-23,minute_maid,28,0.0,2.69,5184.0
1992-09-30,minute_maid,28,0.0,2.49,4032.0
1992-10-07,minute_maid,28,1.0,2.19,25344.0
