data/dominicks_oj_data/dominicks_oj_small.csv
date,brand,store,on_promotion,price,quantity
1990-06-20,minute_maid,32,0.0,3.17,3264.0
1990-06-27,minute_maid,32,1.0,1.99,61632.0
1990-07-04,minute_maid,32,0.0,3.17,3200.0
1990-07-11,minute_maid,32,0.0,3.17,5504.0
1990-07-18,minute_maid,32,1.0,2.59,52544.0
1990-07-25,minute_maid,32,0.0,3.17,3136.0
1990-08-01,minute_maid,32,0.0,3.17,10432.0
1990-08-08,minute_maid,32,1.0,2.39,37120.0
1990-08-15,minute_maid,32,0.0,3.17,4416.0
1990-08-22,minute_maid,32,1.0,1.99,60800.0
1990-08-29,minute_maid,32,0.0,3.17,3776.0
1990-09-05,minute_maid,32,0.0,3.17,5120.0
1990-09-12,minute_maid,32,0.0,3.17,5376.0
1990-09-19,minute_maid,32,1.0,2.19,43968.0
1990-09-26,minute_maid,32,0.0,3.17,3712.0
1990-10-03,minute_maid,32,0.0,3.17,5248.0
1990-10-10,minute_maid,32,0.0,3.17,12928.0
1990-10-17,minute_maid,32,1.0,1.99,56576.0
1990-10-24,minute_maid,32,0.0,2.91,5568.0
1990-10-31,minute_maid,32,0.0,3.17,4672.0
1990-11-07,minute_maid,32,1.0,1.99,43072.0
1990-11-14,minute_maid,32,0.0,3.17,4288.0
1990-11-21,minute_maid,32,1.0,1.99,56896.0
1990-11-28,minute_maid,32,0.0,1.99,18688.0
1990-12-05,minute_maid,32,0.0,3.17,11776.0
1990-12-12,minute_maid,32,1.0,1.99,56320.0
1990-12-19,minute_maid,32,0.0,1.99,20608.0
1990-12-26,minute_maid,32,0.0,1.99,22528.0
1991-01-02,minute_maid,32,0.0,1.99,15424.0
1991-01-09,minute_maid,32,0.0,1.99,14464.0
1991-01-16,minute_maid,32,0.0,2.59,7744.0
1991-01-23,minute_maid,32,0.0,2.59,8256.0
1991-01-30,minute_maid,32,1.0,1.99,58048.0
1991-02-06,minute_maid,32,0.0,2.59,9984.0
1991-02-13,minute_maid,32,0.0,2.49,9216.0
1991-02-20,minute_maid,32,0.0,2.49,6208.0
1991-02-27,minute_maid,32,0.0,2.49,13312.0
1991-03-06,minute_maid,32,1.0,1.99,30912.0
1991-03-13,minute_maid,32,0.0,2.59,7744.0
1991-03-20,minute_maid,32,0.0,2.59,23488.0
1991-03-27,minute_maid,32,1.0,1.69,114368.0
1991-04-03,minute_maid,32,0.0,1.69,24320.0
1991-04-10,minute_maid,32,1.0,2.59,9856.0
1991-04-17,minute_maid,32,0.0,2.09,13632.0
1991-04-24,minute_maid,32,0.0,2.09,15616.0
1991-05-01,minute_maid,32,0.0,2.09,11456.0
1991-05-08,minute_maid,32,0.0,2.09,28992.0
1991-05-15,minute_maid,32,1.0,1.39,166784.0
1991-05-22,minute_maid,32,0.0,2.39,8256.0
1991-05-29,minute_maid,32,0.0,2.39,8000.0
1991-06-05,minute_maid,32,0.0,2.39,10240.0
1991-06-12,minute_maid,32,0.0,2.39,6336.0
1991-06-19,minute_maid,32,1.0,1.79,27392.0
1991-06-26,minute_maid,32,0.0,2.39,23424.0
1991-07-03,minute_maid,32,1.0,1.69,91776.0
1991-07-10,minute_maid,32,0.0,1.69,21888.0
1991-07-17,minute_maid,32,0.0,2.39,4992.0
1991-07-24,minute_maid,32,0.0,2.39,6080.0
1991-07-31,minute_maid,32,0.0,2.39,4800.0
1991-08-07,minute_maid,32,0.0,2.39,4224.0
1991-08-14,minute_maid,32,0.0,2.39,6592.0
1991-08-21,minute_maid,32,0.0,2.39,14976.0
1991-08-28,minute_maid,32,1.0,1.29,121984.0
1991-09-04,minute_maid,32,0.0,2.39,5056.0
1991-09-11,minute_maid,32,0.0,2.39,7488.0
1991-09-18,minute_maid,32,1.0,1.99,44544.0
1991-09-25,minute_maid,32,0.0,1.99,10432.0
1991-10-02,minute_maid,32,0.0,1.89,19328.0
1991-10-09,minute_maid,32,0.0,1.79,15424.0
1991-10-16,minute_maid,32,0.0,1.79,10368.0
1991-10-23,minute_maid,32,1.0,1.69,194624.0
1991-10-30,minute_maid,32,0.0,2.39,9472.0
1991-11-06,minute_maid,32,0.0,1.49,30976.0
1991-11-13,minute_maid,32,0.0,2.39,5312.0
1991-11-20,minute_maid,32,0.0,2.39,10688.0
1991-11-27,minute_maid,32,0.0,1.99,15488.0
1991-12-04,minute_maid,32,0.0,1.99,13184.0
1991-12-11,minute_maid,32,0.0,1.99,10176.0
1991-12-18,minute_maid,32,0.0,2.39,6656.0
1991-12-25,minute_maid,32,0.0,2.39,7168.0
1992-01-01,minute_maid,32,1.0,1.99,24576.0
1992-01-08,minute_maid,32,0.0,1.99,20416.0
1992-01-15,minute_maid,32,0.0,1.99,8064.0
1992-01-22,minute_maid,32,1.0,2.49,39296.0
1992-01-29,minute_maid,32,1.0,2.49,23168.0
1992-02-05,minute_maid,32,0.0,2.49,7872.0
1992-02-12,minute_maid,32,0.0,2.79,5376.0
1992-02-19,minute_maid,32,0.0,1.99,10176.0
1992-02-26,minute_maid,32,1.0,1.99,138368.0
1992-03-04,minute_maid,32,0.0,1.99,9728.0
1992-03-11,minute_maid,32,0.0,2.79,8896.0
1992-03-18,minute_maid,32,1.0,1.99,20672.0
1992-03-25,minute_maid,32,0.0,1.99,10816.0
1992-04-01,minute_maid,32,0.0,2.79,8512.0
1992-04-08,minute_maid,32,1.0,1.99,29696.0
1992-04-15,minute_maid,32,0.0,1.99,14464.0
1992-04-22,minute_maid,32,0.0,2.79,6720.0
1992-04-29,minute_maid,32,1.0,2.09,42112.0
1992-05-06,minute_maid,32,0.0,2.79,6272.0
1992-05-13,minute_maid,32,0.0,2.79,7808.0
1992-05-20,minute_maid,32,0.0,2.79,8192.0
1992-05-27,minute_maid,32,1.0,2.09,43328.0
1992-06-03,minute_maid,32,0.0,2.79,5824.0
1992-06-10,minute_maid,32,0.0,2.89,3968.0
1992-06-17,minute_maid,32,0.0,2.89,5440.0
1992-06-24,minute_maid,32,0.228682783,2.326737768,0.0
1992-07-01,minute_maid,32,0.0,2.89,4736.0
1992-07-08,minute_maid,32,1.0,2.0,28416.0
1992-07-15,minute_maid,32,1.0,2.19,8832.0
1992-07-22,minute_maid,32,0.0,2.89,10176.0
1992-07-29,minute_maid,32,1.0,2.29,58432.0
1992-08-05,minute_maid,32,0.0,2.89,6592.0
1992-08-12,minute_maid,32,1.0,2.81,5568.0
1992-08-19,minute_maid,32,1.0,1.99,82624.0
1992-08-26,minute_maid,32,1.0,1.99,42752.0
1992-09-02,minute_maid,32,0.0,1.69,25984.0
1992-09-09,minute_maid,32,0.0,1.69,23488.0
1992-09-16,minute_maid,32,1.0,1.99,42304.0
1992-09-23,minute_maid,32,0.0,2.89,7872.0
1992-09-30,minute_maid,32,0.0,2.69,6464.0
1992-10-07,minute_maid,32,1.0,2.19,67456.0
1990-06-20,minute_maid,33,0.0,3.17,3776.0
1990-06-27,minute_maid,33,1.0,1.99,31168.0
1990-07-04,minute_maid,33,0.0,3.17,4608.0
1990-07-11,minute_maid,33,0.0,3.17,4352.0
1990-07-18,minute_maid,33,1.0,2.59,23488.0
1990-07-25,minute_maid,33,0.0,3.17,3584.0
1990-08-01,minute_maid,33,0.0,3.17,7104.0
1990-08-08,minute_maid,33,1.0,2.39,18048.0
1990-08-15,minute_maid,33,0.0,3.17,2944.0
1990-08-22,minute_maid,33,1.0,1.99,26112.0
1990-08-29,minute_maid,33,0.0,3.17,3520.0
1990-09-05,minute_maid,33,0.0,3.17,3776.0
1990-09-12,minute_maid,33,0.0,3.17,3392.0
1990-09-19,minute_maid,33,1.0,2.19,23296.0
1990-09-26,minute_maid,33,0.0,3.17,5312.0
1990-10-03,minute_maid,33,0.0,3.17,4736.0
1990-10-10,minute_maid,33,0.0,3.17,9088.0
1990-10-17,minute_maid,33,1.0,1.99,29120.0
1990-10-24,minute_maid,33,0.0,2.91,6080.0
1990-10-31,minute_maid,33,0.0,3.17,3136.0
1990-11-07,minute_maid,33,1.0,1.99,25152.0
1990-11-14,minute_maid,33,0.0,3.17,3328.0
1990-11-21,minute_maid,33,1.0,1.99,21056.0
1990-11-28,minute_maid,33,0.0,1.99,3072.0
1990-12-05,minute_maid,33,0.0,3.17,10432.0
1990-12-12,minute_maid,33,1.0,1.99,28672.0
1990-12-19,minute_maid,33,0.0,1.99,10048.0
1990-12-26,minute_maid,33,0.228682783,2.326737768,10400.0
1991-01-02,minute_maid,33,0.0,1.99,10752.0
1991-01-09,minute_maid,33,0.0,1.99,9664.0
1991-01-16,minute_maid,33,0.0,2.59,6208.0
1991-01-23,minute_maid,33,0.0,2.59,7232.0
1991-01-30,minute_maid,33,1.0,1.99,31232.0
1991-02-06,minute_maid,33,0.0,2.59,5888.0
1991-02-13,minute_maid,33,0.0,2.49,8128.0
1991-02-20,minute_maid,33,0.0,2.49,8640.0
1991-02-27,minute_maid,33,0.0,2.49,9088.0
1991-03-06,minute_maid,33,1.0,1.99,24832.0
1991-03-13,minute_maid,33,0.0,2.59,4736.0
1991-03-20,minute_maid,33,0.0,2.59,3712.0
1991-03-27,minute_maid,33,1.0,1.69,47808.0
1991-04-03,minute_maid,33,0.0,1.69,12992.0
1991-04-10,minute_maid,33,1.0,2.59,4800.0
1991-04-17,minute_maid,33,0.0,2.09,7616.0
1991-04-24,minute_maid,33,0.0,2.09,12992.0
1991-05-01,minute_maid,33,0.0,2.09,9984.0
1991-05-08,minute_maid,33,0.0,2.09,17088.0
1991-05-15,minute_maid,33,1.0,1.39,93568.0
1991-05-22,minute_maid,33,0.0,2.39,7424.0
1991-05-29,minute_maid,33,0.0,2.39,8320.0
1991-06-05,minute_maid,33,0.0,2.39,9472.0
1991-06-12,minute_maid,33,0.0,2.39,5120.0
1991-06-19,minute_maid,33,1.0,1.79,20096.0
1991-06-26,minute_maid,33,0.0,2.39,19008.0
1991-07-03,minute_maid,33,1.0,1.69,51072.0
1991-07-10,minute_maid,33,0.0,1.69,19584.0
1991-07-17,minute_maid,33,0.0,2.39,5248.0
1991-07-24,minute_maid,33,0.0,2.39,7168.0
1991-07-31,minute_maid,33,0.0,2.39,4416.0
1991-08-07,minute_maid,33,0.0,2.39,4864.0
1991-08-14,minute_maid,33,0.0,2.39,6080.0
1991-08-21,minute_maid,33,0.0,2.39,8576.0
1991-08-28,minute_maid,33,1.0,1.29,55488.0
1991-09-04,minute_maid,33,0.228682783,2.326737768,30784.0
1991-09-11,minute_maid,33,0.0,2.39,6080.0
1991-09-18,minute_maid,33,1.0,1.99,22848.0
1991-09-25,minute_maid,33,0.0,1.94,11136.0
1991-10-02,minute_maid,33,0.0,1.86,9024.0
1991-10-09,minute_maid,33,0.0,1.79,12800.0
1991-10-16,minute_maid,33,0.228682783,2.326737768,56384.0
1991-10-23,minute_maid,33,1.0,1.69,99968.0
1991-10-30,minute_maid,33,0.0,2.39,5632.0
1991-11-06,minute_maid,33,0.0,1.49,22464.0
1991-11-13,minute_maid,33,0.0,2.31,5824.0
1991-11-20,minute_maid,33,0.0,2.15,9344.0
1991-11-27,minute_maid,33,0.0,1.99,12736.0
1991-12-04,minute_maid,33,0.0,1.99,10816.0
1991-12-11,minute_maid,33,0.0,2.04,8576.0
1991-12-18,minute_maid,33,0.0,2.39,4608.0
1991-12-25,minute_maid,33,0.228682783,2.326737768,13504.0
1992-01-01,minute_maid,33,1.0,1.99,22400.0
1992-01-08,minute_maid,33,0.0,1.99,14592.0
1992-01-15,minute_maid,33,0.0,2.08,9088.0
1992-01-22,minute_maid,33,1.0,2.49,7744.0
1992-01-29,minute_maid,33,1.0,2.49,8448.0
1992-02-05,minute_maid,33,0.0,2.57,5632.0
1992-02-12,minute_maid,33,0.0,2.27,7488.0
1992-02-19,minute_maid,33,0.0,1.99,10368.0
1992-02-26,minute_maid,33,1.0,1.99,84544.0
1992-03-04,minute_maid,33,0.0,2.16,8192.0
1992-03-11,minute_maid,33,0.0,2.32,6464.0
1992-03-18,minute_maid,33,1.0,1.99,21888.0
1992-03-25,minute_maid,33,0.0,2.16,9920.0
1992-04-01,minute_maid,33,0.0,2.24,8960.0
1992-04-08,minute_maid,33,1.0,1.99,26112.0
1992-04-15,minute_maid,33,0.0,2.12,14272.0
1992-04-22,minute_maid,33,0.0,2.78,5312.0
1992-04-29,minute_maid,33,1.0,2.09,29440.0
1992-05-06,minute_maid,33,0.0,2.79,4736.0
1992-05-13,minute_maid,33,0.0,2.79,6080.0
1992-05-20,minute_maid,33,0.0,2.79,4928.0
1992-05-27,minute_maid,33,1.0,2.09,19328.0
